03-13 09:48:42.675  9979 10353 V MSF.C.MSFCore[@PS]: [Event] MSFPacketStatistics.cpp(300)::DoCheckRequestTimeout->current rtts:32.284
03-13 09:48:43.032 13508 13775 V MSF.C.MSFCore[@PS]: [Event] MSFPacketStatistics.cpp(300)::DoCheckRequestTimeout->current rtts:20.178
03-13 09:48:43.041  9979 10372 V MSF.C.MSFCore[@DD]: [Event] MSFDDNetworkEngine.cpp(179)::onTcpInfoUpdate->onTcpInfoUpdate:
03-13 09:48:43.041  9979 10372 V MSF.C.MSFCore[@DD]:                      tcpi_state = 1;
03-13 09:48:43.041  9979 10372 V MSF.C.MSFCore[@DD]:                      tcpi_ca_state = 0;
03-13 09:48:43.041  9979 10372 V MSF.C.MSFCore[@DD]:                      tcpi_rto = 240 ms;
03-13 09:48:43.041  9979 10372 V MSF.C.MSFCore[@DD]:                      tcpi_unacked = 0;
03-13 09:48:43.041  9979 10372 V MSF.C.MSFCore[@DD]:                      tcpi_rttcur = 33 ms;
03-13 09:48:43.041  9979 10372 V MSF.C.MSFCore[@DD]:                      tcpi_rttvar = 3 ms;
03-13 09:48:43.041  9979 10372 V MSF.C.MSFCore[@DD]:                      tcpi_bytes_retrans = 0 bytes;
03-13 09:48:43.041  9979 10372 V MSF.C.MSFCore[@DD]:                      tcpi_notsent_bytes = 0 bytes;
03-13 09:48:43.041  9979 10372 V MSF.C.MSFCore[@DD]:                      tcpi_bytes_received = 31207 bytes;
03-13 09:48:43.041  9979 10372 V MSF.C.MSFCore[@DD]:                      tcpi_bytes_sent = 0 bytes 
03-13 09:48:43.041  9979 10372 V MSF.C.MSFCore[@DD]:                      tcpi_last_data_sent = 4220 ms 
03-13 09:48:43.041  9979 10372 V MSF.C.MSFCore[@DD]:                      tcpi_last_data_recv = 4190 ms 
03-13 09:48:43.540 13508 13779 V MSF.C.MSFCore[@DD]: [Event] MSFDDNetworkEngine.cpp(179)::onTcpInfoUpdate->onTcpInfoUpdate:
03-13 09:48:43.540 13508 13779 V MSF.C.MSFCore[@DD]:                      tcpi_state = 1;
03-13 09:48:43.540 13508 13779 V MSF.C.MSFCore[@DD]:                      tcpi_ca_state = 0;
03-13 09:48:43.540 13508 13779 V MSF.C.MSFCore[@DD]:                      tcpi_rto = 240 ms;
03-13 09:48:43.540 13508 13779 V MSF.C.MSFCore[@DD]:                      tcpi_unacked = 0;
03-13 09:48:43.540 13508 13779 V MSF.C.MSFCore[@DD]:                      tcpi_rttcur = 30 ms;
03-13 09:48:43.540 13508 13779 V MSF.C.MSFCore[@DD]:                      tcpi_rttvar = 2 ms;
03-13 09:48:43.540 13508 13779 V MSF.C.MSFCore[@DD]:                      tcpi_bytes_retrans = 0 bytes;
03-13 09:48:43.540 13508 13779 V MSF.C.MSFCore[@DD]:                      tcpi_notsent_bytes = 0 bytes;
03-13 09:48:43.540 13508 13779 V MSF.C.MSFCore[@DD]:                      tcpi_bytes_received = 18994 bytes;
03-13 09:48:43.540 13508 13779 V MSF.C.MSFCore[@DD]:                      tcpi_bytes_sent = 0 bytes 
03-13 09:48:43.540 13508 13779 V MSF.C.MSFCore[@DD]:                      tcpi_last_data_sent = 173470 ms 
03-13 09:48:43.540 13508 13779 V MSF.C.MSFCore[@DD]:                      tcpi_last_data_recv = 173440 ms 
03-13 09:48:43.679  9979 10353 V MSF.C.MSFCore[@PS]: [Event] MSFPacketStatistics.cpp(300)::DoCheckRequestTimeout->current rtts:32.284
03-13 09:48:44.039 13508 13775 V MSF.C.MSFCore[@PS]: [Event] MSFPacketStatistics.cpp(300)::DoCheckRequestTimeout->current rtts:20.178
03-13 09:48:44.681  9979 10353 V MSF.C.MSFCore[@PS]: [Event] MSFPacketStatistics.cpp(300)::DoCheckRequestTimeout->current rtts:32.284
03-13 09:48:45.050 13508 13775 V MSF.C.MSFCore[@PS]: [Event] MSFPacketStatistics.cpp(300)::DoCheckRequestTimeout->current rtts:20.178
03-13 09:48:45.687  9979 10353 V MSF.C.MSFCore[@PS]: [Event] MSFPacketStatistics.cpp(300)::DoCheckRequestTimeout->current rtts:32.284
03-13 09:48:46.051  9979 10372 V MSF.C.MSFCore[@DD]: [Event] MSFDDNetworkEngine.cpp(179)::onTcpInfoUpdate->onTcpInfoUpdate:
03-13 09:48:46.051  9979 10372 V MSF.C.MSFCore[@DD]:                      tcpi_state = 1;
03-13 09:48:46.051  9979 10372 V MSF.C.MSFCore[@DD]:                      tcpi_ca_state = 0;
03-13 09:48:46.051  9979 10372 V MSF.C.MSFCore[@DD]:                      tcpi_rto = 240 ms;
03-13 09:48:46.051  9979 10372 V MSF.C.MSFCore[@DD]:                      tcpi_unacked = 0;
03-13 09:48:46.051  9979 10372 V MSF.C.MSFCore[@DD]:                      tcpi_rttcur = 33 ms;
03-13 09:48:46.051  9979 10372 V MSF.C.MSFCore[@DD]:                      tcpi_rttvar = 3 ms;
03-13 09:48:46.051  9979 10372 V MSF.C.MSFCore[@DD]:                      tcpi_bytes_retrans = 0 bytes;
03-13 09:48:46.051  9979 10372 V MSF.C.MSFCore[@DD]:                      tcpi_notsent_bytes = 0 bytes;
03-13 09:48:46.051  9979 10372 V MSF.C.MSFCore[@DD]:                      tcpi_bytes_received = 31207 bytes;
03-13 09:48:46.051  9979 10372 V MSF.C.MSFCore[@DD]:                      tcpi_bytes_sent = 0 bytes 
03-13 09:48:46.051  9979 10372 V MSF.C.MSFCore[@DD]:                      tcpi_last_data_sent = 7230 ms 
03-13 09:48:46.051  9979 10372 V MSF.C.MSFCore[@DD]:                      tcpi_last_data_recv = 7200 ms 
03-13 09:48:46.059 13508 13775 V MSF.C.MSFCore[@PS]: [Event] MSFPacketStatistics.cpp(300)::DoCheckRequestTimeout->current rtts:20.178
03-13 09:48:46.550 13508 13779 V MSF.C.MSFCore[@DD]: [Event] MSFDDNetworkEngine.cpp(179)::onTcpInfoUpdate->onTcpInfoUpdate:
03-13 09:48:46.550 13508 13779 V MSF.C.MSFCore[@DD]:                      tcpi_state = 1;
03-13 09:48:46.550 13508 13779 V MSF.C.MSFCore[@DD]:                      tcpi_ca_state = 0;
03-13 09:48:46.550 13508 13779 V MSF.C.MSFCore[@DD]:                      tcpi_rto = 240 ms;
03-13 09:48:46.550 13508 13779 V MSF.C.MSFCore[@DD]:                      tcpi_unacked = 0;
03-13 09:48:46.550 13508 13779 V MSF.C.MSFCore[@DD]:                      tcpi_rttcur = 30 ms;
03-13 09:48:46.550 13508 13779 V MSF.C.MSFCore[@DD]:                      tcpi_rttvar = 2 ms;
03-13 09:48:46.550 13508 13779 V MSF.C.MSFCore[@DD]:                      tcpi_bytes_retrans = 0 bytes;
03-13 09:48:46.550 13508 13779 V MSF.C.MSFCore[@DD]:                      tcpi_notsent_bytes = 0 bytes;
03-13 09:48:46.550 13508 13779 V MSF.C.MSFCore[@DD]:                      tcpi_bytes_received = 18994 bytes;
03-13 09:48:46.550 13508 13779 V MSF.C.MSFCore[@DD]:                      tcpi_bytes_sent = 0 bytes 
03-13 09:48:46.550 13508 13779 V MSF.C.MSFCore[@DD]:                      tcpi_last_data_sent = 176480 ms 
03-13 09:48:46.550 13508 13779 V MSF.C.MSFCore[@DD]:                      tcpi_last_data_recv = 176450 ms 
03-13 09:48:46.692  9979 10353 V MSF.C.MSFCore[@PS]: [Event] MSFPacketStatistics.cpp(300)::DoCheckRequestTimeout->current rtts:32.284
03-13 09:48:47.070 13508 13775 V MSF.C.MSFCore[@PS]: [Event] MSFPacketStatistics.cpp(300)::DoCheckRequestTimeout->current rtts:20.178
03-13 09:48:47.700  9979 10353 V MSF.C.MSFCore[@PS]: [Event] MSFPacketStatistics.cpp(300)::DoCheckRequestTimeout->current rtts:32.284
03-13 09:48:48.074 13508 13775 V MSF.C.MSFCore[@PS]: [Event] MSFPacketStatistics.cpp(300)::DoCheckRequestTimeout->current rtts:20.178
03-13 09:48:48.701  9979 10353 V MSF.C.MSFCore[@PS]: [Event] MSFPacketStatistics.cpp(300)::DoCheckRequestTimeout->current rtts:32.284
03-13 09:48:49.070  9979 10372 V MSF.C.MSFCore[@DD]: [Event] MSFDDNetworkEngine.cpp(179)::onTcpInfoUpdate->onTcpInfoUpdate:
03-13 09:48:49.070  9979 10372 V MSF.C.MSFCore[@DD]:                      tcpi_state = 1;
03-13 09:48:49.070  9979 10372 V MSF.C.MSFCore[@DD]:                      tcpi_ca_state = 0;
03-13 09:48:49.070  9979 10372 V MSF.C.MSFCore[@DD]:                      tcpi_rto = 240 ms;
03-13 09:48:49.070  9979 10372 V MSF.C.MSFCore[@DD]:                      tcpi_unacked = 0;
03-13 09:48:49.070  9979 10372 V MSF.C.MSFCore[@DD]:                      tcpi_rttcur = 33 ms;
03-13 09:48:49.070  9979 10372 V MSF.C.MSFCore[@DD]:                      tcpi_rttvar = 3 ms;
03-13 09:48:49.070  9979 10372 V MSF.C.MSFCore[@DD]:                      tcpi_bytes_retrans = 0 bytes;
03-13 09:48:49.070  9979 10372 V MSF.C.MSFCore[@DD]:                      tcpi_notsent_bytes = 0 bytes;
03-13 09:48:49.070  9979 10372 V MSF.C.MSFCore[@DD]:                      tcpi_bytes_received = 31207 bytes;
03-13 09:48:49.070  9979 10372 V MSF.C.MSFCore[@DD]:                      tcpi_bytes_sent = 0 bytes 
03-13 09:48:49.070  9979 10372 V MSF.C.MSFCore[@DD]:                      tcpi_last_data_sent = 10250 ms 
03-13 09:48:49.070  9979 10372 V MSF.C.MSFCore[@DD]:                      tcpi_last_data_recv = 10220 ms 
03-13 09:48:49.079 13508 13775 V MSF.C.MSFCore[@PS]: [Event] MSFPacketStatistics.cpp(300)::DoCheckRequestTimeout->current rtts:20.178
03-13 09:48:49.565 13508 13779 V MSF.C.MSFCore[@DD]: [Event] MSFDDNetworkEngine.cpp(179)::onTcpInfoUpdate->onTcpInfoUpdate:
03-13 09:48:49.565 13508 13779 V MSF.C.MSFCore[@DD]:                      tcpi_state = 1;
03-13 09:48:49.565 13508 13779 V MSF.C.MSFCore[@DD]:                      tcpi_ca_state = 0;
03-13 09:48:49.565 13508 13779 V MSF.C.MSFCore[@DD]:                      tcpi_rto = 240 ms;
03-13 09:48:49.565 13508 13779 V MSF.C.MSFCore[@DD]:                      tcpi_unacked = 0;
03-13 09:48:49.565 13508 13779 V MSF.C.MSFCore[@DD]:                      tcpi_rttcur = 30 ms;
03-13 09:48:49.565 13508 13779 V MSF.C.MSFCore[@DD]:                      tcpi_rttvar = 2 ms;
03-13 09:48:49.565 13508 13779 V MSF.C.MSFCore[@DD]:                      tcpi_bytes_retrans = 0 bytes;
03-13 09:48:49.565 13508 13779 V MSF.C.MSFCore[@DD]:                      tcpi_notsent_bytes = 0 bytes;
03-13 09:48:49.565 13508 13779 V MSF.C.MSFCore[@DD]:                      tcpi_bytes_received = 18994 bytes;
03-13 09:48:49.565 13508 13779 V MSF.C.MSFCore[@DD]:                      tcpi_bytes_sent = 0 bytes 
03-13 09:48:49.565 13508 13779 V MSF.C.MSFCore[@DD]:                      tcpi_last_data_sent = 179490 ms 
03-13 09:48:49.565 13508 13779 V MSF.C.MSFCore[@DD]:                      tcpi_last_data_recv = 179460 ms 
03-13 09:48:49.702  9979 10353 V MSF.C.MSFCore[@PS]: [Event] MSFPacketStatistics.cpp(300)::DoCheckRequestTimeout->current rtts:32.284
03-13 09:48:50.081 13508 13775 V MSF.C.MSFCore[@PS]: [Event] MSFPacketStatistics.cpp(300)::DoCheckRequestTimeout->current rtts:20.178
03-13 09:48:50.096 13508 13508 D MSFAlarmManager: MSF_Alive_Log alarm receive Intent { act=com.tencent.mobileqq:MSF_10368899 flg=0x2010 (has extras) }
03-13 09:48:50.097 13508 16398 D MSFAlarmManager: tryWakeLock, lockTime:6000ms
03-13 09:48:50.101 13508 16398 D MSFAlarmManager: Executed callback for alarm 101
03-13 09:48:50.101 13508 13753 D MSF.J.MSFProbeNewManager: onRecvAlarm, id:101, registerTime:25482979, elapse:180009, waitTime:180000, miss:-9
03-13 09:48:50.101 13508 13753 D MSF.J.MSFProbeNewManager: handle onAlarm
03-13 09:48:50.101 13508 13753 D MSF.J.MSFProbeNewManager: try send MSFPingCheck, timeout:5000
03-13 09:48:50.101 13508 13753 D MSF.J.MSFProbeNewManager: need to send MSFHello, elapsedTime: 540090
03-13 09:48:50.102 13508 13753 D MSF.J.MSFProbeNewManager: cancel sendStatusSvcMsfHello because of no login, currentUin: 0
03-13 09:48:50.102 13508 13753 D MSF.J.MSFProbeNewManager: try registerMSFPingAlarm, mLastRegisterMSFPingAlarmTime:25482983, curTime:25662993, elapsed:180010
03-13 09:48:50.102 13508 13775 V MSF.C.MSFCore[@NC]: [Event] NetworkMgrModule.cpp(841)::sendMSFHelloPing->start send MSF Ping check, connMode=6, timeout=5000 ms.
03-13 09:48:50.102 13508 13753 D MSFAlarmManager: tryWakeLock, lockTime:500ms
03-13 09:48:50.102 13508 13775 V MSF.C.MSFCore[@NN]: [Event] MSFTcpConnect_xpng.cpp(1002)::trySendPingCheck-> [tcp] start quick idle check, source:102, timeout=5000, connId=1
03-13 09:48:50.102 13508 13775 V MSF.C.MSFCore[@NN]: [Event] MSFTcpConnect_xpng.cpp(824)::startIdleCheck-> [tcp] start check tcp idle, source:102, sendBuffer size=0, recvBuffer size=0, connId=1
03-13 09:48:50.104 13508 13753 D MSF:WakeLock: wakeLock release
03-13 09:48:50.113 13508 13753 D MSFAlarmManager: cancelAlarm success: id=101
03-13 09:48:50.113 13508 13753 D MSFAlarmManager: tryWakeLock, lockTime:500ms
03-13 09:48:50.115 13508 13753 D MSF:WakeLock: wakeLock release
03-13 09:48:50.122 13508 13753 D MSFAlarmManager: register alarm with setExactAndAllowWhileIdle success, action:com.tencent.mobileqq:MSF_10368899, canScheduleExactAlarms:true, alarmId:101, trigger at:13 09:51:50
03-13 09:48:50.122 13508 13753 D MSFAlarmManager: start Alarm success, id:101, intervalTime:180000
03-13 09:48:50.140 13508 13775 V MSF.C.MSFCore[@NN]: [Event] MSFTcpConnect_xpng.cpp(934)::checkAndHandlePingPacket->[tcp] check idle success, connect is alive, connId=1
03-13 09:48:50.626 13508 13815 D MSF:WakeLock: wakeLock release
03-13 09:48:50.710  9979 10353 V MSF.C.MSFCore[@PS]: [Event] MSFPacketStatistics.cpp(300)::DoCheckRequestTimeout->current rtts:32.284
03-13 09:48:51.083 13508 13775 V MSF.C.MSFCore[@PS]: [Event] MSFPacketStatistics.cpp(300)::DoCheckRequestTimeout->current rtts:20.178
03-13 09:48:51.712  9979 10353 V MSF.C.MSFCore[@PS]: [Event] MSFPacketStatistics.cpp(300)::DoCheckRequestTimeout->current rtts:32.284
03-13 09:48:52.090  9979 10372 V MSF.C.MSFCore[@DD]: [Event] MSFDDNetworkEngine.cpp(179)::onTcpInfoUpdate->onTcpInfoUpdate:
03-13 09:48:52.090  9979 10372 V MSF.C.MSFCore[@DD]:                      tcpi_state = 1;
03-13 09:48:52.090  9979 10372 V MSF.C.MSFCore[@DD]:                      tcpi_ca_state = 0;
03-13 09:48:52.090  9979 10372 V MSF.C.MSFCore[@DD]:                      tcpi_rto = 240 ms;
03-13 09:48:52.090  9979 10372 V MSF.C.MSFCore[@DD]:                      tcpi_unacked = 0;
03-13 09:48:52.090  9979 10372 V MSF.C.MSFCore[@DD]:                      tcpi_rttcur = 33 ms;
03-13 09:48:52.090  9979 10372 V MSF.C.MSFCore[@DD]:                      tcpi_rttvar = 3 ms;
03-13 09:48:52.090  9979 10372 V MSF.C.MSFCore[@DD]:                      tcpi_bytes_retrans = 0 bytes;
03-13 09:48:52.090  9979 10372 V MSF.C.MSFCore[@DD]:                      tcpi_notsent_bytes = 0 bytes;
03-13 09:48:52.090  9979 10372 V MSF.C.MSFCore[@DD]:                      tcpi_bytes_received = 31207 bytes;
03-13 09:48:52.090  9979 10372 V MSF.C.MSFCore[@DD]:                      tcpi_bytes_sent = 0 bytes 
03-13 09:48:52.090  9979 10372 V MSF.C.MSFCore[@DD]:                      tcpi_last_data_sent = 13270 ms 
03-13 09:48:52.090  9979 10372 V MSF.C.MSFCore[@DD]:                      tcpi_last_data_recv = 13240 ms 
03-13 09:48:52.093 13508 13775 V MSF.C.MSFCore[@PS]: [Event] MSFPacketStatistics.cpp(300)::DoCheckRequestTimeout->current rtts:20.178
03-13 09:48:52.582 13508 13779 V MSF.C.MSFCore[@DD]: [Event] MSFDDNetworkEngine.cpp(179)::onTcpInfoUpdate->onTcpInfoUpdate:
03-13 09:48:52.582 13508 13779 V MSF.C.MSFCore[@DD]:                      tcpi_state = 1;
03-13 09:48:52.582 13508 13779 V MSF.C.MSFCore[@DD]:                      tcpi_ca_state = 0;
03-13 09:48:52.582 13508 13779 V MSF.C.MSFCore[@DD]:                      tcpi_rto = 240 ms;
03-13 09:48:52.582 13508 13779 V MSF.C.MSFCore[@DD]:                      tcpi_unacked = 0;
03-13 09:48:52.582 13508 13779 V MSF.C.MSFCore[@DD]:                      tcpi_rttcur = 31 ms;
03-13 09:48:52.582 13508 13779 V MSF.C.MSFCore[@DD]:                      tcpi_rttvar = 3 ms;
03-13 09:48:52.582 13508 13779 V MSF.C.MSFCore[@DD]:                      tcpi_bytes_retrans = 0 bytes;
03-13 09:48:52.582 13508 13779 V MSF.C.MSFCore[@DD]:                      tcpi_notsent_bytes = 0 bytes;
03-13 09:48:52.582 13508 13779 V MSF.C.MSFCore[@DD]:                      tcpi_bytes_received = 19002 bytes;
03-13 09:48:52.582 13508 13779 V MSF.C.MSFCore[@DD]:                      tcpi_bytes_sent = 0 bytes 
03-13 09:48:52.582 13508 13779 V MSF.C.MSFCore[@DD]:                      tcpi_last_data_sent = 2480 ms 
03-13 09:48:52.582 13508 13779 V MSF.C.MSFCore[@DD]:                      tcpi_last_data_recv = 2440 ms 
03-13 09:48:52.715  9979 10353 V MSF.C.MSFCore[@PS]: [Event] MSFPacketStatistics.cpp(300)::DoCheckRequestTimeout->current rtts:32.284
03-13 09:48:53.100 13508 13775 V MSF.C.MSFCore[@PS]: [Event] MSFPacketStatistics.cpp(300)::DoCheckRequestTimeout->current rtts:20.178
03-13 09:48:53.725  9979 10353 V MSF.C.MSFCore[@PS]: [Event] MSFPacketStatistics.cpp(300)::DoCheckRequestTimeout->current rtts:32.284
03-13 09:48:53.996 24204 24449 I ReactNativeJS: '清洁道具检查:', 4, 3
03-13 09:48:53.997 24204 24449 I ReactNativeJS: '可用道具:', [ { key: 'soap',
03-13 09:48:53.997 24204 24449 I ReactNativeJS:     price: 15,
03-13 09:48:53.997 24204 24449 I ReactNativeJS:     name: '🧼 肥皂',
03-13 09:48:53.997 24204 24449 I ReactNativeJS:     effect: '清洁度+20',
03-13 09:48:53.997 24204 24449 I ReactNativeJS:     hunger: 0,
03-13 09:48:53.997 24204 24449 I ReactNativeJS:     happiness: 0,
03-13 09:48:53.997 24204 24449 I ReactNativeJS:     energy: 0,
03-13 09:48:53.997 24204 24449 I ReactNativeJS:     cleanliness: 20,
03-13 09:48:53.997 24204 24449 I ReactNativeJS:     count: 4,
03-13 09:48:53.997 24204 24449 I ReactNativeJS:     icon: '🧼' },
03-13 09:48:53.997 24204 24449 I ReactNativeJS:   { key: 'shampoo',
03-13 09:48:53.997 24204 24449 I ReactNativeJS:     price: 35,
03-13 09:48:53.997 24204 24449 I ReactNativeJS:     name: '🧴 沐浴露',
03-13 09:48:53.997 24204 24449 I ReactNativeJS:     effect: '清洁度+30 快乐度+5',
03-13 09:48:53.997 24204 24449 I ReactNativeJS:     hunger: 0,
03-13 09:48:53.997 24204 24449 I ReactNativeJS:     happiness: 5,
03-13 09:48:53.997 24204 24449 I ReactNativeJS:     energy: 0,
03-13 09:48:53.997 24204 24449 I ReactNativeJS:     cleanliness: 30,
03-13 09:48:53.997 24204 24449 I ReactNativeJS:     count: 3,
03-13 09:48:53.997 24204 24449 I ReactNativeJS:     icon: '🧴' } ]
03-13 09:48:54.102 13508 13775 V MSF.C.MSFCore[@PS]: [Event] MSFPacketStatistics.cpp(300)::DoCheckRequestTimeout->current rtts:20.178
03-13 09:48:54.730  9979 10353 V MSF.C.MSFCore[@PS]: [Event] MSFPacketStatistics.cpp(300)::DoCheckRequestTimeout->current rtts:32.284
03-13 09:48:55.100  9979 10372 V MSF.C.MSFCore[@DD]: [Event] MSFDDNetworkEngine.cpp(179)::onTcpInfoUpdate->onTcpInfoUpdate:
03-13 09:48:55.100  9979 10372 V MSF.C.MSFCore[@DD]:                      tcpi_state = 1;
03-13 09:48:55.100  9979 10372 V MSF.C.MSFCore[@DD]:                      tcpi_ca_state = 0;
03-13 09:48:55.100  9979 10372 V MSF.C.MSFCore[@DD]:                      tcpi_rto = 240 ms;
03-13 09:48:55.100  9979 10372 V MSF.C.MSFCore[@DD]:                      tcpi_unacked = 0;
03-13 09:48:55.100  9979 10372 V MSF.C.MSFCore[@DD]:                      tcpi_rttcur = 33 ms;
03-13 09:48:55.100  9979 10372 V MSF.C.MSFCore[@DD]:                      tcpi_rttvar = 3 ms;
03-13 09:48:55.100  9979 10372 V MSF.C.MSFCore[@DD]:                      tcpi_bytes_retrans = 0 bytes;
03-13 09:48:55.100  9979 10372 V MSF.C.MSFCore[@DD]:                      tcpi_notsent_bytes = 0 bytes;
03-13 09:48:55.100  9979 10372 V MSF.C.MSFCore[@DD]:                      tcpi_bytes_received = 31207 bytes;
03-13 09:48:55.100  9979 10372 V MSF.C.MSFCore[@DD]:                      tcpi_bytes_sent = 0 bytes 
03-13 09:48:55.100  9979 10372 V MSF.C.MSFCore[@DD]:                      tcpi_last_data_sent = 16280 ms 
03-13 09:48:55.100  9979 10372 V MSF.C.MSFCore[@DD]:                      tcpi_last_data_recv = 16250 ms 
03-13 09:48:55.104 13508 13775 V MSF.C.MSFCore[@PS]: [Event] MSFPacketStatistics.cpp(300)::DoCheckRequestTimeout->current rtts:20.178
03-13 09:48:55.608 13508 13779 V MSF.C.MSFCore[@DD]: [Event] MSFDDNetworkEngine.cpp(179)::onTcpInfoUpdate->onTcpInfoUpdate:
03-13 09:48:55.608 13508 13779 V MSF.C.MSFCore[@DD]:                      tcpi_state = 1;
03-13 09:48:55.608 13508 13779 V MSF.C.MSFCore[@DD]:                      tcpi_ca_state = 0;
03-13 09:48:55.608 13508 13779 V MSF.C.MSFCore[@DD]:                      tcpi_rto = 240 ms;
03-13 09:48:55.608 13508 13779 V MSF.C.MSFCore[@DD]:                      tcpi_unacked = 0;
03-13 09:48:55.608 13508 13779 V MSF.C.MSFCore[@DD]:                      tcpi_rttcur = 31 ms;
03-13 09:48:55.608 13508 13779 V MSF.C.MSFCore[@DD]:                      tcpi_rttvar = 3 ms;
03-13 09:48:55.608 13508 13779 V MSF.C.MSFCore[@DD]:                      tcpi_bytes_retrans = 0 bytes;
03-13 09:48:55.608 13508 13779 V MSF.C.MSFCore[@DD]:                      tcpi_notsent_bytes = 0 bytes;
03-13 09:48:55.608 13508 13779 V MSF.C.MSFCore[@DD]:                      tcpi_bytes_received = 19002 bytes;
03-13 09:48:55.608 13508 13779 V MSF.C.MSFCore[@DD]:                      tcpi_bytes_sent = 0 bytes 
03-13 09:48:55.608 13508 13779 V MSF.C.MSFCore[@DD]:                      tcpi_last_data_sent = 5500 ms 
03-13 09:48:55.608 13508 13779 V MSF.C.MSFCore[@DD]:                      tcpi_last_data_recv = 5460 ms 
03-13 09:48:55.731  9979 10353 V MSF.C.MSFCore[@PS]: [Event] MSFPacketStatistics.cpp(300)::DoCheckRequestTimeout->current rtts:32.284
03-13 09:48:55.951 13508 13718 D MSF.C.DeepSleepDetector: [run] count after++: 106
03-13 09:48:56.110 13508 13775 V MSF.C.MSFCore[@PS]: [Event] MSFPacketStatistics.cpp(300)::DoCheckRequestTimeout->current rtts:20.178
03-13 09:48:56.740  9979 10353 V MSF.C.MSFCore[@PS]: [Event] MSFPacketStatistics.cpp(300)::DoCheckRequestTimeout->current rtts:32.284
03-13 09:48:57.120 13508 13775 V MSF.C.MSFCore[@PS]: [Event] MSFPacketStatistics.cpp(300)::DoCheckRequestTimeout->current rtts:20.178
03-13 09:48:57.749  9979 10353 V MSF.C.MSFCore[@PS]: [Event] MSFPacketStatistics.cpp(300)::DoCheckRequestTimeout->current rtts:32.284
03-13 09:48:58.125  9979 10372 V MSF.C.MSFCore[@DD]: [Event] MSFDDNetworkEngine.cpp(179)::onTcpInfoUpdate->onTcpInfoUpdate:
03-13 09:48:58.125  9979 10372 V MSF.C.MSFCore[@DD]:                      tcpi_state = 1;
03-13 09:48:58.125  9979 10372 V MSF.C.MSFCore[@DD]:                      tcpi_ca_state = 0;
03-13 09:48:58.125  9979 10372 V MSF.C.MSFCore[@DD]:                      tcpi_rto = 240 ms;
03-13 09:48:58.125  9979 10372 V MSF.C.MSFCore[@DD]:                      tcpi_unacked = 0;
03-13 09:48:58.125  9979 10372 V MSF.C.MSFCore[@DD]:                      tcpi_rttcur = 33 ms;
03-13 09:48:58.125  9979 10372 V MSF.C.MSFCore[@DD]:                      tcpi_rttvar = 3 ms;
03-13 09:48:58.125  9979 10372 V MSF.C.MSFCore[@DD]:                      tcpi_bytes_retrans = 0 bytes;
03-13 09:48:58.125  9979 10372 V MSF.C.MSFCore[@DD]:                      tcpi_notsent_bytes = 0 bytes;
03-13 09:48:58.125  9979 10372 V MSF.C.MSFCore[@DD]:                      tcpi_bytes_received = 31207 bytes;
03-13 09:48:58.125  9979 10372 V MSF.C.MSFCore[@DD]:                      tcpi_bytes_sent = 0 bytes 
03-13 09:48:58.125  9979 10372 V MSF.C.MSFCore[@DD]:                      tcpi_last_data_sent = 19300 ms 
03-13 09:48:58.125  9979 10372 V MSF.C.MSFCore[@DD]:                      tcpi_last_data_recv = 19270 ms 
03-13 09:48:58.126 13508 13775 V MSF.C.MSFCore[@PS]: [Event] MSFPacketStatistics.cpp(300)::DoCheckRequestTimeout->current rtts:20.178
03-13 09:48:58.630 13508 13779 V MSF.C.MSFCore[@DD]: [Event] MSFDDNetworkEngine.cpp(179)::onTcpInfoUpdate->onTcpInfoUpdate:
03-13 09:48:58.630 13508 13779 V MSF.C.MSFCore[@DD]:                      tcpi_state = 1;
03-13 09:48:58.630 13508 13779 V MSF.C.MSFCore[@DD]:                      tcpi_ca_state = 0;
03-13 09:48:58.630 13508 13779 V MSF.C.MSFCore[@DD]:                      tcpi_rto = 240 ms;
03-13 09:48:58.630 13508 13779 V MSF.C.MSFCore[@DD]:                      tcpi_unacked = 0;
03-13 09:48:58.630 13508 13779 V MSF.C.MSFCore[@DD]:                      tcpi_rttcur = 31 ms;
03-13 09:48:58.630 13508 13779 V MSF.C.MSFCore[@DD]:                      tcpi_rttvar = 3 ms;
03-13 09:48:58.630 13508 13779 V MSF.C.MSFCore[@DD]:                      tcpi_bytes_retrans = 0 bytes;
03-13 09:48:58.630 13508 13779 V MSF.C.MSFCore[@DD]:                      tcpi_notsent_bytes = 0 bytes;
03-13 09:48:58.630 13508 13779 V MSF.C.MSFCore[@DD]:                      tcpi_bytes_received = 19002 bytes;
03-13 09:48:58.630 13508 13779 V MSF.C.MSFCore[@DD]:                      tcpi_bytes_sent = 0 bytes 
03-13 09:48:58.630 13508 13779 V MSF.C.MSFCore[@DD]:                      tcpi_last_data_sent = 8530 ms 
03-13 09:48:58.630 13508 13779 V MSF.C.MSFCore[@DD]:                      tcpi_last_data_recv = 8490 ms 
03-13 09:48:58.760  9979 10353 V MSF.C.MSFCore[@PS]: [Event] MSFPacketStatistics.cpp(300)::DoCheckRequestTimeout->current rtts:32.284
03-13 09:48:59.129 13508 13775 V MSF.C.MSFCore[@PS]: [Event] MSFPacketStatistics.cpp(300)::DoCheckRequestTimeout->current rtts:20.178
03-13 09:48:59.766  9979 10353 V MSF.C.MSFCore[@PS]: [Event] MSFPacketStatistics.cpp(300)::DoCheckRequestTimeout->current rtts:32.284
03-13 09:49:00.132 13508 13775 V MSF.C.MSFCore[@PS]: [Event] MSFPacketStatistics.cpp(300)::DoCheckRequestTimeout->current rtts:20.178
03-13 09:49:00.776  9979 10353 V MSF.C.MSFCore[@PS]: [Event] MSFPacketStatistics.cpp(300)::DoCheckRequestTimeout->current rtts:32.284
03-13 09:49:01.132 13508 13775 V MSF.C.MSFCore[@PS]: [Event] MSFPacketStatistics.cpp(300)::DoCheckRequestTimeout->current rtts:20.178
03-13 09:49:01.143  9979 10372 V MSF.C.MSFCore[@DD]: [Event] MSFDDNetworkEngine.cpp(179)::onTcpInfoUpdate->onTcpInfoUpdate:
03-13 09:49:01.143  9979 10372 V MSF.C.MSFCore[@DD]:                      tcpi_state = 1;
03-13 09:49:01.143  9979 10372 V MSF.C.MSFCore[@DD]:                      tcpi_ca_state = 0;
03-13 09:49:01.143  9979 10372 V MSF.C.MSFCore[@DD]:                      tcpi_rto = 240 ms;
03-13 09:49:01.143  9979 10372 V MSF.C.MSFCore[@DD]:                      tcpi_unacked = 0;
03-13 09:49:01.143  9979 10372 V MSF.C.MSFCore[@DD]:                      tcpi_rttcur = 33 ms;
03-13 09:49:01.143  9979 10372 V MSF.C.MSFCore[@DD]:                      tcpi_rttvar = 3 ms;
03-13 09:49:01.143  9979 10372 V MSF.C.MSFCore[@DD]:                      tcpi_bytes_retrans = 0 bytes;
03-13 09:49:01.143  9979 10372 V MSF.C.MSFCore[@DD]:                      tcpi_notsent_bytes = 0 bytes;
03-13 09:49:01.143  9979 10372 V MSF.C.MSFCore[@DD]:                      tcpi_bytes_received = 31207 bytes;
03-13 09:49:01.143  9979 10372 V MSF.C.MSFCore[@DD]:                      tcpi_bytes_sent = 0 bytes 
03-13 09:49:01.143  9979 10372 V MSF.C.MSFCore[@DD]:                      tcpi_last_data_sent = 22320 ms 
03-13 09:49:01.143  9979 10372 V MSF.C.MSFCore[@DD]:                      tcpi_last_data_recv = 22290 ms 
03-13 09:49:01.650 13508 13779 V MSF.C.MSFCore[@DD]: [Event] MSFDDNetworkEngine.cpp(179)::onTcpInfoUpdate->onTcpInfoUpdate:
03-13 09:49:01.650 13508 13779 V MSF.C.MSFCore[@DD]:                      tcpi_state = 1;
03-13 09:49:01.650 13508 13779 V MSF.C.MSFCore[@DD]:                      tcpi_ca_state = 0;
03-13 09:49:01.650 13508 13779 V MSF.C.MSFCore[@DD]:                      tcpi_rto = 240 ms;
03-13 09:49:01.650 13508 13779 V MSF.C.MSFCore[@DD]:                      tcpi_unacked = 0;
03-13 09:49:01.650 13508 13779 V MSF.C.MSFCore[@DD]:                      tcpi_rttcur = 31 ms;
03-13 09:49:01.650 13508 13779 V MSF.C.MSFCore[@DD]:                      tcpi_rttvar = 3 ms;
03-13 09:49:01.650 13508 13779 V MSF.C.MSFCore[@DD]:                      tcpi_bytes_retrans = 0 bytes;
03-13 09:49:01.650 13508 13779 V MSF.C.MSFCore[@DD]:                      tcpi_notsent_bytes = 0 bytes;
03-13 09:49:01.650 13508 13779 V MSF.C.MSFCore[@DD]:                      tcpi_bytes_received = 19002 bytes;
03-13 09:49:01.650 13508 13779 V MSF.C.MSFCore[@DD]:                      tcpi_bytes_sent = 0 bytes 
03-13 09:49:01.650 13508 13779 V MSF.C.MSFCore[@DD]:                      tcpi_last_data_sent = 11550 ms 
03-13 09:49:01.650 13508 13779 V MSF.C.MSFCore[@DD]:                      tcpi_last_data_recv = 11510 ms 
03-13 09:49:01.786  9979 10353 V MSF.C.MSFCore[@PS]: [Event] MSFPacketStatistics.cpp(300)::DoCheckRequestTimeout->current rtts:32.284
03-13 09:49:02.143 13508 13775 V MSF.C.MSFCore[@PS]: [Event] MSFPacketStatistics.cpp(300)::DoCheckRequestTimeout->current rtts:20.178
03-13 09:49:02.793  9979 10353 V MSF.C.MSFCore[@PS]: [Event] MSFPacketStatistics.cpp(300)::DoCheckRequestTimeout->current rtts:32.284
03-13 09:49:03.150 13508 13775 V MSF.C.MSFCore[@PS]: [Event] MSFPacketStatistics.cpp(300)::DoCheckRequestTimeout->current rtts:20.178
03-13 09:49:03.794  9979 10353 V MSF.C.MSFCore[@PS]: [Event] MSFPacketStatistics.cpp(300)::DoCheckRequestTimeout->current rtts:32.284
03-13 09:49:04.160 13508 13775 V MSF.C.MSFCore[@PS]: [Event] MSFPacketStatistics.cpp(300)::DoCheckRequestTimeout->current rtts:20.178
03-13 09:49:04.170  9979 10372 V MSF.C.MSFCore[@DD]: [Event] MSFDDNetworkEngine.cpp(179)::onTcpInfoUpdate->onTcpInfoUpdate:
03-13 09:49:04.170  9979 10372 V MSF.C.MSFCore[@DD]:                      tcpi_state = 1;
03-13 09:49:04.170  9979 10372 V MSF.C.MSFCore[@DD]:                      tcpi_ca_state = 0;
03-13 09:49:04.170  9979 10372 V MSF.C.MSFCore[@DD]:                      tcpi_rto = 240 ms;
03-13 09:49:04.170  9979 10372 V MSF.C.MSFCore[@DD]:                      tcpi_unacked = 0;
03-13 09:49:04.170  9979 10372 V MSF.C.MSFCore[@DD]:                      tcpi_rttcur = 33 ms;
03-13 09:49:04.170  9979 10372 V MSF.C.MSFCore[@DD]:                      tcpi_rttvar = 3 ms;
03-13 09:49:04.170  9979 10372 V MSF.C.MSFCore[@DD]:                      tcpi_bytes_retrans = 0 bytes;
03-13 09:49:04.170  9979 10372 V MSF.C.MSFCore[@DD]:                      tcpi_notsent_bytes = 0 bytes;
03-13 09:49:04.170  9979 10372 V MSF.C.MSFCore[@DD]:                      tcpi_bytes_received = 31207 bytes;
03-13 09:49:04.170  9979 10372 V MSF.C.MSFCore[@DD]:                      tcpi_bytes_sent = 0 bytes 
03-13 09:49:04.170  9979 10372 V MSF.C.MSFCore[@DD]:                      tcpi_last_data_sent = 25350 ms 
03-13 09:49:04.170  9979 10372 V MSF.C.MSFCore[@DD]:                      tcpi_last_data_recv = 25320 ms 
03-13 09:49:04.670 13508 13779 V MSF.C.MSFCore[@DD]: [Event] MSFDDNetworkEngine.cpp(179)::onTcpInfoUpdate->onTcpInfoUpdate:
03-13 09:49:04.670 13508 13779 V MSF.C.MSFCore[@DD]:                      tcpi_state = 1;
03-13 09:49:04.670 13508 13779 V MSF.C.MSFCore[@DD]:                      tcpi_ca_state = 0;
03-13 09:49:04.670 13508 13779 V MSF.C.MSFCore[@DD]:                      tcpi_rto = 240 ms;
03-13 09:49:04.670 13508 13779 V MSF.C.MSFCore[@DD]:                      tcpi_unacked = 0;
03-13 09:49:04.670 13508 13779 V MSF.C.MSFCore[@DD]:                      tcpi_rttcur = 31 ms;
03-13 09:49:04.670 13508 13779 V MSF.C.MSFCore[@DD]:                      tcpi_rttvar = 3 ms;
03-13 09:49:04.670 13508 13779 V MSF.C.MSFCore[@DD]:                      tcpi_bytes_retrans = 0 bytes;
03-13 09:49:04.670 13508 13779 V MSF.C.MSFCore[@DD]:                      tcpi_notsent_bytes = 0 bytes;
03-13 09:49:04.670 13508 13779 V MSF.C.MSFCore[@DD]:                      tcpi_bytes_received = 19002 bytes;
03-13 09:49:04.670 13508 13779 V MSF.C.MSFCore[@DD]:                      tcpi_bytes_sent = 0 bytes 
03-13 09:49:04.670 13508 13779 V MSF.C.MSFCore[@DD]:                      tcpi_last_data_sent = 14570 ms 
03-13 09:49:04.670 13508 13779 V MSF.C.MSFCore[@DD]:                      tcpi_last_data_recv = 14530 ms 
03-13 09:49:04.798  9979 10353 V MSF.C.MSFCore[@PS]: [Event] MSFPacketStatistics.cpp(300)::DoCheckRequestTimeout->current rtts:32.284
03-13 09:49:05.165 13508 13775 V MSF.C.MSFCore[@PS]: [Event] MSFPacketStatistics.cpp(300)::DoCheckRequestTimeout->current rtts:20.178
03-13 09:49:05.809  9979 10353 V MSF.C.MSFCore[@PS]: [Event] MSFPacketStatistics.cpp(300)::DoCheckRequestTimeout->current rtts:32.284
03-13 09:49:06.170 13508 13775 V MSF.C.MSFCore[@PS]: [Event] MSFPacketStatistics.cpp(300)::DoCheckRequestTimeout->current rtts:20.178
03-13 09:49:06.810  9979 10353 V MSF.C.MSFCore[@PS]: [Event] MSFPacketStatistics.cpp(300)::DoCheckRequestTimeout->current rtts:32.284
03-13 09:49:07.180 13508 13775 V MSF.C.MSFCore[@PS]: [Event] MSFPacketStatistics.cpp(300)::DoCheckRequestTimeout->current rtts:20.178
03-13 09:49:07.181  9979 10372 V MSF.C.MSFCore[@DD]: [Event] MSFDDNetworkEngine.cpp(179)::onTcpInfoUpdate->onTcpInfoUpdate:
03-13 09:49:07.181  9979 10372 V MSF.C.MSFCore[@DD]:                      tcpi_state = 1;
03-13 09:49:07.181  9979 10372 V MSF.C.MSFCore[@DD]:                      tcpi_ca_state = 0;
03-13 09:49:07.181  9979 10372 V MSF.C.MSFCore[@DD]:                      tcpi_rto = 240 ms;
03-13 09:49:07.181  9979 10372 V MSF.C.MSFCore[@DD]:                      tcpi_unacked = 0;
03-13 09:49:07.181  9979 10372 V MSF.C.MSFCore[@DD]:                      tcpi_rttcur = 33 ms;
03-13 09:49:07.181  9979 10372 V MSF.C.MSFCore[@DD]:                      tcpi_rttvar = 3 ms;
03-13 09:49:07.181  9979 10372 V MSF.C.MSFCore[@DD]:                      tcpi_bytes_retrans = 0 bytes;
03-13 09:49:07.181  9979 10372 V MSF.C.MSFCore[@DD]:                      tcpi_notsent_bytes = 0 bytes;
03-13 09:49:07.181  9979 10372 V MSF.C.MSFCore[@DD]:                      tcpi_bytes_received = 31207 bytes;
03-13 09:49:07.181  9979 10372 V MSF.C.MSFCore[@DD]:                      tcpi_bytes_sent = 0 bytes 
03-13 09:49:07.181  9979 10372 V MSF.C.MSFCore[@DD]:                      tcpi_last_data_sent = 28360 ms 
03-13 09:49:07.181  9979 10372 V MSF.C.MSFCore[@DD]:                      tcpi_last_data_recv = 28330 ms 
03-13 09:49:07.690 13508 13779 V MSF.C.MSFCore[@DD]: [Event] MSFDDNetworkEngine.cpp(179)::onTcpInfoUpdate->onTcpInfoUpdate:
03-13 09:49:07.690 13508 13779 V MSF.C.MSFCore[@DD]:                      tcpi_state = 1;
03-13 09:49:07.690 13508 13779 V MSF.C.MSFCore[@DD]:                      tcpi_ca_state = 0;
03-13 09:49:07.690 13508 13779 V MSF.C.MSFCore[@DD]:                      tcpi_rto = 240 ms;
03-13 09:49:07.690 13508 13779 V MSF.C.MSFCore[@DD]:                      tcpi_unacked = 0;
03-13 09:49:07.690 13508 13779 V MSF.C.MSFCore[@DD]:                      tcpi_rttcur = 31 ms;
03-13 09:49:07.690 13508 13779 V MSF.C.MSFCore[@DD]:                      tcpi_rttvar = 3 ms;
03-13 09:49:07.690 13508 13779 V MSF.C.MSFCore[@DD]:                      tcpi_bytes_retrans = 0 bytes;
03-13 09:49:07.690 13508 13779 V MSF.C.MSFCore[@DD]:                      tcpi_notsent_bytes = 0 bytes;
03-13 09:49:07.690 13508 13779 V MSF.C.MSFCore[@DD]:                      tcpi_bytes_received = 19002 bytes;
03-13 09:49:07.690 13508 13779 V MSF.C.MSFCore[@DD]:                      tcpi_bytes_sent = 0 bytes 
03-13 09:49:07.690 13508 13779 V MSF.C.MSFCore[@DD]:                      tcpi_last_data_sent = 17590 ms 
03-13 09:49:07.690 13508 13779 V MSF.C.MSFCore[@DD]:                      tcpi_last_data_recv = 17550 ms 
03-13 09:49:07.815  9979 10353 V MSF.C.MSFCore[@PS]: [Event] MSFPacketStatistics.cpp(300)::DoCheckRequestTimeout->current rtts:32.284
03-13 09:49:08.183 13508 13775 V MSF.C.MSFCore[@PS]: [Event] MSFPacketStatistics.cpp(300)::DoCheckRequestTimeout->current rtts:20.178
03-13 09:49:08.816  9979 10353 V MSF.C.MSFCore[@PS]: [Event] MSFPacketStatistics.cpp(300)::DoCheckRequestTimeout->current rtts:32.284
03-13 09:49:09.019 24204 24449 I ReactNativeJS: '清洁道具检查:', 4, 3
03-13 09:49:09.020 24204 24449 I ReactNativeJS: '可用道具:', [ { key: 'soap',
03-13 09:49:09.020 24204 24449 I ReactNativeJS:     price: 15,
03-13 09:49:09.020 24204 24449 I ReactNativeJS:     name: '🧼 肥皂',
03-13 09:49:09.020 24204 24449 I ReactNativeJS:     effect: '清洁度+20',
03-13 09:49:09.020 24204 24449 I ReactNativeJS:     hunger: 0,
03-13 09:49:09.020 24204 24449 I ReactNativeJS:     happiness: 0,
03-13 09:49:09.020 24204 24449 I ReactNativeJS:     energy: 0,
03-13 09:49:09.020 24204 24449 I ReactNativeJS:     cleanliness: 20,
03-13 09:49:09.020 24204 24449 I ReactNativeJS:     count: 4,
03-13 09:49:09.020 24204 24449 I ReactNativeJS:     icon: '🧼' },
03-13 09:49:09.020 24204 24449 I ReactNativeJS:   { key: 'shampoo',
03-13 09:49:09.020 24204 24449 I ReactNativeJS:     price: 35,
03-13 09:49:09.020 24204 24449 I ReactNativeJS:     name: '🧴 沐浴露',
03-13 09:49:09.020 24204 24449 I ReactNativeJS:     effect: '清洁度+30 快乐度+5',
03-13 09:49:09.020 24204 24449 I ReactNativeJS:     hunger: 0,
03-13 09:49:09.020 24204 24449 I ReactNativeJS:     happiness: 5,
03-13 09:49:09.020 24204 24449 I ReactNativeJS:     energy: 0,
03-13 09:49:09.020 24204 24449 I ReactNativeJS:     cleanliness: 30,
03-13 09:49:09.020 24204 24449 I ReactNativeJS:     count: 3,
03-13 09:49:09.020 24204 24449 I ReactNativeJS:     icon: '🧴' } ]
03-13 09:49:09.184 13508 13775 V MSF.C.MSFCore[@PS]: [Event] MSFPacketStatistics.cpp(300)::DoCheckRequestTimeout->current rtts:20.178
03-13 09:49:09.820  9979 10353 V MSF.C.MSFCore[@PS]: [Event] MSFPacketStatistics.cpp(300)::DoCheckRequestTimeout->current rtts:32.284
03-13 09:49:10.190 13508 13775 V MSF.C.MSFCore[@PS]: [Event] MSFPacketStatistics.cpp(300)::DoCheckRequestTimeout->current rtts:20.178
03-13 09:49:10.209  9979 10372 V MSF.C.MSFCore[@DD]: [Event] MSFDDNetworkEngine.cpp(179)::onTcpInfoUpdate->onTcpInfoUpdate:
03-13 09:49:10.209  9979 10372 V MSF.C.MSFCore[@DD]:                      tcpi_state = 1;
03-13 09:49:10.209  9979 10372 V MSF.C.MSFCore[@DD]:                      tcpi_ca_state = 0;
03-13 09:49:10.209  9979 10372 V MSF.C.MSFCore[@DD]:                      tcpi_rto = 240 ms;
03-13 09:49:10.209  9979 10372 V MSF.C.MSFCore[@DD]:                      tcpi_unacked = 0;
03-13 09:49:10.209  9979 10372 V MSF.C.MSFCore[@DD]:                      tcpi_rttcur = 33 ms;
03-13 09:49:10.209  9979 10372 V MSF.C.MSFCore[@DD]:                      tcpi_rttvar = 3 ms;
03-13 09:49:10.209  9979 10372 V MSF.C.MSFCore[@DD]:                      tcpi_bytes_retrans = 0 bytes;
03-13 09:49:10.209  9979 10372 V MSF.C.MSFCore[@DD]:                      tcpi_notsent_bytes = 0 bytes;
03-13 09:49:10.209  9979 10372 V MSF.C.MSFCore[@DD]:                      tcpi_bytes_received = 31207 bytes;
03-13 09:49:10.209  9979 10372 V MSF.C.MSFCore[@DD]:                      tcpi_bytes_sent = 0 bytes 
03-13 09:49:10.209  9979 10372 V MSF.C.MSFCore[@DD]:                      tcpi_last_data_sent = 31380 ms 
03-13 09:49:10.209  9979 10372 V MSF.C.MSFCore[@DD]:                      tcpi_last_data_recv = 31350 ms 
03-13 09:49:10.715 13508 13779 V MSF.C.MSFCore[@DD]: [Event] MSFDDNetworkEngine.cpp(179)::onTcpInfoUpdate->onTcpInfoUpdate:
03-13 09:49:10.715 13508 13779 V MSF.C.MSFCore[@DD]:                      tcpi_state = 1;
03-13 09:49:10.715 13508 13779 V MSF.C.MSFCore[@DD]:                      tcpi_ca_state = 0;
03-13 09:49:10.715 13508 13779 V MSF.C.MSFCore[@DD]:                      tcpi_rto = 240 ms;
03-13 09:49:10.715 13508 13779 V MSF.C.MSFCore[@DD]:                      tcpi_unacked = 0;
03-13 09:49:10.715 13508 13779 V MSF.C.MSFCore[@DD]:                      tcpi_rttcur = 31 ms;
03-13 09:49:10.715 13508 13779 V MSF.C.MSFCore[@DD]:                      tcpi_rttvar = 3 ms;
03-13 09:49:10.715 13508 13779 V MSF.C.MSFCore[@DD]:                      tcpi_bytes_retrans = 0 bytes;
03-13 09:49:10.715 13508 13779 V MSF.C.MSFCore[@DD]:                      tcpi_notsent_bytes = 0 bytes;
03-13 09:49:10.715 13508 13779 V MSF.C.MSFCore[@DD]:                      tcpi_bytes_received = 19002 bytes;
03-13 09:49:10.715 13508 13779 V MSF.C.MSFCore[@DD]:                      tcpi_bytes_sent = 0 bytes 
03-13 09:49:10.715 13508 13779 V MSF.C.MSFCore[@DD]:                      tcpi_last_data_sent = 20610 ms 
03-13 09:49:10.715 13508 13779 V MSF.C.MSFCore[@DD]:                      tcpi_last_data_recv = 20570 ms 
03-13 09:49:10.829  9979 10353 V MSF.C.MSFCore[@PS]: [Event] MSFPacketStatistics.cpp(300)::DoCheckRequestTimeout->current rtts:32.284
03-13 09:49:11.193 13508 13775 V MSF.C.MSFCore[@PS]: [Event] MSFPacketStatistics.cpp(300)::DoCheckRequestTimeout->current rtts:20.178
03-13 09:49:11.831  9979 10353 V MSF.C.MSFCore[@PS]: [Event] MSFPacketStatistics.cpp(300)::DoCheckRequestTimeout->current rtts:32.284
03-13 09:49:12.200 13508 13775 V MSF.C.MSFCore[@PS]: [Event] MSFPacketStatistics.cpp(300)::DoCheckRequestTimeout->current rtts:20.178
03-13 09:49:12.840  9979 10353 V MSF.C.MSFCore[@PS]: [Event] MSFPacketStatistics.cpp(300)::DoCheckRequestTimeout->current rtts:32.284
03-13 09:49:13.210 13508 13775 V MSF.C.MSFCore[@PS]: [Event] MSFPacketStatistics.cpp(300)::DoCheckRequestTimeout->current rtts:20.178
03-13 09:49:13.228  9979 10372 V MSF.C.MSFCore[@DD]: [Event] MSFDDNetworkEngine.cpp(179)::onTcpInfoUpdate->onTcpInfoUpdate:
03-13 09:49:13.228  9979 10372 V MSF.C.MSFCore[@DD]:                      tcpi_state = 1;
03-13 09:49:13.228  9979 10372 V MSF.C.MSFCore[@DD]:                      tcpi_ca_state = 0;
03-13 09:49:13.228  9979 10372 V MSF.C.MSFCore[@DD]:                      tcpi_rto = 240 ms;
03-13 09:49:13.228  9979 10372 V MSF.C.MSFCore[@DD]:                      tcpi_unacked = 0;
03-13 09:49:13.228  9979 10372 V MSF.C.MSFCore[@DD]:                      tcpi_rttcur = 33 ms;
03-13 09:49:13.228  9979 10372 V MSF.C.MSFCore[@DD]:                      tcpi_rttvar = 3 ms;
03-13 09:49:13.228  9979 10372 V MSF.C.MSFCore[@DD]:                      tcpi_bytes_retrans = 0 bytes;
03-13 09:49:13.228  9979 10372 V MSF.C.MSFCore[@DD]:                      tcpi_notsent_bytes = 0 bytes;
03-13 09:49:13.228  9979 10372 V MSF.C.MSFCore[@DD]:                      tcpi_bytes_received = 31207 bytes;
03-13 09:49:13.228  9979 10372 V MSF.C.MSFCore[@DD]:                      tcpi_bytes_sent = 0 bytes 
03-13 09:49:13.228  9979 10372 V MSF.C.MSFCore[@DD]:                      tcpi_last_data_sent = 34400 ms 
03-13 09:49:13.228  9979 10372 V MSF.C.MSFCore[@DD]:                      tcpi_last_data_recv = 34370 ms 
03-13 09:49:13.715 13508 13779 V MSF.C.MSFCore[@DD]: [Event] MSFDDNetworkEngine.cpp(179)::onTcpInfoUpdate->onTcpInfoUpdate:
03-13 09:49:13.715 13508 13779 V MSF.C.MSFCore[@DD]:                      tcpi_state = 1;
03-13 09:49:13.715 13508 13779 V MSF.C.MSFCore[@DD]:                      tcpi_ca_state = 0;
03-13 09:49:13.715 13508 13779 V MSF.C.MSFCore[@DD]:                      tcpi_rto = 240 ms;
03-13 09:49:13.715 13508 13779 V MSF.C.MSFCore[@DD]:                      tcpi_unacked = 0;
03-13 09:49:13.715 13508 13779 V MSF.C.MSFCore[@DD]:                      tcpi_rttcur = 31 ms;
03-13 09:49:13.715 13508 13779 V MSF.C.MSFCore[@DD]:                      tcpi_rttvar = 3 ms;
03-13 09:49:13.715 13508 13779 V MSF.C.MSFCore[@DD]:                      tcpi_bytes_retrans = 0 bytes;
03-13 09:49:13.715 13508 13779 V MSF.C.MSFCore[@DD]:                      tcpi_notsent_bytes = 0 bytes;
03-13 09:49:13.715 13508 13779 V MSF.C.MSFCore[@DD]:                      tcpi_bytes_received = 19002 bytes;
03-13 09:49:13.715 13508 13779 V MSF.C.MSFCore[@DD]:                      tcpi_bytes_sent = 0 bytes 
03-13 09:49:13.715 13508 13779 V MSF.C.MSFCore[@DD]:                      tcpi_last_data_sent = 23610 ms 
03-13 09:49:13.715 13508 13779 V MSF.C.MSFCore[@DD]:                      tcpi_last_data_recv = 23570 ms 
03-13 09:49:13.849  9979 10353 V MSF.C.MSFCore[@PS]: [Event] MSFPacketStatistics.cpp(300)::DoCheckRequestTimeout->current rtts:32.284
03-13 09:49:14.220 13508 13775 V MSF.C.MSFCore[@PS]: [Event] MSFPacketStatistics.cpp(300)::DoCheckRequestTimeout->current rtts:20.178
03-13 09:49:14.853  9979 10353 V MSF.C.MSFCore[@PS]: [Event] MSFPacketStatistics.cpp(300)::DoCheckRequestTimeout->current rtts:32.284
03-13 09:49:15.225 13508 13775 V MSF.C.MSFCore[@PS]: [Event] MSFPacketStatistics.cpp(300)::DoCheckRequestTimeout->current rtts:20.178
03-13 09:49:15.854  9979 10353 V MSF.C.MSFCore[@PS]: [Event] MSFPacketStatistics.cpp(300)::DoCheckRequestTimeout->current rtts:32.284
03-13 09:49:16.229 13508 13775 V MSF.C.MSFCore[@PS]: [Event] MSFPacketStatistics.cpp(300)::DoCheckRequestTimeout->current rtts:20.178
03-13 09:49:16.250  9979 10372 V MSF.C.MSFCore[@DD]: [Event] MSFDDNetworkEngine.cpp(179)::onTcpInfoUpdate->onTcpInfoUpdate:
03-13 09:49:16.250  9979 10372 V MSF.C.MSFCore[@DD]:                      tcpi_state = 1;
03-13 09:49:16.250  9979 10372 V MSF.C.MSFCore[@DD]:                      tcpi_ca_state = 0;
03-13 09:49:16.250  9979 10372 V MSF.C.MSFCore[@DD]:                      tcpi_rto = 240 ms;
03-13 09:49:16.250  9979 10372 V MSF.C.MSFCore[@DD]:                      tcpi_unacked = 0;
03-13 09:49:16.250  9979 10372 V MSF.C.MSFCore[@DD]:                      tcpi_rttcur = 33 ms;
03-13 09:49:16.250  9979 10372 V MSF.C.MSFCore[@DD]:                      tcpi_rttvar = 3 ms;
03-13 09:49:16.250  9979 10372 V MSF.C.MSFCore[@DD]:                      tcpi_bytes_retrans = 0 bytes;
03-13 09:49:16.250  9979 10372 V MSF.C.MSFCore[@DD]:                      tcpi_notsent_bytes = 0 bytes;
03-13 09:49:16.250  9979 10372 V MSF.C.MSFCore[@DD]:                      tcpi_bytes_received = 31207 bytes;
03-13 09:49:16.250  9979 10372 V MSF.C.MSFCore[@DD]:                      tcpi_bytes_sent = 0 bytes 
03-13 09:49:16.250  9979 10372 V MSF.C.MSFCore[@DD]:                      tcpi_last_data_sent = 37430 ms 
03-13 09:49:16.250  9979 10372 V MSF.C.MSFCore[@DD]:                      tcpi_last_data_recv = 37400 ms 
03-13 09:49:16.729 13508 13779 V MSF.C.MSFCore[@DD]: [Event] MSFDDNetworkEngine.cpp(179)::onTcpInfoUpdate->onTcpInfoUpdate:
03-13 09:49:16.729 13508 13779 V MSF.C.MSFCore[@DD]:                      tcpi_state = 1;
03-13 09:49:16.729 13508 13779 V MSF.C.MSFCore[@DD]:                      tcpi_ca_state = 0;
03-13 09:49:16.729 13508 13779 V MSF.C.MSFCore[@DD]:                      tcpi_rto = 240 ms;
03-13 09:49:16.729 13508 13779 V MSF.C.MSFCore[@DD]:                      tcpi_unacked = 0;
03-13 09:49:16.729 13508 13779 V MSF.C.MSFCore[@DD]:                      tcpi_rttcur = 31 ms;
03-13 09:49:16.729 13508 13779 V MSF.C.MSFCore[@DD]:                      tcpi_rttvar = 3 ms;
03-13 09:49:16.729 13508 13779 V MSF.C.MSFCore[@DD]:                      tcpi_bytes_retrans = 0 bytes;
03-13 09:49:16.729 13508 13779 V MSF.C.MSFCore[@DD]:                      tcpi_notsent_bytes = 0 bytes;
03-13 09:49:16.729 13508 13779 V MSF.C.MSFCore[@DD]:                      tcpi_bytes_received = 19002 bytes;
03-13 09:49:16.729 13508 13779 V MSF.C.MSFCore[@DD]:                      tcpi_bytes_sent = 0 bytes 
03-13 09:49:16.729 13508 13779 V MSF.C.MSFCore[@DD]:                      tcpi_last_data_sent = 26630 ms 
03-13 09:49:16.729 13508 13779 V MSF.C.MSFCore[@DD]:                      tcpi_last_data_recv = 26590 ms 
03-13 09:49:16.855  9979 10353 V MSF.C.MSFCore[@PS]: [Event] MSFPacketStatistics.cpp(300)::DoCheckRequestTimeout->current rtts:32.284
03-13 09:49:17.232 13508 13775 V MSF.C.MSFCore[@PS]: [Event] MSFPacketStatistics.cpp(300)::DoCheckRequestTimeout->current rtts:20.178
03-13 09:49:17.860  9979 10353 V MSF.C.MSFCore[@PS]: [Event] MSFPacketStatistics.cpp(300)::DoCheckRequestTimeout->current rtts:32.284
03-13 09:49:18.233 13508 13775 V MSF.C.MSFCore[@PS]: [Event] MSFPacketStatistics.cpp(300)::DoCheckRequestTimeout->current rtts:20.178
03-13 09:49:18.870  9979 10353 V MSF.C.MSFCore[@PS]: [Event] MSFPacketStatistics.cpp(300)::DoCheckRequestTimeout->current rtts:32.284
03-13 09:49:19.236 13508 13775 V MSF.C.MSFCore[@PS]: [Event] MSFPacketStatistics.cpp(300)::DoCheckRequestTimeout->current rtts:20.178
03-13 09:49:19.270  9979 10372 V MSF.C.MSFCore[@DD]: [Event] MSFDDNetworkEngine.cpp(179)::onTcpInfoUpdate->onTcpInfoUpdate:
03-13 09:49:19.270  9979 10372 V MSF.C.MSFCore[@DD]:                      tcpi_state = 1;
03-13 09:49:19.270  9979 10372 V MSF.C.MSFCore[@DD]:                      tcpi_ca_state = 0;
03-13 09:49:19.270  9979 10372 V MSF.C.MSFCore[@DD]:                      tcpi_rto = 240 ms;
03-13 09:49:19.270  9979 10372 V MSF.C.MSFCore[@DD]:                      tcpi_unacked = 0;
03-13 09:49:19.270  9979 10372 V MSF.C.MSFCore[@DD]:                      tcpi_rttcur = 33 ms;
03-13 09:49:19.270  9979 10372 V MSF.C.MSFCore[@DD]:                      tcpi_rttvar = 3 ms;
03-13 09:49:19.270  9979 10372 V MSF.C.MSFCore[@DD]:                      tcpi_bytes_retrans = 0 bytes;
03-13 09:49:19.270  9979 10372 V MSF.C.MSFCore[@DD]:                      tcpi_notsent_bytes = 0 bytes;
03-13 09:49:19.270  9979 10372 V MSF.C.MSFCore[@DD]:                      tcpi_bytes_received = 31207 bytes;
03-13 09:49:19.270  9979 10372 V MSF.C.MSFCore[@DD]:                      tcpi_bytes_sent = 0 bytes 
03-13 09:49:19.270  9979 10372 V MSF.C.MSFCore[@DD]:                      tcpi_last_data_sent = 40450 ms 
03-13 09:49:19.270  9979 10372 V MSF.C.MSFCore[@DD]:                      tcpi_last_data_recv = 40420 ms 
03-13 09:49:19.744 13508 13779 V MSF.C.MSFCore[@DD]: [Event] MSFDDNetworkEngine.cpp(179)::onTcpInfoUpdate->onTcpInfoUpdate:
03-13 09:49:19.744 13508 13779 V MSF.C.MSFCore[@DD]:                      tcpi_state = 1;
03-13 09:49:19.744 13508 13779 V MSF.C.MSFCore[@DD]:                      tcpi_ca_state = 0;
03-13 09:49:19.744 13508 13779 V MSF.C.MSFCore[@DD]:                      tcpi_rto = 240 ms;
03-13 09:49:19.744 13508 13779 V MSF.C.MSFCore[@DD]:                      tcpi_unacked = 0;
03-13 09:49:19.744 13508 13779 V MSF.C.MSFCore[@DD]:                      tcpi_rttcur = 31 ms;
03-13 09:49:19.744 13508 13779 V MSF.C.MSFCore[@DD]:                      tcpi_rttvar = 3 ms;
03-13 09:49:19.744 13508 13779 V MSF.C.MSFCore[@DD]:                      tcpi_bytes_retrans = 0 bytes;
03-13 09:49:19.744 13508 13779 V MSF.C.MSFCore[@DD]:                      tcpi_notsent_bytes = 0 bytes;
03-13 09:49:19.744 13508 13779 V MSF.C.MSFCore[@DD]:                      tcpi_bytes_received = 19002 bytes;
03-13 09:49:19.744 13508 13779 V MSF.C.MSFCore[@DD]:                      tcpi_bytes_sent = 0 bytes 
03-13 09:49:19.744 13508 13779 V MSF.C.MSFCore[@DD]:                      tcpi_last_data_sent = 29640 ms 
03-13 09:49:19.744 13508 13779 V MSF.C.MSFCore[@DD]:                      tcpi_last_data_recv = 29600 ms 
03-13 09:49:19.880  9979 10353 V MSF.C.MSFCore[@PS]: [Event] MSFPacketStatistics.cpp(300)::DoCheckRequestTimeout->current rtts:32.284
03-13 09:49:20.240 13508 13775 V MSF.C.MSFCore[@PS]: [Event] MSFPacketStatistics.cpp(300)::DoCheckRequestTimeout->current rtts:20.178
03-13 09:49:20.890  9979 10353 V MSF.C.MSFCore[@PS]: [Event] MSFPacketStatistics.cpp(300)::DoCheckRequestTimeout->current rtts:32.284
03-13 09:49:21.244 13508 13775 V MSF.C.MSFCore[@PS]: [Event] MSFPacketStatistics.cpp(300)::DoCheckRequestTimeout->current rtts:20.178
03-13 09:49:21.894  9979 10353 V MSF.C.MSFCore[@PS]: [Event] MSFPacketStatistics.cpp(300)::DoCheckRequestTimeout->current rtts:32.284
