03-13 09:49:58.989 13508 13779 V MSF.C.MSFCore[@DD]:                      tcpi_bytes_sent = 0 bytes 
03-13 09:49:58.989 13508 13779 V MSF.C.MSFCore[@DD]:                      tcpi_last_data_sent = 68880 ms 
03-13 09:49:58.989 13508 13779 V MSF.C.MSFCore[@DD]:                      tcpi_last_data_recv = 68840 ms 
03-13 09:49:59.126  9979 10353 V MSF.C.MSFCore[@PS]: [Event] MSFPacketStatistics.cpp(300)::DoCheckRequestTimeout->current rtts:32.284
03-13 09:49:59.494 13508 13775 V MSF.C.MSFCore[@PS]: [Event] MSFPacketStatistics.cpp(300)::DoCheckRequestTimeout->current rtts:20.178
03-13 09:50:00.129  9979 10353 V MSF.C.MSFCore[@PS]: [Event] MSFPacketStatistics.cpp(300)::DoCheckRequestTimeout->current rtts:32.284
03-13 09:50:00.500 13508 13775 V MSF.C.MSFCore[@PS]: [Event] MSFPacketStatistics.cpp(300)::DoCheckRequestTimeout->current rtts:20.178
03-13 09:50:01.134  9979 10353 V MSF.C.MSFCore[@PS]: [Event] MSFPacketStatistics.cpp(300)::DoCheckRequestTimeout->current rtts:32.284
03-13 09:50:01.510 13508 13775 V MSF.C.MSFCore[@PS]: [Event] MSFPacketStatistics.cpp(300)::DoCheckRequestTimeout->current rtts:20.178
03-13 09:50:01.528  9979 10372 V MSF.C.MSFCore[@DD]: [Event] MSFDDNetworkEngine.cpp(179)::onTcpInfoUpdate->onTcpInfoUpdate:
03-13 09:50:01.528  9979 10372 V MSF.C.MSFCore[@DD]:                      tcpi_state = 1;
03-13 09:50:01.528  9979 10372 V MSF.C.MSFCore[@DD]:                      tcpi_ca_state = 0;
03-13 09:50:01.528  9979 10372 V MSF.C.MSFCore[@DD]:                      tcpi_rto = 240 ms;
03-13 09:50:01.528  9979 10372 V MSF.C.MSFCore[@DD]:                      tcpi_unacked = 0;
03-13 09:50:01.528  9979 10372 V MSF.C.MSFCore[@DD]:                      tcpi_rttcur = 33 ms;
03-13 09:50:01.528  9979 10372 V MSF.C.MSFCore[@DD]:                      tcpi_rttvar = 3 ms;
03-13 09:50:01.528  9979 10372 V MSF.C.MSFCore[@DD]:                      tcpi_bytes_retrans = 0 bytes;
03-13 09:50:01.528  9979 10372 V MSF.C.MSFCore[@DD]:                      tcpi_notsent_bytes = 0 bytes;
03-13 09:50:01.528  9979 10372 V MSF.C.MSFCore[@DD]:                      tcpi_bytes_received = 31207 bytes;
03-13 09:50:01.528  9979 10372 V MSF.C.MSFCore[@DD]:                      tcpi_bytes_sent = 0 bytes 
03-13 09:50:01.528  9979 10372 V MSF.C.MSFCore[@DD]:                      tcpi_last_data_sent = 82700 ms 
03-13 09:50:01.528  9979 10372 V MSF.C.MSFCore[@DD]:                      tcpi_last_data_recv = 82670 ms 
03-13 09:50:02.002 13508 13779 V MSF.C.MSFCore[@DD]: [Event] MSFDDNetworkEngine.cpp(179)::onTcpInfoUpdate->onTcpInfoUpdate:
03-13 09:50:02.002 13508 13779 V MSF.C.MSFCore[@DD]:                      tcpi_state = 1;
03-13 09:50:02.002 13508 13779 V MSF.C.MSFCore[@DD]:                      tcpi_ca_state = 0;
03-13 09:50:02.002 13508 13779 V MSF.C.MSFCore[@DD]:                      tcpi_rto = 240 ms;
03-13 09:50:02.002 13508 13779 V MSF.C.MSFCore[@DD]:                      tcpi_unacked = 0;
03-13 09:50:02.002 13508 13779 V MSF.C.MSFCore[@DD]:                      tcpi_rttcur = 31 ms;
03-13 09:50:02.002 13508 13779 V MSF.C.MSFCore[@DD]:                      tcpi_rttvar = 3 ms;
03-13 09:50:02.002 13508 13779 V MSF.C.MSFCore[@DD]:                      tcpi_bytes_retrans = 0 bytes;
03-13 09:50:02.002 13508 13779 V MSF.C.MSFCore[@DD]:                      tcpi_notsent_bytes = 0 bytes;
03-13 09:50:02.002 13508 13779 V MSF.C.MSFCore[@DD]:                      tcpi_bytes_received = 19002 bytes;
03-13 09:50:02.002 13508 13779 V MSF.C.MSFCore[@DD]:                      tcpi_bytes_sent = 0 bytes 
03-13 09:50:02.002 13508 13779 V MSF.C.MSFCore[@DD]:                      tcpi_last_data_sent = 71900 ms 
03-13 09:50:02.002 13508 13779 V MSF.C.MSFCore[@DD]:                      tcpi_last_data_recv = 71860 ms 
03-13 09:50:02.145  9979 10353 V MSF.C.MSFCore[@PS]: [Event] MSFPacketStatistics.cpp(300)::DoCheckRequestTimeout->current rtts:32.284
03-13 09:50:02.520 13508 13775 V MSF.C.MSFCore[@PS]: [Event] MSFPacketStatistics.cpp(300)::DoCheckRequestTimeout->current rtts:20.178
03-13 09:50:03.150  9979 10353 V MSF.C.MSFCore[@PS]: [Event] MSFPacketStatistics.cpp(300)::DoCheckRequestTimeout->current rtts:32.284
03-13 09:50:03.530 13508 13775 V MSF.C.MSFCore[@PS]: [Event] MSFPacketStatistics.cpp(300)::DoCheckRequestTimeout->current rtts:20.178
03-13 09:50:04.153  9979 10353 V MSF.C.MSFCore[@PS]: [Event] MSFPacketStatistics.cpp(300)::DoCheckRequestTimeout->current rtts:32.284
03-13 09:50:04.532 13508 13775 V MSF.C.MSFCore[@PS]: [Event] MSFPacketStatistics.cpp(300)::DoCheckRequestTimeout->current rtts:20.178
03-13 09:50:04.550  9979 10372 V MSF.C.MSFCore[@DD]: [Event] MSFDDNetworkEngine.cpp(179)::onTcpInfoUpdate->onTcpInfoUpdate:
03-13 09:50:04.550  9979 10372 V MSF.C.MSFCore[@DD]:                      tcpi_state = 1;
03-13 09:50:04.550  9979 10372 V MSF.C.MSFCore[@DD]:                      tcpi_ca_state = 0;
03-13 09:50:04.550  9979 10372 V MSF.C.MSFCore[@DD]:                      tcpi_rto = 240 ms;
03-13 09:50:04.550  9979 10372 V MSF.C.MSFCore[@DD]:                      tcpi_unacked = 0;
03-13 09:50:04.550  9979 10372 V MSF.C.MSFCore[@DD]:                      tcpi_rttcur = 33 ms;
03-13 09:50:04.550  9979 10372 V MSF.C.MSFCore[@DD]:                      tcpi_rttvar = 3 ms;
03-13 09:50:04.550  9979 10372 V MSF.C.MSFCore[@DD]:                      tcpi_bytes_retrans = 0 bytes;
03-13 09:50:04.550  9979 10372 V MSF.C.MSFCore[@DD]:                      tcpi_notsent_bytes = 0 bytes;
03-13 09:50:04.550  9979 10372 V MSF.C.MSFCore[@DD]:                      tcpi_bytes_received = 31207 bytes;
03-13 09:50:04.550  9979 10372 V MSF.C.MSFCore[@DD]:                      tcpi_bytes_sent = 0 bytes 
03-13 09:50:04.550  9979 10372 V MSF.C.MSFCore[@DD]:                      tcpi_last_data_sent = 85730 ms 
03-13 09:50:04.550  9979 10372 V MSF.C.MSFCore[@DD]:                      tcpi_last_data_recv = 85700 ms 
03-13 09:50:05.029 13508 13779 V MSF.C.MSFCore[@DD]: [Event] MSFDDNetworkEngine.cpp(179)::onTcpInfoUpdate->onTcpInfoUpdate:
03-13 09:50:05.029 13508 13779 V MSF.C.MSFCore[@DD]:                      tcpi_state = 1;
03-13 09:50:05.029 13508 13779 V MSF.C.MSFCore[@DD]:                      tcpi_ca_state = 0;
03-13 09:50:05.029 13508 13779 V MSF.C.MSFCore[@DD]:                      tcpi_rto = 240 ms;
03-13 09:50:05.029 13508 13779 V MSF.C.MSFCore[@DD]:                      tcpi_unacked = 0;
03-13 09:50:05.029 13508 13779 V MSF.C.MSFCore[@DD]:                      tcpi_rttcur = 31 ms;
03-13 09:50:05.029 13508 13779 V MSF.C.MSFCore[@DD]:                      tcpi_rttvar = 3 ms;
03-13 09:50:05.029 13508 13779 V MSF.C.MSFCore[@DD]:                      tcpi_bytes_retrans = 0 bytes;
03-13 09:50:05.029 13508 13779 V MSF.C.MSFCore[@DD]:                      tcpi_notsent_bytes = 0 bytes;
03-13 09:50:05.029 13508 13779 V MSF.C.MSFCore[@DD]:                      tcpi_bytes_received = 19002 bytes;
03-13 09:50:05.029 13508 13779 V MSF.C.MSFCore[@DD]:                      tcpi_bytes_sent = 0 bytes 
03-13 09:50:05.029 13508 13779 V MSF.C.MSFCore[@DD]:                      tcpi_last_data_sent = 74930 ms 
03-13 09:50:05.029 13508 13779 V MSF.C.MSFCore[@DD]:                      tcpi_last_data_recv = 74890 ms 
03-13 09:50:05.162  9979 10353 V MSF.C.MSFCore[@PS]: [Event] MSFPacketStatistics.cpp(300)::DoCheckRequestTimeout->current rtts:32.284
03-13 09:50:05.533 13508 13775 V MSF.C.MSFCore[@PS]: [Event] MSFPacketStatistics.cpp(300)::DoCheckRequestTimeout->current rtts:20.178
03-13 09:50:06.173  9979 10353 V MSF.C.MSFCore[@PS]: [Event] MSFPacketStatistics.cpp(300)::DoCheckRequestTimeout->current rtts:32.284
03-13 09:50:06.540 13508 13775 V MSF.C.MSFCore[@PS]: [Event] MSFPacketStatistics.cpp(300)::DoCheckRequestTimeout->current rtts:20.178
03-13 09:50:07.179  9979 10353 V MSF.C.MSFCore[@PS]: [Event] MSFPacketStatistics.cpp(300)::DoCheckRequestTimeout->current rtts:32.284
03-13 09:50:07.550 13508 13775 V MSF.C.MSFCore[@PS]: [Event] MSFPacketStatistics.cpp(300)::DoCheckRequestTimeout->current rtts:20.178
03-13 09:50:07.570  9979 10372 V MSF.C.MSFCore[@DD]: [Event] MSFDDNetworkEngine.cpp(179)::onTcpInfoUpdate->onTcpInfoUpdate:
03-13 09:50:07.570  9979 10372 V MSF.C.MSFCore[@DD]:                      tcpi_state = 1;
03-13 09:50:07.570  9979 10372 V MSF.C.MSFCore[@DD]:                      tcpi_ca_state = 0;
03-13 09:50:07.570  9979 10372 V MSF.C.MSFCore[@DD]:                      tcpi_rto = 240 ms;
03-13 09:50:07.570  9979 10372 V MSF.C.MSFCore[@DD]:                      tcpi_unacked = 0;
03-13 09:50:07.570  9979 10372 V MSF.C.MSFCore[@DD]:                      tcpi_rttcur = 33 ms;
03-13 09:50:07.570  9979 10372 V MSF.C.MSFCore[@DD]:                      tcpi_rttvar = 3 ms;
03-13 09:50:07.570  9979 10372 V MSF.C.MSFCore[@DD]:                      tcpi_bytes_retrans = 0 bytes;
03-13 09:50:07.570  9979 10372 V MSF.C.MSFCore[@DD]:                      tcpi_notsent_bytes = 0 bytes;
03-13 09:50:07.570  9979 10372 V MSF.C.MSFCore[@DD]:                      tcpi_bytes_received = 31207 bytes;
03-13 09:50:07.570  9979 10372 V MSF.C.MSFCore[@DD]:                      tcpi_bytes_sent = 0 bytes 
03-13 09:50:07.570  9979 10372 V MSF.C.MSFCore[@DD]:                      tcpi_last_data_sent = 88750 ms 
03-13 09:50:07.570  9979 10372 V MSF.C.MSFCore[@DD]:                      tcpi_last_data_recv = 88720 ms 
03-13 09:50:08.049 13508 13779 V MSF.C.MSFCore[@DD]: [Event] MSFDDNetworkEngine.cpp(179)::onTcpInfoUpdate->onTcpInfoUpdate:
03-13 09:50:08.049 13508 13779 V MSF.C.MSFCore[@DD]:                      tcpi_state = 1;
03-13 09:50:08.049 13508 13779 V MSF.C.MSFCore[@DD]:                      tcpi_ca_state = 0;
03-13 09:50:08.049 13508 13779 V MSF.C.MSFCore[@DD]:                      tcpi_rto = 240 ms;
03-13 09:50:08.049 13508 13779 V MSF.C.MSFCore[@DD]:                      tcpi_unacked = 0;
03-13 09:50:08.049 13508 13779 V MSF.C.MSFCore[@DD]:                      tcpi_rttcur = 31 ms;
03-13 09:50:08.049 13508 13779 V MSF.C.MSFCore[@DD]:                      tcpi_rttvar = 3 ms;
03-13 09:50:08.049 13508 13779 V MSF.C.MSFCore[@DD]:                      tcpi_bytes_retrans = 0 bytes;
03-13 09:50:08.049 13508 13779 V MSF.C.MSFCore[@DD]:                      tcpi_notsent_bytes = 0 bytes;
03-13 09:50:08.049 13508 13779 V MSF.C.MSFCore[@DD]:                      tcpi_bytes_received = 19002 bytes;
03-13 09:50:08.049 13508 13779 V MSF.C.MSFCore[@DD]:                      tcpi_bytes_sent = 0 bytes 
03-13 09:50:08.049 13508 13779 V MSF.C.MSFCore[@DD]:                      tcpi_last_data_sent = 77950 ms 
03-13 09:50:08.049 13508 13779 V MSF.C.MSFCore[@DD]:                      tcpi_last_data_recv = 77910 ms 
03-13 09:50:08.183  9979 10353 V MSF.C.MSFCore[@PS]: [Event] MSFPacketStatistics.cpp(300)::DoCheckRequestTimeout->current rtts:32.284
03-13 09:50:08.555 13508 13775 V MSF.C.MSFCore[@PS]: [Event] MSFPacketStatistics.cpp(300)::DoCheckRequestTimeout->current rtts:20.178
03-13 09:50:09.030 24204 24449 I ReactNativeJS: '清洁道具检查:', 4, 3
03-13 09:50:09.031 24204 24449 I ReactNativeJS: '可用道具:', [ { key: 'soap',
03-13 09:50:09.031 24204 24449 I ReactNativeJS:     price: 15,
03-13 09:50:09.031 24204 24449 I ReactNativeJS:     name: '🧼 肥皂',
03-13 09:50:09.031 24204 24449 I ReactNativeJS:     effect: '清洁度+20',
03-13 09:50:09.031 24204 24449 I ReactNativeJS:     hunger: 0,
03-13 09:50:09.031 24204 24449 I ReactNativeJS:     happiness: 0,
03-13 09:50:09.031 24204 24449 I ReactNativeJS:     energy: 0,
03-13 09:50:09.031 24204 24449 I ReactNativeJS:     cleanliness: 20,
03-13 09:50:09.031 24204 24449 I ReactNativeJS:     count: 4,
03-13 09:50:09.031 24204 24449 I ReactNativeJS:     icon: '🧼' },
03-13 09:50:09.031 24204 24449 I ReactNativeJS:   { key: 'shampoo',
03-13 09:50:09.031 24204 24449 I ReactNativeJS:     price: 35,
03-13 09:50:09.031 24204 24449 I ReactNativeJS:     name: '🧴 沐浴露',
03-13 09:50:09.031 24204 24449 I ReactNativeJS:     effect: '清洁度+30 快乐度+5',
03-13 09:50:09.031 24204 24449 I ReactNativeJS:     hunger: 0,
03-13 09:50:09.031 24204 24449 I ReactNativeJS:     happiness: 5,
03-13 09:50:09.031 24204 24449 I ReactNativeJS:     energy: 0,
03-13 09:50:09.031 24204 24449 I ReactNativeJS:     cleanliness: 30,
03-13 09:50:09.031 24204 24449 I ReactNativeJS:     count: 3,
03-13 09:50:09.031 24204 24449 I ReactNativeJS:     icon: '🧴' } ]
03-13 09:50:09.189  9979 10353 V MSF.C.MSFCore[@PS]: [Event] MSFPacketStatistics.cpp(300)::DoCheckRequestTimeout->current rtts:32.284
03-13 09:50:09.560 13508 13775 V MSF.C.MSFCore[@PS]: [Event] MSFPacketStatistics.cpp(300)::DoCheckRequestTimeout->current rtts:20.178
03-13 09:50:10.192  9979 10353 V MSF.C.MSFCore[@PS]: [Event] MSFPacketStatistics.cpp(300)::DoCheckRequestTimeout->current rtts:32.284
03-13 09:50:10.570 13508 13775 V MSF.C.MSFCore[@PS]: [Event] MSFPacketStatistics.cpp(300)::DoCheckRequestTimeout->current rtts:20.178
03-13 09:50:10.600  9979 10372 V MSF.C.MSFCore[@DD]: [Event] MSFDDNetworkEngine.cpp(179)::onTcpInfoUpdate->onTcpInfoUpdate:
03-13 09:50:10.600  9979 10372 V MSF.C.MSFCore[@DD]:                      tcpi_state = 1;
03-13 09:50:10.600  9979 10372 V MSF.C.MSFCore[@DD]:                      tcpi_ca_state = 0;
03-13 09:50:10.600  9979 10372 V MSF.C.MSFCore[@DD]:                      tcpi_rto = 240 ms;
03-13 09:50:10.600  9979 10372 V MSF.C.MSFCore[@DD]:                      tcpi_unacked = 0;
03-13 09:50:10.600  9979 10372 V MSF.C.MSFCore[@DD]:                      tcpi_rttcur = 33 ms;
03-13 09:50:10.600  9979 10372 V MSF.C.MSFCore[@DD]:                      tcpi_rttvar = 3 ms;
03-13 09:50:10.600  9979 10372 V MSF.C.MSFCore[@DD]:                      tcpi_bytes_retrans = 0 bytes;
03-13 09:50:10.600  9979 10372 V MSF.C.MSFCore[@DD]:                      tcpi_notsent_bytes = 0 bytes;
03-13 09:50:10.600  9979 10372 V MSF.C.MSFCore[@DD]:                      tcpi_bytes_received = 31207 bytes;
03-13 09:50:10.600  9979 10372 V MSF.C.MSFCore[@DD]:                      tcpi_bytes_sent = 0 bytes 
03-13 09:50:10.600  9979 10372 V MSF.C.MSFCore[@DD]:                      tcpi_last_data_sent = 91780 ms 
03-13 09:50:10.600  9979 10372 V MSF.C.MSFCore[@DD]:                      tcpi_last_data_recv = 91750 ms 
03-13 09:50:11.062 13508 13779 V MSF.C.MSFCore[@DD]: [Event] MSFDDNetworkEngine.cpp(179)::onTcpInfoUpdate->onTcpInfoUpdate:
03-13 09:50:11.062 13508 13779 V MSF.C.MSFCore[@DD]:                      tcpi_state = 1;
03-13 09:50:11.062 13508 13779 V MSF.C.MSFCore[@DD]:                      tcpi_ca_state = 0;
03-13 09:50:11.062 13508 13779 V MSF.C.MSFCore[@DD]:                      tcpi_rto = 240 ms;
03-13 09:50:11.062 13508 13779 V MSF.C.MSFCore[@DD]:                      tcpi_unacked = 0;
03-13 09:50:11.062 13508 13779 V MSF.C.MSFCore[@DD]:                      tcpi_rttcur = 31 ms;
03-13 09:50:11.062 13508 13779 V MSF.C.MSFCore[@DD]:                      tcpi_rttvar = 3 ms;
03-13 09:50:11.062 13508 13779 V MSF.C.MSFCore[@DD]:                      tcpi_bytes_retrans = 0 bytes;
03-13 09:50:11.062 13508 13779 V MSF.C.MSFCore[@DD]:                      tcpi_notsent_bytes = 0 bytes;
03-13 09:50:11.062 13508 13779 V MSF.C.MSFCore[@DD]:                      tcpi_bytes_received = 19002 bytes;
03-13 09:50:11.062 13508 13779 V MSF.C.MSFCore[@DD]:                      tcpi_bytes_sent = 0 bytes 
03-13 09:50:11.062 13508 13779 V MSF.C.MSFCore[@DD]:                      tcpi_last_data_sent = 80960 ms 
03-13 09:50:11.062 13508 13779 V MSF.C.MSFCore[@DD]:                      tcpi_last_data_recv = 80920 ms 
03-13 09:50:11.199  9979 10353 V MSF.C.MSFCore[@PS]: [Event] MSFPacketStatistics.cpp(300)::DoCheckRequestTimeout->current rtts:32.284
03-13 09:50:11.580 13508 13775 V MSF.C.MSFCore[@PS]: [Event] MSFPacketStatistics.cpp(300)::DoCheckRequestTimeout->current rtts:20.178
03-13 09:50:12.209  9979 10353 V MSF.C.MSFCore[@PS]: [Event] MSFPacketStatistics.cpp(300)::DoCheckRequestTimeout->current rtts:32.284
03-13 09:50:12.583 13508 13775 V MSF.C.MSFCore[@PS]: [Event] MSFPacketStatistics.cpp(300)::DoCheckRequestTimeout->current rtts:20.178
03-13 09:50:13.220  9979 10353 V MSF.C.MSFCore[@PS]: [Event] MSFPacketStatistics.cpp(300)::DoCheckRequestTimeout->current rtts:32.284
03-13 09:50:13.589 13508 13775 V MSF.C.MSFCore[@PS]: [Event] MSFPacketStatistics.cpp(300)::DoCheckRequestTimeout->current rtts:20.178
03-13 09:50:13.625  9979 10372 V MSF.C.MSFCore[@DD]: [Event] MSFDDNetworkEngine.cpp(179)::onTcpInfoUpdate->onTcpInfoUpdate:
03-13 09:50:13.625  9979 10372 V MSF.C.MSFCore[@DD]:                      tcpi_state = 1;
03-13 09:50:13.625  9979 10372 V MSF.C.MSFCore[@DD]:                      tcpi_ca_state = 0;
03-13 09:50:13.625  9979 10372 V MSF.C.MSFCore[@DD]:                      tcpi_rto = 240 ms;
03-13 09:50:13.625  9979 10372 V MSF.C.MSFCore[@DD]:                      tcpi_unacked = 0;
03-13 09:50:13.625  9979 10372 V MSF.C.MSFCore[@DD]:                      tcpi_rttcur = 33 ms;
03-13 09:50:13.625  9979 10372 V MSF.C.MSFCore[@DD]:                      tcpi_rttvar = 3 ms;
03-13 09:50:13.625  9979 10372 V MSF.C.MSFCore[@DD]:                      tcpi_bytes_retrans = 0 bytes;
03-13 09:50:13.625  9979 10372 V MSF.C.MSFCore[@DD]:                      tcpi_notsent_bytes = 0 bytes;
03-13 09:50:13.625  9979 10372 V MSF.C.MSFCore[@DD]:                      tcpi_bytes_received = 31207 bytes;
03-13 09:50:13.625  9979 10372 V MSF.C.MSFCore[@DD]:                      tcpi_bytes_sent = 0 bytes 
03-13 09:50:13.625  9979 10372 V MSF.C.MSFCore[@DD]:                      tcpi_last_data_sent = 94800 ms 
03-13 09:50:13.625  9979 10372 V MSF.C.MSFCore[@DD]:                      tcpi_last_data_recv = 94770 ms 
03-13 09:50:14.085 13508 13779 V MSF.C.MSFCore[@DD]: [Event] MSFDDNetworkEngine.cpp(179)::onTcpInfoUpdate->onTcpInfoUpdate:
03-13 09:50:14.085 13508 13779 V MSF.C.MSFCore[@DD]:                      tcpi_state = 1;
03-13 09:50:14.085 13508 13779 V MSF.C.MSFCore[@DD]:                      tcpi_ca_state = 0;
03-13 09:50:14.085 13508 13779 V MSF.C.MSFCore[@DD]:                      tcpi_rto = 240 ms;
03-13 09:50:14.085 13508 13779 V MSF.C.MSFCore[@DD]:                      tcpi_unacked = 0;
03-13 09:50:14.085 13508 13779 V MSF.C.MSFCore[@DD]:                      tcpi_rttcur = 31 ms;
03-13 09:50:14.085 13508 13779 V MSF.C.MSFCore[@DD]:                      tcpi_rttvar = 3 ms;
03-13 09:50:14.085 13508 13779 V MSF.C.MSFCore[@DD]:                      tcpi_bytes_retrans = 0 bytes;
03-13 09:50:14.085 13508 13779 V MSF.C.MSFCore[@DD]:                      tcpi_notsent_bytes = 0 bytes;
03-13 09:50:14.085 13508 13779 V MSF.C.MSFCore[@DD]:                      tcpi_bytes_received = 19002 bytes;
03-13 09:50:14.085 13508 13779 V MSF.C.MSFCore[@DD]:                      tcpi_bytes_sent = 0 bytes 
03-13 09:50:14.085 13508 13779 V MSF.C.MSFCore[@DD]:                      tcpi_last_data_sent = 83980 ms 
03-13 09:50:14.085 13508 13779 V MSF.C.MSFCore[@DD]:                      tcpi_last_data_recv = 83940 ms 
03-13 09:50:14.228  9979 10353 V MSF.C.MSFCore[@PS]: [Event] MSFPacketStatistics.cpp(300)::DoCheckRequestTimeout->current rtts:32.284
03-13 09:50:14.599 13508 13775 V MSF.C.MSFCore[@PS]: [Event] MSFPacketStatistics.cpp(300)::DoCheckRequestTimeout->current rtts:20.178
03-13 09:50:14.661  9979  9979 W Thread_3: type=1400 audit(0.0:30863): avc: denied { search } for name="pem" dev="proc" ino=4026534009 scontext=u:r:untrusted_app:s0:c176,c256,c512,c768 tcontext=u:object_r:proc_pem:s0 tclass=dir permissive=0 app=com.tencent.mobileqq
03-13 09:50:14.661  9979  9979 W Thread_3: type=1400 audit(0.0:30864): avc: denied { search } for name="shs" dev="proc" ino=4026535279 scontext=u:r:untrusted_app:s0:c176,c256,c512,c768 tcontext=u:object_r:vendor_proc_shs:s0 tclass=dir permissive=0 app=com.tencent.mobileqq
03-13 09:50:14.661  9979  9979 W Thread_3: type=1400 audit(0.0:30865): avc: denied { search } for name="sla" dev="proc" ino=4026534019 scontext=u:r:untrusted_app:s0:c176,c256,c512,c768 tcontext=u:object_r:qti_proc_sla:s0 tclass=dir permissive=0 app=com.tencent.mobileqq
03-13 09:50:14.661  9979  9979 W Thread_3: type=1400 audit(0.0:30866): avc: denied { search } for name="blog" dev="proc" ino=4026532156 scontext=u:r:untrusted_app:s0:c176,c256,c512,c768 tcontext=u:object_r:proc_blog:s0 tclass=dir permissive=0 app=com.tencent.mobileqq
03-13 09:50:14.661  9979  9979 W Thread_3: type=1400 audit(0.0:30867): avc: denied { search } for name="tzdbg" dev="proc" ino=4026533955 scontext=u:r:untrusted_app:s0:c176,c256,c512,c768 tcontext=u:object_r:vendor_proc_tz:s0 tclass=dir permissive=0 app=com.tencent.mobileqq
03-13 09:50:14.661  9979  9979 W Thread_3: type=1400 audit(0.0:30868): avc: denied { search } for name="asound" dev="proc" ino=4026532093 scontext=u:r:untrusted_app:s0:c176,c256,c512,c768 tcontext=u:object_r:proc_asound:s0 tclass=dir permissive=0 app=com.tencent.mobileqq
03-13 09:50:14.661  9979  9979 W Thread_3: type=1400 audit(0.0:30869): avc: denied { search } for name="isroot" dev="proc" ino=4026534148 scontext=u:r:untrusted_app:s0:c176,c256,c512,c768 tcontext=u:object_r:proc_isroot:s0 tclass=dir permissive=0 app=com.tencent.mobileqq
03-13 09:50:15.230  9979 10353 V MSF.C.MSFCore[@PS]: [Event] MSFPacketStatistics.cpp(300)::DoCheckRequestTimeout->current rtts:32.284
03-13 09:50:15.261  9979  9979 W Thread_3: type=1400 audit(0.0:30870): avc: denied { read } for name="unix" dev="proc" ino=4026532187 scontext=u:r:untrusted_app:s0:c176,c256,c512,c768 tcontext=u:object_r:proc_net:s0 tclass=file permissive=0 app=com.tencent.mobileqq
03-13 09:50:15.610 13508 13775 V MSF.C.MSFCore[@PS]: [Event] MSFPacketStatistics.cpp(300)::DoCheckRequestTimeout->current rtts:20.178
03-13 09:50:16.235  9979 10353 V MSF.C.MSFCore[@PS]: [Event] MSFPacketStatistics.cpp(300)::DoCheckRequestTimeout->current rtts:32.284
03-13 09:50:16.620 13508 13775 V MSF.C.MSFCore[@PS]: [Event] MSFPacketStatistics.cpp(300)::DoCheckRequestTimeout->current rtts:20.178
03-13 09:50:16.650  9979 10372 V MSF.C.MSFCore[@DD]: [Event] MSFDDNetworkEngine.cpp(179)::onTcpInfoUpdate->onTcpInfoUpdate:
03-13 09:50:16.650  9979 10372 V MSF.C.MSFCore[@DD]:                      tcpi_state = 1;
03-13 09:50:16.650  9979 10372 V MSF.C.MSFCore[@DD]:                      tcpi_ca_state = 0;
03-13 09:50:16.650  9979 10372 V MSF.C.MSFCore[@DD]:                      tcpi_rto = 240 ms;
03-13 09:50:16.650  9979 10372 V MSF.C.MSFCore[@DD]:                      tcpi_unacked = 0;
03-13 09:50:16.650  9979 10372 V MSF.C.MSFCore[@DD]:                      tcpi_rttcur = 33 ms;
03-13 09:50:16.650  9979 10372 V MSF.C.MSFCore[@DD]:                      tcpi_rttvar = 3 ms;
03-13 09:50:16.650  9979 10372 V MSF.C.MSFCore[@DD]:                      tcpi_bytes_retrans = 0 bytes;
03-13 09:50:16.650  9979 10372 V MSF.C.MSFCore[@DD]:                      tcpi_notsent_bytes = 0 bytes;
03-13 09:50:16.650  9979 10372 V MSF.C.MSFCore[@DD]:                      tcpi_bytes_received = 31207 bytes;
03-13 09:50:16.650  9979 10372 V MSF.C.MSFCore[@DD]:                      tcpi_bytes_sent = 0 bytes 
03-13 09:50:16.650  9979 10372 V MSF.C.MSFCore[@DD]:                      tcpi_last_data_sent = 97830 ms 
03-13 09:50:16.650  9979 10372 V MSF.C.MSFCore[@DD]:                      tcpi_last_data_recv = 97800 ms 
03-13 09:50:17.096 13508 13779 V MSF.C.MSFCore[@DD]: [Event] MSFDDNetworkEngine.cpp(179)::onTcpInfoUpdate->onTcpInfoUpdate:
03-13 09:50:17.096 13508 13779 V MSF.C.MSFCore[@DD]:                      tcpi_state = 1;
03-13 09:50:17.096 13508 13779 V MSF.C.MSFCore[@DD]:                      tcpi_ca_state = 0;
03-13 09:50:17.096 13508 13779 V MSF.C.MSFCore[@DD]:                      tcpi_rto = 240 ms;
03-13 09:50:17.096 13508 13779 V MSF.C.MSFCore[@DD]:                      tcpi_unacked = 0;
03-13 09:50:17.096 13508 13779 V MSF.C.MSFCore[@DD]:                      tcpi_rttcur = 31 ms;
03-13 09:50:17.096 13508 13779 V MSF.C.MSFCore[@DD]:                      tcpi_rttvar = 3 ms;
03-13 09:50:17.096 13508 13779 V MSF.C.MSFCore[@DD]:                      tcpi_bytes_retrans = 0 bytes;
03-13 09:50:17.096 13508 13779 V MSF.C.MSFCore[@DD]:                      tcpi_notsent_bytes = 0 bytes;
03-13 09:50:17.096 13508 13779 V MSF.C.MSFCore[@DD]:                      tcpi_bytes_received = 19002 bytes;
03-13 09:50:17.096 13508 13779 V MSF.C.MSFCore[@DD]:                      tcpi_bytes_sent = 0 bytes 
03-13 09:50:17.096 13508 13779 V MSF.C.MSFCore[@DD]:                      tcpi_last_data_sent = 86990 ms 
03-13 09:50:17.096 13508 13779 V MSF.C.MSFCore[@DD]:                      tcpi_last_data_recv = 86950 ms 
03-13 09:50:17.239  9979 10353 V MSF.C.MSFCore[@PS]: [Event] MSFPacketStatistics.cpp(300)::DoCheckRequestTimeout->current rtts:32.284
03-13 09:50:17.622 13508 13775 V MSF.C.MSFCore[@PS]: [Event] MSFPacketStatistics.cpp(300)::DoCheckRequestTimeout->current rtts:20.178
03-13 09:50:18.246  9979 10353 V MSF.C.MSFCore[@PS]: [Event] MSFPacketStatistics.cpp(300)::DoCheckRequestTimeout->current rtts:32.284
03-13 09:50:18.629 13508 13775 V MSF.C.MSFCore[@PS]: [Event] MSFPacketStatistics.cpp(300)::DoCheckRequestTimeout->current rtts:20.178
03-13 09:50:19.249  9979 10353 V MSF.C.MSFCore[@PS]: [Event] MSFPacketStatistics.cpp(300)::DoCheckRequestTimeout->current rtts:32.284
03-13 09:50:19.640 13508 13775 V MSF.C.MSFCore[@PS]: [Event] MSFPacketStatistics.cpp(300)::DoCheckRequestTimeout->current rtts:20.178
03-13 09:50:19.660  9979 10372 V MSF.C.MSFCore[@DD]: [Event] MSFDDNetworkEngine.cpp(179)::onTcpInfoUpdate->onTcpInfoUpdate:
03-13 09:50:19.660  9979 10372 V MSF.C.MSFCore[@DD]:                      tcpi_state = 1;
03-13 09:50:19.660  9979 10372 V MSF.C.MSFCore[@DD]:                      tcpi_ca_state = 0;
03-13 09:50:19.660  9979 10372 V MSF.C.MSFCore[@DD]:                      tcpi_rto = 240 ms;
03-13 09:50:19.660  9979 10372 V MSF.C.MSFCore[@DD]:                      tcpi_unacked = 0;
03-13 09:50:19.660  9979 10372 V MSF.C.MSFCore[@DD]:                      tcpi_rttcur = 33 ms;
03-13 09:50:19.660  9979 10372 V MSF.C.MSFCore[@DD]:                      tcpi_rttvar = 3 ms;
03-13 09:50:19.660  9979 10372 V MSF.C.MSFCore[@DD]:                      tcpi_bytes_retrans = 0 bytes;
03-13 09:50:19.660  9979 10372 V MSF.C.MSFCore[@DD]:                      tcpi_notsent_bytes = 0 bytes;
03-13 09:50:19.660  9979 10372 V MSF.C.MSFCore[@DD]:                      tcpi_bytes_received = 31207 bytes;
03-13 09:50:19.660  9979 10372 V MSF.C.MSFCore[@DD]:                      tcpi_bytes_sent = 0 bytes 
03-13 09:50:19.660  9979 10372 V MSF.C.MSFCore[@DD]:                      tcpi_last_data_sent = 100840 ms 
03-13 09:50:19.660  9979 10372 V MSF.C.MSFCore[@DD]:                      tcpi_last_data_recv = 100810 ms 
03-13 09:50:20.122 13508 13779 V MSF.C.MSFCore[@DD]: [Event] MSFDDNetworkEngine.cpp(179)::onTcpInfoUpdate->onTcpInfoUpdate:
03-13 09:50:20.122 13508 13779 V MSF.C.MSFCore[@DD]:                      tcpi_state = 1;
03-13 09:50:20.122 13508 13779 V MSF.C.MSFCore[@DD]:                      tcpi_ca_state = 0;
03-13 09:50:20.122 13508 13779 V MSF.C.MSFCore[@DD]:                      tcpi_rto = 240 ms;
03-13 09:50:20.122 13508 13779 V MSF.C.MSFCore[@DD]:                      tcpi_unacked = 0;
03-13 09:50:20.122 13508 13779 V MSF.C.MSFCore[@DD]:                      tcpi_rttcur = 31 ms;
03-13 09:50:20.122 13508 13779 V MSF.C.MSFCore[@DD]:                      tcpi_rttvar = 3 ms;
03-13 09:50:20.122 13508 13779 V MSF.C.MSFCore[@DD]:                      tcpi_bytes_retrans = 0 bytes;
03-13 09:50:20.122 13508 13779 V MSF.C.MSFCore[@DD]:                      tcpi_notsent_bytes = 0 bytes;
03-13 09:50:20.122 13508 13779 V MSF.C.MSFCore[@DD]:                      tcpi_bytes_received = 19002 bytes;
03-13 09:50:20.122 13508 13779 V MSF.C.MSFCore[@DD]:                      tcpi_bytes_sent = 0 bytes 
03-13 09:50:20.122 13508 13779 V MSF.C.MSFCore[@DD]:                      tcpi_last_data_sent = 90020 ms 
03-13 09:50:20.122 13508 13779 V MSF.C.MSFCore[@DD]:                      tcpi_last_data_recv = 89980 ms 
03-13 09:50:20.251  9979 10353 V MSF.C.MSFCore[@PS]: [Event] MSFPacketStatistics.cpp(300)::DoCheckRequestTimeout->current rtts:32.284
03-13 09:50:20.650 13508 13775 V MSF.C.MSFCore[@PS]: [Event] MSFPacketStatistics.cpp(300)::DoCheckRequestTimeout->current rtts:20.178
03-13 09:50:21.260  9979 10353 V MSF.C.MSFCore[@PS]: [Event] MSFPacketStatistics.cpp(300)::DoCheckRequestTimeout->current rtts:32.284
03-13 09:50:21.660 13508 13775 V MSF.C.MSFCore[@PS]: [Event] MSFPacketStatistics.cpp(300)::DoCheckRequestTimeout->current rtts:20.178
03-13 09:50:22.270  9979 10353 V MSF.C.MSFCore[@PS]: [Event] MSFPacketStatistics.cpp(300)::DoCheckRequestTimeout->current rtts:32.284
03-13 09:50:22.663 13508 13775 V MSF.C.MSFCore[@PS]: [Event] MSFPacketStatistics.cpp(300)::DoCheckRequestTimeout->current rtts:20.178
03-13 09:50:22.690  9979 10372 V MSF.C.MSFCore[@DD]: [Event] MSFDDNetworkEngine.cpp(179)::onTcpInfoUpdate->onTcpInfoUpdate:
03-13 09:50:22.690  9979 10372 V MSF.C.MSFCore[@DD]:                      tcpi_state = 1;
03-13 09:50:22.690  9979 10372 V MSF.C.MSFCore[@DD]:                      tcpi_ca_state = 0;
03-13 09:50:22.690  9979 10372 V MSF.C.MSFCore[@DD]:                      tcpi_rto = 240 ms;
03-13 09:50:22.690  9979 10372 V MSF.C.MSFCore[@DD]:                      tcpi_unacked = 0;
03-13 09:50:22.690  9979 10372 V MSF.C.MSFCore[@DD]:                      tcpi_rttcur = 33 ms;
03-13 09:50:22.690  9979 10372 V MSF.C.MSFCore[@DD]:                      tcpi_rttvar = 3 ms;
03-13 09:50:22.690  9979 10372 V MSF.C.MSFCore[@DD]:                      tcpi_bytes_retrans = 0 bytes;
03-13 09:50:22.690  9979 10372 V MSF.C.MSFCore[@DD]:                      tcpi_notsent_bytes = 0 bytes;
03-13 09:50:22.690  9979 10372 V MSF.C.MSFCore[@DD]:                      tcpi_bytes_received = 31207 bytes;
03-13 09:50:22.690  9979 10372 V MSF.C.MSFCore[@DD]:                      tcpi_bytes_sent = 0 bytes 
03-13 09:50:22.690  9979 10372 V MSF.C.MSFCore[@DD]:                      tcpi_last_data_sent = 103870 ms 
03-13 09:50:22.690  9979 10372 V MSF.C.MSFCore[@DD]:                      tcpi_last_data_recv = 103840 ms 
03-13 09:50:23.140 13508 13779 V MSF.C.MSFCore[@DD]: [Event] MSFDDNetworkEngine.cpp(179)::onTcpInfoUpdate->onTcpInfoUpdate:
03-13 09:50:23.140 13508 13779 V MSF.C.MSFCore[@DD]:                      tcpi_state = 1;
03-13 09:50:23.140 13508 13779 V MSF.C.MSFCore[@DD]:                      tcpi_ca_state = 0;
03-13 09:50:23.140 13508 13779 V MSF.C.MSFCore[@DD]:                      tcpi_rto = 240 ms;
03-13 09:50:23.140 13508 13779 V MSF.C.MSFCore[@DD]:                      tcpi_unacked = 0;
03-13 09:50:23.140 13508 13779 V MSF.C.MSFCore[@DD]:                      tcpi_rttcur = 31 ms;
03-13 09:50:23.140 13508 13779 V MSF.C.MSFCore[@DD]:                      tcpi_rttvar = 3 ms;
03-13 09:50:23.140 13508 13779 V MSF.C.MSFCore[@DD]:                      tcpi_bytes_retrans = 0 bytes;
03-13 09:50:23.140 13508 13779 V MSF.C.MSFCore[@DD]:                      tcpi_notsent_bytes = 0 bytes;
03-13 09:50:23.140 13508 13779 V MSF.C.MSFCore[@DD]:                      tcpi_bytes_received = 19002 bytes;
03-13 09:50:23.140 13508 13779 V MSF.C.MSFCore[@DD]:                      tcpi_bytes_sent = 0 bytes 
03-13 09:50:23.140 13508 13779 V MSF.C.MSFCore[@DD]:                      tcpi_last_data_sent = 93040 ms 
03-13 09:50:23.140 13508 13779 V MSF.C.MSFCore[@DD]:                      tcpi_last_data_recv = 93000 ms 
03-13 09:50:23.280  9979 10353 V MSF.C.MSFCore[@PS]: [Event] MSFPacketStatistics.cpp(300)::DoCheckRequestTimeout->current rtts:32.284
03-13 09:50:23.669 13508 13775 V MSF.C.MSFCore[@PS]: [Event] MSFPacketStatistics.cpp(300)::DoCheckRequestTimeout->current rtts:20.178
03-13 09:50:24.040 24204 24449 I ReactNativeJS: '清洁道具检查:', 4, 3
03-13 09:50:24.041 24204 24449 I ReactNativeJS: '可用道具:', [ { key: 'soap',
03-13 09:50:24.041 24204 24449 I ReactNativeJS:     price: 15,
03-13 09:50:24.041 24204 24449 I ReactNativeJS:     name: '🧼 肥皂',
03-13 09:50:24.041 24204 24449 I ReactNativeJS:     effect: '清洁度+20',
03-13 09:50:24.041 24204 24449 I ReactNativeJS:     hunger: 0,
03-13 09:50:24.041 24204 24449 I ReactNativeJS:     happiness: 0,
03-13 09:50:24.041 24204 24449 I ReactNativeJS:     energy: 0,
03-13 09:50:24.041 24204 24449 I ReactNativeJS:     cleanliness: 20,
03-13 09:50:24.041 24204 24449 I ReactNativeJS:     count: 4,
03-13 09:50:24.041 24204 24449 I ReactNativeJS:     icon: '🧼' },
03-13 09:50:24.041 24204 24449 I ReactNativeJS:   { key: 'shampoo',
03-13 09:50:24.041 24204 24449 I ReactNativeJS:     price: 35,
03-13 09:50:24.041 24204 24449 I ReactNativeJS:     name: '🧴 沐浴露',
03-13 09:50:24.041 24204 24449 I ReactNativeJS:     effect: '清洁度+30 快乐度+5',
03-13 09:50:24.041 24204 24449 I ReactNativeJS:     hunger: 0,
03-13 09:50:24.041 24204 24449 I ReactNativeJS:     happiness: 5,
03-13 09:50:24.041 24204 24449 I ReactNativeJS:     energy: 0,
03-13 09:50:24.041 24204 24449 I ReactNativeJS:     cleanliness: 30,
03-13 09:50:24.041 24204 24449 I ReactNativeJS:     count: 3,
03-13 09:50:24.041 24204 24449 I ReactNativeJS:     icon: '🧴' } ]
03-13 09:50:24.285  9979 10353 V MSF.C.MSFCore[@PS]: [Event] MSFPacketStatistics.cpp(300)::DoCheckRequestTimeout->current rtts:32.284
03-13 09:50:24.680 13508 13775 V MSF.C.MSFCore[@PS]: [Event] MSFPacketStatistics.cpp(300)::DoCheckRequestTimeout->current rtts:20.178
03-13 09:50:25.290  9979 10353 V MSF.C.MSFCore[@PS]: [Event] MSFPacketStatistics.cpp(300)::DoCheckRequestTimeout->current rtts:32.284
03-13 09:50:25.685 13508 13775 V MSF.C.MSFCore[@PS]: [Event] MSFPacketStatistics.cpp(300)::DoCheckRequestTimeout->current rtts:20.178
03-13 09:50:25.720  9979 10372 V MSF.C.MSFCore[@DD]: [Event] MSFDDNetworkEngine.cpp(179)::onTcpInfoUpdate->onTcpInfoUpdate:
03-13 09:50:25.720  9979 10372 V MSF.C.MSFCore[@DD]:                      tcpi_state = 1;
03-13 09:50:25.720  9979 10372 V MSF.C.MSFCore[@DD]:                      tcpi_ca_state = 0;
03-13 09:50:25.720  9979 10372 V MSF.C.MSFCore[@DD]:                      tcpi_rto = 240 ms;
03-13 09:50:25.720  9979 10372 V MSF.C.MSFCore[@DD]:                      tcpi_unacked = 0;
03-13 09:50:25.720  9979 10372 V MSF.C.MSFCore[@DD]:                      tcpi_rttcur = 33 ms;
03-13 09:50:25.720  9979 10372 V MSF.C.MSFCore[@DD]:                      tcpi_rttvar = 3 ms;
03-13 09:50:25.720  9979 10372 V MSF.C.MSFCore[@DD]:                      tcpi_bytes_retrans = 0 bytes;
03-13 09:50:25.720  9979 10372 V MSF.C.MSFCore[@DD]:                      tcpi_notsent_bytes = 0 bytes;
03-13 09:50:25.720  9979 10372 V MSF.C.MSFCore[@DD]:                      tcpi_bytes_received = 31207 bytes;
03-13 09:50:25.720  9979 10372 V MSF.C.MSFCore[@DD]:                      tcpi_bytes_sent = 0 bytes 
03-13 09:50:25.720  9979 10372 V MSF.C.MSFCore[@DD]:                      tcpi_last_data_sent = 106900 ms 
03-13 09:50:25.720  9979 10372 V MSF.C.MSFCore[@DD]:                      tcpi_last_data_recv = 106870 ms 
03-13 09:50:25.905 24204 24449 I ReactNativeJS: '清洁道具检查:', 4, 3
03-13 09:50:25.906 24204 24449 I ReactNativeJS: '可用道具:', [ { key: 'soap',
03-13 09:50:25.906 24204 24449 I ReactNativeJS:     price: 15,
03-13 09:50:25.906 24204 24449 I ReactNativeJS:     name: '🧼 肥皂',
03-13 09:50:25.906 24204 24449 I ReactNativeJS:     effect: '清洁度+20',
03-13 09:50:25.906 24204 24449 I ReactNativeJS:     hunger: 0,
03-13 09:50:25.906 24204 24449 I ReactNativeJS:     happiness: 0,
03-13 09:50:25.906 24204 24449 I ReactNativeJS:     energy: 0,
03-13 09:50:25.906 24204 24449 I ReactNativeJS:     cleanliness: 20,
03-13 09:50:25.906 24204 24449 I ReactNativeJS:     count: 4,
03-13 09:50:25.906 24204 24449 I ReactNativeJS:     icon: '🧼' },
03-13 09:50:25.906 24204 24449 I ReactNativeJS:   { key: 'shampoo',
03-13 09:50:25.906 24204 24449 I ReactNativeJS:     price: 35,
03-13 09:50:25.906 24204 24449 I ReactNativeJS:     name: '🧴 沐浴露',
03-13 09:50:25.906 24204 24449 I ReactNativeJS:     effect: '清洁度+30 快乐度+5',
03-13 09:50:25.906 24204 24449 I ReactNativeJS:     hunger: 0,
03-13 09:50:25.906 24204 24449 I ReactNativeJS:     happiness: 5,
03-13 09:50:25.906 24204 24449 I ReactNativeJS:     energy: 0,
03-13 09:50:25.906 24204 24449 I ReactNativeJS:     cleanliness: 30,
03-13 09:50:25.906 24204 24449 I ReactNativeJS:     count: 3,
03-13 09:50:25.906 24204 24449 I ReactNativeJS:     icon: '🧴' } ]
03-13 09:50:26.163 13508 13779 V MSF.C.MSFCore[@DD]: [Event] MSFDDNetworkEngine.cpp(179)::onTcpInfoUpdate->onTcpInfoUpdate:
03-13 09:50:26.163 13508 13779 V MSF.C.MSFCore[@DD]:                      tcpi_state = 1;
03-13 09:50:26.163 13508 13779 V MSF.C.MSFCore[@DD]:                      tcpi_ca_state = 0;
03-13 09:50:26.163 13508 13779 V MSF.C.MSFCore[@DD]:                      tcpi_rto = 240 ms;
03-13 09:50:26.163 13508 13779 V MSF.C.MSFCore[@DD]:                      tcpi_unacked = 0;
03-13 09:50:26.163 13508 13779 V MSF.C.MSFCore[@DD]:                      tcpi_rttcur = 31 ms;
03-13 09:50:26.163 13508 13779 V MSF.C.MSFCore[@DD]:                      tcpi_rttvar = 3 ms;
03-13 09:50:26.163 13508 13779 V MSF.C.MSFCore[@DD]:                      tcpi_bytes_retrans = 0 bytes;
03-13 09:50:26.163 13508 13779 V MSF.C.MSFCore[@DD]:                      tcpi_notsent_bytes = 0 bytes;
03-13 09:50:26.163 13508 13779 V MSF.C.MSFCore[@DD]:                      tcpi_bytes_received = 19002 bytes;
03-13 09:50:26.163 13508 13779 V MSF.C.MSFCore[@DD]:                      tcpi_bytes_sent = 0 bytes 
03-13 09:50:26.163 13508 13779 V MSF.C.MSFCore[@DD]:                      tcpi_last_data_sent = 96060 ms 
03-13 09:50:26.163 13508 13779 V MSF.C.MSFCore[@DD]:                      tcpi_last_data_recv = 96020 ms 
03-13 09:50:26.299  9979 10353 V MSF.C.MSFCore[@PS]: [Event] MSFPacketStatistics.cpp(300)::DoCheckRequestTimeout->current rtts:32.284
03-13 09:50:26.690 13508 13775 V MSF.C.MSFCore[@PS]: [Event] MSFPacketStatistics.cpp(300)::DoCheckRequestTimeout->current rtts:20.178
03-13 09:50:27.310  9979 10353 V MSF.C.MSFCore[@PS]: [Event] MSFPacketStatistics.cpp(300)::DoCheckRequestTimeout->current rtts:32.284
03-13 09:50:27.692 13508 13775 V MSF.C.MSFCore[@PS]: [Event] MSFPacketStatistics.cpp(300)::DoCheckRequestTimeout->current rtts:20.178
03-13 09:50:28.320  9979 10353 V MSF.C.MSFCore[@PS]: [Event] MSFPacketStatistics.cpp(300)::DoCheckRequestTimeout->current rtts:32.284
03-13 09:50:28.699 13508 13775 V MSF.C.MSFCore[@PS]: [Event] MSFPacketStatistics.cpp(300)::DoCheckRequestTimeout->current rtts:20.178
03-13 09:50:28.735  9979 10372 V MSF.C.MSFCore[@DD]: [Event] MSFDDNetworkEngine.cpp(179)::onTcpInfoUpdate->onTcpInfoUpdate:
03-13 09:50:28.735  9979 10372 V MSF.C.MSFCore[@DD]:                      tcpi_state = 1;
03-13 09:50:28.735  9979 10372 V MSF.C.MSFCore[@DD]:                      tcpi_ca_state = 0;
03-13 09:50:28.735  9979 10372 V MSF.C.MSFCore[@DD]:                      tcpi_rto = 240 ms;
03-13 09:50:28.735  9979 10372 V MSF.C.MSFCore[@DD]:                      tcpi_unacked = 0;
03-13 09:50:28.735  9979 10372 V MSF.C.MSFCore[@DD]:                      tcpi_rttcur = 33 ms;
03-13 09:50:28.735  9979 10372 V MSF.C.MSFCore[@DD]:                      tcpi_rttvar = 3 ms;
03-13 09:50:28.735  9979 10372 V MSF.C.MSFCore[@DD]:                      tcpi_bytes_retrans = 0 bytes;
03-13 09:50:28.735  9979 10372 V MSF.C.MSFCore[@DD]:                      tcpi_notsent_bytes = 0 bytes;
03-13 09:50:28.735  9979 10372 V MSF.C.MSFCore[@DD]:                      tcpi_bytes_received = 31207 bytes;
03-13 09:50:28.735  9979 10372 V MSF.C.MSFCore[@DD]:                      tcpi_bytes_sent = 0 bytes 
03-13 09:50:28.735  9979 10372 V MSF.C.MSFCore[@DD]:                      tcpi_last_data_sent = 109910 ms 
03-13 09:50:28.735  9979 10372 V MSF.C.MSFCore[@DD]:                      tcpi_last_data_recv = 109880 ms 
03-13 09:50:29.180 13508 13779 V MSF.C.MSFCore[@DD]: [Event] MSFDDNetworkEngine.cpp(179)::onTcpInfoUpdate->onTcpInfoUpdate:
03-13 09:50:29.180 13508 13779 V MSF.C.MSFCore[@DD]:                      tcpi_state = 1;
03-13 09:50:29.180 13508 13779 V MSF.C.MSFCore[@DD]:                      tcpi_ca_state = 0;
03-13 09:50:29.180 13508 13779 V MSF.C.MSFCore[@DD]:                      tcpi_rto = 240 ms;
03-13 09:50:29.180 13508 13779 V MSF.C.MSFCore[@DD]:                      tcpi_unacked = 0;
03-13 09:50:29.180 13508 13779 V MSF.C.MSFCore[@DD]:                      tcpi_rttcur = 31 ms;
03-13 09:50:29.180 13508 13779 V MSF.C.MSFCore[@DD]:                      tcpi_rttvar = 3 ms;
03-13 09:50:29.180 13508 13779 V MSF.C.MSFCore[@DD]:                      tcpi_bytes_retrans = 0 bytes;
03-13 09:50:29.180 13508 13779 V MSF.C.MSFCore[@DD]:                      tcpi_notsent_bytes = 0 bytes;
03-13 09:50:29.180 13508 13779 V MSF.C.MSFCore[@DD]:                      tcpi_bytes_received = 19002 bytes;
03-13 09:50:29.180 13508 13779 V MSF.C.MSFCore[@DD]:                      tcpi_bytes_sent = 0 bytes 
03-13 09:50:29.180 13508 13779 V MSF.C.MSFCore[@DD]:                      tcpi_last_data_sent = 99080 ms 
03-13 09:50:29.180 13508 13779 V MSF.C.MSFCore[@DD]:                      tcpi_last_data_recv = 99040 ms 
03-13 09:50:29.331  9979 10353 V MSF.C.MSFCore[@PS]: [Event] MSFPacketStatistics.cpp(300)::DoCheckRequestTimeout->current rtts:32.284
03-13 09:50:29.701 13508 13775 V MSF.C.MSFCore[@PS]: [Event] MSFPacketStatistics.cpp(300)::DoCheckRequestTimeout->current rtts:20.178
03-13 09:50:30.336  9979 10353 V MSF.C.MSFCore[@PS]: [Event] MSFPacketStatistics.cpp(300)::DoCheckRequestTimeout->current rtts:32.284
03-13 09:50:30.702 13508 13775 V MSF.C.MSFCore[@PS]: [Event] MSFPacketStatistics.cpp(300)::DoCheckRequestTimeout->current rtts:20.178
03-13 09:50:31.339  9979 10353 V MSF.C.MSFCore[@PS]: [Event] MSFPacketStatistics.cpp(300)::DoCheckRequestTimeout->current rtts:32.284
03-13 09:50:31.709 13508 13775 V MSF.C.MSFCore[@PS]: [Event] MSFPacketStatistics.cpp(300)::DoCheckRequestTimeout->current rtts:20.178
03-13 09:50:31.753  9979 10372 V MSF.C.MSFCore[@DD]: [Event] MSFDDNetworkEngine.cpp(179)::onTcpInfoUpdate->onTcpInfoUpdate:
03-13 09:50:31.753  9979 10372 V MSF.C.MSFCore[@DD]:                      tcpi_state = 1;
03-13 09:50:31.753  9979 10372 V MSF.C.MSFCore[@DD]:                      tcpi_ca_state = 0;
03-13 09:50:31.753  9979 10372 V MSF.C.MSFCore[@DD]:                      tcpi_rto = 240 ms;
03-13 09:50:31.753  9979 10372 V MSF.C.MSFCore[@DD]:                      tcpi_unacked = 0;
03-13 09:50:31.753  9979 10372 V MSF.C.MSFCore[@DD]:                      tcpi_rttcur = 33 ms;
03-13 09:50:31.753  9979 10372 V MSF.C.MSFCore[@DD]:                      tcpi_rttvar = 3 ms;
03-13 09:50:31.753  9979 10372 V MSF.C.MSFCore[@DD]:                      tcpi_bytes_retrans = 0 bytes;
03-13 09:50:31.753  9979 10372 V MSF.C.MSFCore[@DD]:                      tcpi_notsent_bytes = 0 bytes;
03-13 09:50:31.753  9979 10372 V MSF.C.MSFCore[@DD]:                      tcpi_bytes_received = 31207 bytes;
03-13 09:50:31.753  9979 10372 V MSF.C.MSFCore[@DD]:                      tcpi_bytes_sent = 0 bytes 
03-13 09:50:31.753  9979 10372 V MSF.C.MSFCore[@DD]:                      tcpi_last_data_sent = 112930 ms 
03-13 09:50:31.753  9979 10372 V MSF.C.MSFCore[@DD]:                      tcpi_last_data_recv = 112900 ms 
03-13 09:50:32.199 13508 13779 V MSF.C.MSFCore[@DD]: [Event] MSFDDNetworkEngine.cpp(179)::onTcpInfoUpdate->onTcpInfoUpdate:
03-13 09:50:32.199 13508 13779 V MSF.C.MSFCore[@DD]:                      tcpi_state = 1;
03-13 09:50:32.199 13508 13779 V MSF.C.MSFCore[@DD]:                      tcpi_ca_state = 0;
03-13 09:50:32.199 13508 13779 V MSF.C.MSFCore[@DD]:                      tcpi_rto = 240 ms;
03-13 09:50:32.199 13508 13779 V MSF.C.MSFCore[@DD]:                      tcpi_unacked = 0;
03-13 09:50:32.199 13508 13779 V MSF.C.MSFCore[@DD]:                      tcpi_rttcur = 31 ms;
03-13 09:50:32.199 13508 13779 V MSF.C.MSFCore[@DD]:                      tcpi_rttvar = 3 ms;
03-13 09:50:32.199 13508 13779 V MSF.C.MSFCore[@DD]:                      tcpi_bytes_retrans = 0 bytes;
03-13 09:50:32.199 13508 13779 V MSF.C.MSFCore[@DD]:                      tcpi_notsent_bytes = 0 bytes;
03-13 09:50:32.199 13508 13779 V MSF.C.MSFCore[@DD]:                      tcpi_bytes_received = 19002 bytes;
03-13 09:50:32.199 13508 13779 V MSF.C.MSFCore[@DD]:                      tcpi_bytes_sent = 0 bytes 
03-13 09:50:32.199 13508 13779 V MSF.C.MSFCore[@DD]:                      tcpi_last_data_sent = 102100 ms 
03-13 09:50:32.199 13508 13779 V MSF.C.MSFCore[@DD]:                      tcpi_last_data_recv = 102060 ms 
03-13 09:50:32.251 13508 13508 W Thread_3: type=1400 audit(0.0:30872): avc: denied { search } for name="pem" dev="proc" ino=4026534009 scontext=u:r:untrusted_app:s0:c176,c256,c743,c771 tcontext=u:object_r:proc_pem:s0 tclass=dir permissive=0
03-13 09:50:32.251 13508 13508 W Thread_3: type=1400 audit(0.0:30873): avc: denied { search } for name="shs" dev="proc" ino=4026535279 scontext=u:r:untrusted_app:s0:c176,c256,c743,c771 tcontext=u:object_r:vendor_proc_shs:s0 tclass=dir permissive=0
03-13 09:50:32.251 13508 13508 W Thread_3: type=1400 audit(0.0:30874): avc: denied { search } for name="sla" dev="proc" ino=4026534019 scontext=u:r:untrusted_app:s0:c176,c256,c743,c771 tcontext=u:object_r:qti_proc_sla:s0 tclass=dir permissive=0
03-13 09:50:32.251 13508 13508 W Thread_3: type=1400 audit(0.0:30875): avc: denied { search } for name="blog" dev="proc" ino=4026532156 scontext=u:r:untrusted_app:s0:c176,c256,c743,c771 tcontext=u:object_r:proc_blog:s0 tclass=dir permissive=0
03-13 09:50:32.251 13508 13508 W Thread_3: type=1400 audit(0.0:30876): avc: denied { search } for name="tzdbg" dev="proc" ino=4026533955 scontext=u:r:untrusted_app:s0:c176,c256,c743,c771 tcontext=u:object_r:vendor_proc_tz:s0 tclass=dir permissive=0
03-13 09:50:32.251 13508 13508 W Thread_3: type=1400 audit(0.0:30877): avc: denied { search } for name="asound" dev="proc" ino=4026532093 scontext=u:r:untrusted_app:s0:c176,c256,c743,c771 tcontext=u:object_r:proc_asound:s0 tclass=dir permissive=0
03-13 09:50:32.251 13508 13508 W Thread_3: type=1400 audit(0.0:30878): avc: denied { search } for name="isroot" dev="proc" ino=4026534148 scontext=u:r:untrusted_app:s0:c176,c256,c743,c771 tcontext=u:object_r:proc_isroot:s0 tclass=dir permissive=0
03-13 09:50:32.349  9979 10353 V MSF.C.MSFCore[@PS]: [Event] MSFPacketStatistics.cpp(300)::DoCheckRequestTimeout->current rtts:32.284
03-13 09:50:32.720 13508 13775 V MSF.C.MSFCore[@PS]: [Event] MSFPacketStatistics.cpp(300)::DoCheckRequestTimeout->current rtts:20.178
03-13 09:50:32.811 13508 13508 W Thread_3: type=1400 audit(0.0:30879): avc: denied { read } for name="unix" dev="proc" ino=4026532187 scontext=u:r:untrusted_app:s0:c176,c256,c743,c771 tcontext=u:object_r:proc_net:s0 tclass=file permissive=0
03-13 09:50:33.350  9979 10353 V MSF.C.MSFCore[@PS]: [Event] MSFPacketStatistics.cpp(300)::DoCheckRequestTimeout->current rtts:32.284
03-13 09:50:33.729 13508 13775 V MSF.C.MSFCore[@PS]: [Event] MSFPacketStatistics.cpp(300)::DoCheckRequestTimeout->current rtts:20.178
03-13 09:50:34.352  9979 10353 V MSF.C.MSFCore[@PS]: [Event] MSFPacketStatistics.cpp(300)::DoCheckRequestTimeout->current rtts:32.284
03-13 09:50:34.740 13508 13775 V MSF.C.MSFCore[@PS]: [Event] MSFPacketStatistics.cpp(300)::DoCheckRequestTimeout->current rtts:20.178
03-13 09:50:34.780  9979 10372 V MSF.C.MSFCore[@DD]: [Event] MSFDDNetworkEngine.cpp(179)::onTcpInfoUpdate->onTcpInfoUpdate:
03-13 09:50:34.780  9979 10372 V MSF.C.MSFCore[@DD]:                      tcpi_state = 1;
03-13 09:50:34.780  9979 10372 V MSF.C.MSFCore[@DD]:                      tcpi_ca_state = 0;
03-13 09:50:34.780  9979 10372 V MSF.C.MSFCore[@DD]:                      tcpi_rto = 240 ms;
03-13 09:50:34.780  9979 10372 V MSF.C.MSFCore[@DD]:                      tcpi_unacked = 0;
03-13 09:50:34.780  9979 10372 V MSF.C.MSFCore[@DD]:                      tcpi_rttcur = 33 ms;
03-13 09:50:34.780  9979 10372 V MSF.C.MSFCore[@DD]:                      tcpi_rttvar = 3 ms;
03-13 09:50:34.780  9979 10372 V MSF.C.MSFCore[@DD]:                      tcpi_bytes_retrans = 0 bytes;
03-13 09:50:34.780  9979 10372 V MSF.C.MSFCore[@DD]:                      tcpi_notsent_bytes = 0 bytes;
03-13 09:50:34.780  9979 10372 V MSF.C.MSFCore[@DD]:                      tcpi_bytes_received = 31207 bytes;
03-13 09:50:34.780  9979 10372 V MSF.C.MSFCore[@DD]:                      tcpi_bytes_sent = 0 bytes 
03-13 09:50:34.780  9979 10372 V MSF.C.MSFCore[@DD]:                      tcpi_last_data_sent = 115960 ms 
03-13 09:50:34.780  9979 10372 V MSF.C.MSFCore[@DD]:                      tcpi_last_data_recv = 115930 ms 
03-13 09:50:35.220 13508 13779 V MSF.C.MSFCore[@DD]: [Event] MSFDDNetworkEngine.cpp(179)::onTcpInfoUpdate->onTcpInfoUpdate:
03-13 09:50:35.220 13508 13779 V MSF.C.MSFCore[@DD]:                      tcpi_state = 1;
03-13 09:50:35.220 13508 13779 V MSF.C.MSFCore[@DD]:                      tcpi_ca_state = 0;
03-13 09:50:35.220 13508 13779 V MSF.C.MSFCore[@DD]:                      tcpi_rto = 240 ms;
03-13 09:50:35.220 13508 13779 V MSF.C.MSFCore[@DD]:                      tcpi_unacked = 0;
03-13 09:50:35.220 13508 13779 V MSF.C.MSFCore[@DD]:                      tcpi_rttcur = 31 ms;
03-13 09:50:35.220 13508 13779 V MSF.C.MSFCore[@DD]:                      tcpi_rttvar = 3 ms;
03-13 09:50:35.220 13508 13779 V MSF.C.MSFCore[@DD]:                      tcpi_bytes_retrans = 0 bytes;
03-13 09:50:35.220 13508 13779 V MSF.C.MSFCore[@DD]:                      tcpi_notsent_bytes = 0 bytes;
03-13 09:50:35.220 13508 13779 V MSF.C.MSFCore[@DD]:                      tcpi_bytes_received = 19002 bytes;
03-13 09:50:35.220 13508 13779 V MSF.C.MSFCore[@DD]:                      tcpi_bytes_sent = 0 bytes 
03-13 09:50:35.220 13508 13779 V MSF.C.MSFCore[@DD]:                      tcpi_last_data_sent = 105120 ms 
03-13 09:50:35.220 13508 13779 V MSF.C.MSFCore[@DD]:                      tcpi_last_data_recv = 105080 ms 
03-13 09:50:35.360  9979 10353 V MSF.C.MSFCore[@PS]: [Event] MSFPacketStatistics.cpp(300)::DoCheckRequestTimeout->current rtts:32.284
03-13 09:50:35.750 13508 13775 V MSF.C.MSFCore[@PS]: [Event] MSFPacketStatistics.cpp(300)::DoCheckRequestTimeout->current rtts:20.178
