03-13 09:50:36.370  9979 10353 V MSF.C.MSFCore[@PS]: [Event] MSFPacketStatistics.cpp(300)::DoCheckRequestTimeout->current rtts:32.284
03-13 09:50:36.752 13508 13775 V MSF.C.MSFCore[@PS]: [Event] MSFPacketStatistics.cpp(300)::DoCheckRequestTimeout->current rtts:20.178
03-13 09:50:36.851  9979 10229 D MSF.C.DeepSleepDetector: [run] count after++: 108
03-13 09:50:37.372  9979 10353 V MSF.C.MSFCore[@PS]: [Event] MSFPacketStatistics.cpp(300)::DoCheckRequestTimeout->current rtts:32.284
03-13 09:50:37.755 13508 13775 V MSF.C.MSFCore[@PS]: [Event] MSFPacketStatistics.cpp(300)::DoCheckRequestTimeout->current rtts:20.178
03-13 09:50:37.792  9979 10372 V MSF.C.MSFCore[@DD]: [Event] MSFDDNetworkEngine.cpp(179)::onTcpInfoUpdate->onTcpInfoUpdate:
03-13 09:50:37.792  9979 10372 V MSF.C.MSFCore[@DD]:                      tcpi_state = 1;
03-13 09:50:37.792  9979 10372 V MSF.C.MSFCore[@DD]:                      tcpi_ca_state = 0;
03-13 09:50:37.792  9979 10372 V MSF.C.MSFCore[@DD]:                      tcpi_rto = 240 ms;
03-13 09:50:37.792  9979 10372 V MSF.C.MSFCore[@DD]:                      tcpi_unacked = 0;
03-13 09:50:37.792  9979 10372 V MSF.C.MSFCore[@DD]:                      tcpi_rttcur = 33 ms;
03-13 09:50:37.792  9979 10372 V MSF.C.MSFCore[@DD]:                      tcpi_rttvar = 3 ms;
03-13 09:50:37.792  9979 10372 V MSF.C.MSFCore[@DD]:                      tcpi_bytes_retrans = 0 bytes;
03-13 09:50:37.792  9979 10372 V MSF.C.MSFCore[@DD]:                      tcpi_notsent_bytes = 0 bytes;
03-13 09:50:37.792  9979 10372 V MSF.C.MSFCore[@DD]:                      tcpi_bytes_received = 31207 bytes;
03-13 09:50:37.792  9979 10372 V MSF.C.MSFCore[@DD]:                      tcpi_bytes_sent = 0 bytes 
03-13 09:50:37.792  9979 10372 V MSF.C.MSFCore[@DD]:                      tcpi_last_data_sent = 118970 ms 
03-13 09:50:37.792  9979 10372 V MSF.C.MSFCore[@DD]:                      tcpi_last_data_recv = 118940 ms 
03-13 09:50:38.244 13508 13779 V MSF.C.MSFCore[@DD]: [Event] MSFDDNetworkEngine.cpp(179)::onTcpInfoUpdate->onTcpInfoUpdate:
03-13 09:50:38.244 13508 13779 V MSF.C.MSFCore[@DD]:                      tcpi_state = 1;
03-13 09:50:38.244 13508 13779 V MSF.C.MSFCore[@DD]:                      tcpi_ca_state = 0;
03-13 09:50:38.244 13508 13779 V MSF.C.MSFCore[@DD]:                      tcpi_rto = 240 ms;
03-13 09:50:38.244 13508 13779 V MSF.C.MSFCore[@DD]:                      tcpi_unacked = 0;
03-13 09:50:38.244 13508 13779 V MSF.C.MSFCore[@DD]:                      tcpi_rttcur = 31 ms;
03-13 09:50:38.244 13508 13779 V MSF.C.MSFCore[@DD]:                      tcpi_rttvar = 3 ms;
03-13 09:50:38.244 13508 13779 V MSF.C.MSFCore[@DD]:                      tcpi_bytes_retrans = 0 bytes;
03-13 09:50:38.244 13508 13779 V MSF.C.MSFCore[@DD]:                      tcpi_notsent_bytes = 0 bytes;
03-13 09:50:38.244 13508 13779 V MSF.C.MSFCore[@DD]:                      tcpi_bytes_received = 19002 bytes;
03-13 09:50:38.244 13508 13779 V MSF.C.MSFCore[@DD]:                      tcpi_bytes_sent = 0 bytes 
03-13 09:50:38.244 13508 13779 V MSF.C.MSFCore[@DD]:                      tcpi_last_data_sent = 108140 ms 
03-13 09:50:38.244 13508 13779 V MSF.C.MSFCore[@DD]:                      tcpi_last_data_recv = 108100 ms 
03-13 09:50:38.380  9979 10353 V MSF.C.MSFCore[@PS]: [Event] MSFPacketStatistics.cpp(300)::DoCheckRequestTimeout->current rtts:32.284
03-13 09:50:38.760 13508 13775 V MSF.C.MSFCore[@PS]: [Event] MSFPacketStatistics.cpp(300)::DoCheckRequestTimeout->current rtts:20.178
03-13 09:50:39.073 24204 24449 I ReactNativeJS: '清洁道具检查:', 4, 3
03-13 09:50:39.073 24204 24449 I ReactNativeJS: '可用道具:', [ { key: 'soap',
03-13 09:50:39.073 24204 24449 I ReactNativeJS:     price: 15,
03-13 09:50:39.073 24204 24449 I ReactNativeJS:     name: '🧼 肥皂',
03-13 09:50:39.073 24204 24449 I ReactNativeJS:     effect: '清洁度+20',
03-13 09:50:39.073 24204 24449 I ReactNativeJS:     hunger: 0,
03-13 09:50:39.073 24204 24449 I ReactNativeJS:     happiness: 0,
03-13 09:50:39.073 24204 24449 I ReactNativeJS:     energy: 0,
03-13 09:50:39.073 24204 24449 I ReactNativeJS:     cleanliness: 20,
03-13 09:50:39.073 24204 24449 I ReactNativeJS:     count: 4,
03-13 09:50:39.073 24204 24449 I ReactNativeJS:     icon: '🧼' },
03-13 09:50:39.073 24204 24449 I ReactNativeJS:   { key: 'shampoo',
03-13 09:50:39.073 24204 24449 I ReactNativeJS:     price: 35,
03-13 09:50:39.073 24204 24449 I ReactNativeJS:     name: '🧴 沐浴露',
03-13 09:50:39.073 24204 24449 I ReactNativeJS:     effect: '清洁度+30 快乐度+5',
03-13 09:50:39.073 24204 24449 I ReactNativeJS:     hunger: 0,
03-13 09:50:39.073 24204 24449 I ReactNativeJS:     happiness: 5,
03-13 09:50:39.073 24204 24449 I ReactNativeJS:     energy: 0,
03-13 09:50:39.073 24204 24449 I ReactNativeJS:     cleanliness: 30,
03-13 09:50:39.073 24204 24449 I ReactNativeJS:     count: 3,
03-13 09:50:39.073 24204 24449 I ReactNativeJS:     icon: '🧴' } ]
03-13 09:50:39.253 24204 24449 I ReactNativeJS: ========== 点击唤醒按钮 ==========
03-13 09:50:39.253 24204 24449 I ReactNativeJS: '当前gameState.isSleeping:', true
03-13 09:50:39.254 24204 24449 I ReactNativeJS: '唤醒前prev.isSleeping:', true
03-13 09:50:39.254 24204 24449 I ReactNativeJS: '唤醒后newState.isSleeping:', false
03-13 09:50:39.295 12259 12628 D AudioManager: dispatching onPlaybackConfigChanged()
03-13 09:50:39.295 12237 12812 D AudioManager: dispatching onPlaybackConfigChanged()
03-13 09:50:39.326 24204 24449 I ReactNativeJS: '清洁道具检查:', 4, 3
03-13 09:50:39.327 24204 24449 I ReactNativeJS: '可用道具:', [ { key: 'soap',
03-13 09:50:39.327 24204 24449 I ReactNativeJS:     price: 15,
03-13 09:50:39.327 24204 24449 I ReactNativeJS:     name: '🧼 肥皂',
03-13 09:50:39.327 24204 24449 I ReactNativeJS:     effect: '清洁度+20',
03-13 09:50:39.327 24204 24449 I ReactNativeJS:     hunger: 0,
03-13 09:50:39.327 24204 24449 I ReactNativeJS:     happiness: 0,
03-13 09:50:39.327 24204 24449 I ReactNativeJS:     energy: 0,
03-13 09:50:39.327 24204 24449 I ReactNativeJS:     cleanliness: 20,
03-13 09:50:39.327 24204 24449 I ReactNativeJS:     count: 4,
03-13 09:50:39.327 24204 24449 I ReactNativeJS:     icon: '🧼' },
03-13 09:50:39.327 24204 24449 I ReactNativeJS:   { key: 'shampoo',
03-13 09:50:39.327 24204 24449 I ReactNativeJS:     price: 35,
03-13 09:50:39.327 24204 24449 I ReactNativeJS:     name: '🧴 沐浴露',
03-13 09:50:39.327 24204 24449 I ReactNativeJS:     effect: '清洁度+30 快乐度+5',
03-13 09:50:39.327 24204 24449 I ReactNativeJS:     hunger: 0,
03-13 09:50:39.327 24204 24449 I ReactNativeJS:     happiness: 5,
03-13 09:50:39.327 24204 24449 I ReactNativeJS:     energy: 0,
03-13 09:50:39.327 24204 24449 I ReactNativeJS:     cleanliness: 30,
03-13 09:50:39.327 24204 24449 I ReactNativeJS:     count: 3,
03-13 09:50:39.327 24204 24449 I ReactNativeJS:     icon: '🧴' } ]
03-13 09:50:39.389  9979 10353 V MSF.C.MSFCore[@PS]: [Event] MSFPacketStatistics.cpp(300)::DoCheckRequestTimeout->current rtts:32.284
03-13 09:50:39.769 13508 13775 V MSF.C.MSFCore[@PS]: [Event] MSFPacketStatistics.cpp(300)::DoCheckRequestTimeout->current rtts:20.178
03-13 09:50:39.838 24204 24449 I ReactNativeJS: '清洁道具检查:', 4, 3
03-13 09:50:39.839 24204 24449 I ReactNativeJS: '可用道具:', [ { key: 'soap',
03-13 09:50:39.839 24204 24449 I ReactNativeJS:     price: 15,
03-13 09:50:39.839 24204 24449 I ReactNativeJS:     name: '🧼 肥皂',
03-13 09:50:39.839 24204 24449 I ReactNativeJS:     effect: '清洁度+20',
03-13 09:50:39.839 24204 24449 I ReactNativeJS:     hunger: 0,
03-13 09:50:39.839 24204 24449 I ReactNativeJS:     happiness: 0,
03-13 09:50:39.839 24204 24449 I ReactNativeJS:     energy: 0,
03-13 09:50:39.839 24204 24449 I ReactNativeJS:     cleanliness: 20,
03-13 09:50:39.839 24204 24449 I ReactNativeJS:     count: 4,
03-13 09:50:39.839 24204 24449 I ReactNativeJS:     icon: '🧼' },
03-13 09:50:39.839 24204 24449 I ReactNativeJS:   { key: 'shampoo',
03-13 09:50:39.839 24204 24449 I ReactNativeJS:     price: 35,
03-13 09:50:39.839 24204 24449 I ReactNativeJS:     name: '🧴 沐浴露',
03-13 09:50:39.839 24204 24449 I ReactNativeJS:     effect: '清洁度+30 快乐度+5',
03-13 09:50:39.839 24204 24449 I ReactNativeJS:     hunger: 0,
03-13 09:50:39.839 24204 24449 I ReactNativeJS:     happiness: 5,
03-13 09:50:39.839 24204 24449 I ReactNativeJS:     energy: 0,
03-13 09:50:39.839 24204 24449 I ReactNativeJS:     cleanliness: 30,
03-13 09:50:39.839 24204 24449 I ReactNativeJS:     count: 3,
03-13 09:50:39.839 24204 24449 I ReactNativeJS:     icon: '🧴' } ]
03-13 09:50:40.400  9979 10353 V MSF.C.MSFCore[@PS]: [Event] MSFPacketStatistics.cpp(300)::DoCheckRequestTimeout->current rtts:32.284
03-13 09:50:40.770 12259 12628 D AudioManager: dispatching onPlaybackConfigChanged()
03-13 09:50:40.771 12237 12812 D AudioManager: dispatching onPlaybackConfigChanged()
03-13 09:50:40.772 12259 12628 D AudioManager: dispatching onPlaybackConfigChanged()
03-13 09:50:40.772 12237 12812 D AudioManager: dispatching onPlaybackConfigChanged()
03-13 09:50:40.780 13508 13775 V MSF.C.MSFCore[@PS]: [Event] MSFPacketStatistics.cpp(300)::DoCheckRequestTimeout->current rtts:20.178
03-13 09:50:40.812  9979 10372 V MSF.C.MSFCore[@DD]: [Event] MSFDDNetworkEngine.cpp(179)::onTcpInfoUpdate->onTcpInfoUpdate:
03-13 09:50:40.812  9979 10372 V MSF.C.MSFCore[@DD]:                      tcpi_state = 1;
03-13 09:50:40.812  9979 10372 V MSF.C.MSFCore[@DD]:                      tcpi_ca_state = 0;
03-13 09:50:40.812  9979 10372 V MSF.C.MSFCore[@DD]:                      tcpi_rto = 240 ms;
03-13 09:50:40.812  9979 10372 V MSF.C.MSFCore[@DD]:                      tcpi_unacked = 0;
03-13 09:50:40.812  9979 10372 V MSF.C.MSFCore[@DD]:                      tcpi_rttcur = 33 ms;
03-13 09:50:40.812  9979 10372 V MSF.C.MSFCore[@DD]:                      tcpi_rttvar = 3 ms;
03-13 09:50:40.812  9979 10372 V MSF.C.MSFCore[@DD]:                      tcpi_bytes_retrans = 0 bytes;
03-13 09:50:40.812  9979 10372 V MSF.C.MSFCore[@DD]:                      tcpi_notsent_bytes = 0 bytes;
03-13 09:50:40.812  9979 10372 V MSF.C.MSFCore[@DD]:                      tcpi_bytes_received = 31207 bytes;
03-13 09:50:40.812  9979 10372 V MSF.C.MSFCore[@DD]:                      tcpi_bytes_sent = 0 bytes 
03-13 09:50:40.812  9979 10372 V MSF.C.MSFCore[@DD]:                      tcpi_last_data_sent = 121990 ms 
03-13 09:50:40.812  9979 10372 V MSF.C.MSFCore[@DD]:                      tcpi_last_data_recv = 121960 ms 
03-13 09:50:41.154 24204 24449 I ReactNativeJS: ========== 点击唤醒按钮 ==========
03-13 09:50:41.155 24204 24449 I ReactNativeJS: '当前gameState.isSleeping:', true
03-13 09:50:41.156 24204 24449 I ReactNativeJS: '唤醒前prev.isSleeping:', true
03-13 09:50:41.157 24204 24449 I ReactNativeJS: '唤醒后newState.isSleeping:', false
03-13 09:50:41.202 12259 12628 D AudioManager: dispatching onPlaybackConfigChanged()
03-13 09:50:41.205 12237 12812 D AudioManager: dispatching onPlaybackConfigChanged()
03-13 09:50:41.226 24204 24449 I ReactNativeJS: '清洁道具检查:', 4, 3
03-13 09:50:41.227 24204 24449 I ReactNativeJS: '可用道具:', [ { key: 'soap',
03-13 09:50:41.227 24204 24449 I ReactNativeJS:     price: 15,
03-13 09:50:41.227 24204 24449 I ReactNativeJS:     name: '🧼 肥皂',
03-13 09:50:41.227 24204 24449 I ReactNativeJS:     effect: '清洁度+20',
03-13 09:50:41.227 24204 24449 I ReactNativeJS:     hunger: 0,
03-13 09:50:41.227 24204 24449 I ReactNativeJS:     happiness: 0,
03-13 09:50:41.227 24204 24449 I ReactNativeJS:     energy: 0,
03-13 09:50:41.227 24204 24449 I ReactNativeJS:     cleanliness: 20,
03-13 09:50:41.227 24204 24449 I ReactNativeJS:     count: 4,
03-13 09:50:41.227 24204 24449 I ReactNativeJS:     icon: '🧼' },
03-13 09:50:41.227 24204 24449 I ReactNativeJS:   { key: 'shampoo',
03-13 09:50:41.227 24204 24449 I ReactNativeJS:     price: 35,
03-13 09:50:41.227 24204 24449 I ReactNativeJS:     name: '🧴 沐浴露',
03-13 09:50:41.227 24204 24449 I ReactNativeJS:     effect: '清洁度+30 快乐度+5',
03-13 09:50:41.227 24204 24449 I ReactNativeJS:     hunger: 0,
03-13 09:50:41.227 24204 24449 I ReactNativeJS:     happiness: 5,
03-13 09:50:41.227 24204 24449 I ReactNativeJS:     energy: 0,
03-13 09:50:41.227 24204 24449 I ReactNativeJS:     cleanliness: 30,
03-13 09:50:41.227 24204 24449 I ReactNativeJS:     count: 3,
03-13 09:50:41.227 24204 24449 I ReactNativeJS:     icon: '🧴' } ]
03-13 09:50:41.259 13508 13779 V MSF.C.MSFCore[@DD]: [Event] MSFDDNetworkEngine.cpp(179)::onTcpInfoUpdate->onTcpInfoUpdate:
03-13 09:50:41.259 13508 13779 V MSF.C.MSFCore[@DD]:                      tcpi_state = 1;
03-13 09:50:41.259 13508 13779 V MSF.C.MSFCore[@DD]:                      tcpi_ca_state = 0;
03-13 09:50:41.259 13508 13779 V MSF.C.MSFCore[@DD]:                      tcpi_rto = 240 ms;
03-13 09:50:41.259 13508 13779 V MSF.C.MSFCore[@DD]:                      tcpi_unacked = 0;
03-13 09:50:41.259 13508 13779 V MSF.C.MSFCore[@DD]:                      tcpi_rttcur = 31 ms;
03-13 09:50:41.259 13508 13779 V MSF.C.MSFCore[@DD]:                      tcpi_rttvar = 3 ms;
03-13 09:50:41.259 13508 13779 V MSF.C.MSFCore[@DD]:                      tcpi_bytes_retrans = 0 bytes;
03-13 09:50:41.259 13508 13779 V MSF.C.MSFCore[@DD]:                      tcpi_notsent_bytes = 0 bytes;
03-13 09:50:41.259 13508 13779 V MSF.C.MSFCore[@DD]:                      tcpi_bytes_received = 19002 bytes;
03-13 09:50:41.259 13508 13779 V MSF.C.MSFCore[@DD]:                      tcpi_bytes_sent = 0 bytes 
03-13 09:50:41.259 13508 13779 V MSF.C.MSFCore[@DD]:                      tcpi_last_data_sent = 111160 ms 
03-13 09:50:41.259 13508 13779 V MSF.C.MSFCore[@DD]:                      tcpi_last_data_recv = 111120 ms 
03-13 09:50:41.342 24204 24449 I ReactNativeJS: '清洁道具检查:', 4, 3
03-13 09:50:41.343 24204 24449 I ReactNativeJS: '可用道具:', [ { key: 'soap',
03-13 09:50:41.343 24204 24449 I ReactNativeJS:     price: 15,
03-13 09:50:41.343 24204 24449 I ReactNativeJS:     name: '🧼 肥皂',
03-13 09:50:41.343 24204 24449 I ReactNativeJS:     effect: '清洁度+20',
03-13 09:50:41.343 24204 24449 I ReactNativeJS:     hunger: 0,
03-13 09:50:41.343 24204 24449 I ReactNativeJS:     happiness: 0,
03-13 09:50:41.343 24204 24449 I ReactNativeJS:     energy: 0,
03-13 09:50:41.343 24204 24449 I ReactNativeJS:     cleanliness: 20,
03-13 09:50:41.343 24204 24449 I ReactNativeJS:     count: 4,
03-13 09:50:41.343 24204 24449 I ReactNativeJS:     icon: '🧼' },
03-13 09:50:41.343 24204 24449 I ReactNativeJS:   { key: 'shampoo',
03-13 09:50:41.343 24204 24449 I ReactNativeJS:     price: 35,
03-13 09:50:41.343 24204 24449 I ReactNativeJS:     name: '🧴 沐浴露',
03-13 09:50:41.343 24204 24449 I ReactNativeJS:     effect: '清洁度+30 快乐度+5',
03-13 09:50:41.343 24204 24449 I ReactNativeJS:     hunger: 0,
03-13 09:50:41.343 24204 24449 I ReactNativeJS:     happiness: 5,
03-13 09:50:41.343 24204 24449 I ReactNativeJS:     energy: 0,
03-13 09:50:41.343 24204 24449 I ReactNativeJS:     cleanliness: 30,
03-13 09:50:41.343 24204 24449 I ReactNativeJS:     count: 3,
03-13 09:50:41.343 24204 24449 I ReactNativeJS:     icon: '🧴' } ]
03-13 09:50:41.401  9979 10353 V MSF.C.MSFCore[@PS]: [Event] MSFPacketStatistics.cpp(300)::DoCheckRequestTimeout->current rtts:32.284
03-13 09:50:41.733 24204 24449 I ReactNativeJS: '清洁道具检查:', 4, 3
03-13 09:50:41.734 24204 24449 I ReactNativeJS: '可用道具:', [ { key: 'soap',
03-13 09:50:41.734 24204 24449 I ReactNativeJS:     price: 15,
03-13 09:50:41.734 24204 24449 I ReactNativeJS:     name: '🧼 肥皂',
03-13 09:50:41.734 24204 24449 I ReactNativeJS:     effect: '清洁度+20',
03-13 09:50:41.734 24204 24449 I ReactNativeJS:     hunger: 0,
03-13 09:50:41.734 24204 24449 I ReactNativeJS:     happiness: 0,
03-13 09:50:41.734 24204 24449 I ReactNativeJS:     energy: 0,
03-13 09:50:41.734 24204 24449 I ReactNativeJS:     cleanliness: 20,
03-13 09:50:41.734 24204 24449 I ReactNativeJS:     count: 4,
03-13 09:50:41.734 24204 24449 I ReactNativeJS:     icon: '🧼' },
03-13 09:50:41.734 24204 24449 I ReactNativeJS:   { key: 'shampoo',
03-13 09:50:41.734 24204 24449 I ReactNativeJS:     price: 35,
03-13 09:50:41.734 24204 24449 I ReactNativeJS:     name: '🧴 沐浴露',
03-13 09:50:41.734 24204 24449 I ReactNativeJS:     effect: '清洁度+30 快乐度+5',
03-13 09:50:41.734 24204 24449 I ReactNativeJS:     hunger: 0,
03-13 09:50:41.734 24204 24449 I ReactNativeJS:     happiness: 5,
03-13 09:50:41.734 24204 24449 I ReactNativeJS:     energy: 0,
03-13 09:50:41.734 24204 24449 I ReactNativeJS:     cleanliness: 30,
03-13 09:50:41.734 24204 24449 I ReactNativeJS:     count: 3,
03-13 09:50:41.734 24204 24449 I ReactNativeJS:     icon: '🧴' } ]
03-13 09:50:41.789 13508 13775 V MSF.C.MSFCore[@PS]: [Event] MSFPacketStatistics.cpp(300)::DoCheckRequestTimeout->current rtts:20.178
03-13 09:50:41.814 24204 24449 I ReactNativeJS: '清洁道具检查:', 4, 3
03-13 09:50:41.815 24204 24449 I ReactNativeJS: '可用道具:', [ { key: 'soap',
03-13 09:50:41.815 24204 24449 I ReactNativeJS:     price: 15,
03-13 09:50:41.815 24204 24449 I ReactNativeJS:     name: '🧼 肥皂',
03-13 09:50:41.815 24204 24449 I ReactNativeJS:     effect: '清洁度+20',
03-13 09:50:41.815 24204 24449 I ReactNativeJS:     hunger: 0,
03-13 09:50:41.815 24204 24449 I ReactNativeJS:     happiness: 0,
03-13 09:50:41.815 24204 24449 I ReactNativeJS:     energy: 0,
03-13 09:50:41.815 24204 24449 I ReactNativeJS:     cleanliness: 20,
03-13 09:50:41.815 24204 24449 I ReactNativeJS:     count: 4,
03-13 09:50:41.815 24204 24449 I ReactNativeJS:     icon: '🧼' },
03-13 09:50:41.815 24204 24449 I ReactNativeJS:   { key: 'shampoo',
03-13 09:50:41.815 24204 24449 I ReactNativeJS:     price: 35,
03-13 09:50:41.815 24204 24449 I ReactNativeJS:     name: '🧴 沐浴露',
03-13 09:50:41.815 24204 24449 I ReactNativeJS:     effect: '清洁度+30 快乐度+5',
03-13 09:50:41.815 24204 24449 I ReactNativeJS:     hunger: 0,
03-13 09:50:41.815 24204 24449 I ReactNativeJS:     happiness: 5,
03-13 09:50:41.815 24204 24449 I ReactNativeJS:     energy: 0,
03-13 09:50:41.815 24204 24449 I ReactNativeJS:     cleanliness: 30,
03-13 09:50:41.815 24204 24449 I ReactNativeJS:     count: 3,
03-13 09:50:41.815 24204 24449 I ReactNativeJS:     icon: '🧴' } ]
03-13 09:50:42.404  9979 10353 V MSF.C.MSFCore[@PS]: [Event] MSFPacketStatistics.cpp(300)::DoCheckRequestTimeout->current rtts:32.284
03-13 09:50:42.607 12237 12812 D AudioManager: dispatching onPlaybackConfigChanged()
03-13 09:50:42.608 12259 12628 D AudioManager: dispatching onPlaybackConfigChanged()
03-13 09:50:42.608 12259 12628 D AudioManager: dispatching onPlaybackConfigChanged()
03-13 09:50:42.608 12237 12812 D AudioManager: dispatching onPlaybackConfigChanged()
03-13 09:50:42.791 13508 13775 V MSF.C.MSFCore[@PS]: [Event] MSFPacketStatistics.cpp(300)::DoCheckRequestTimeout->current rtts:20.178
03-13 09:50:48.820 13508 13775 V MSF.C.MSFCore[@PS]: [Event] MSFPacketStatistics.cpp(300)::DoCheckRequestTimeout->current rtts:20.178
03-13 09:50:49.460  9979 10353 V MSF.C.MSFCore[@PS]: [Event] MSFPacketStatistics.cpp(300)::DoCheckRequestTimeout->current rtts:32.284
03-13 09:50:49.823 13508 13775 V MSF.C.MSFCore[@PS]: [Event] MSFPacketStatistics.cpp(300)::DoCheckRequestTimeout->current rtts:20.178
03-13 09:50:49.860  9979 10372 V MSF.C.MSFCore[@DD]: [Event] MSFDDNetworkEngine.cpp(179)::onTcpInfoUpdate->onTcpInfoUpdate:
03-13 09:50:49.860  9979 10372 V MSF.C.MSFCore[@DD]:                      tcpi_state = 1;
03-13 09:50:49.860  9979 10372 V MSF.C.MSFCore[@DD]:                      tcpi_ca_state = 0;
03-13 09:50:49.860  9979 10372 V MSF.C.MSFCore[@DD]:                      tcpi_rto = 240 ms;
03-13 09:50:49.860  9979 10372 V MSF.C.MSFCore[@DD]:                      tcpi_unacked = 0;
03-13 09:50:49.860  9979 10372 V MSF.C.MSFCore[@DD]:                      tcpi_rttcur = 33 ms;
03-13 09:50:49.860  9979 10372 V MSF.C.MSFCore[@DD]:                      tcpi_rttvar = 3 ms;
03-13 09:50:49.860  9979 10372 V MSF.C.MSFCore[@DD]:                      tcpi_bytes_retrans = 0 bytes;
03-13 09:50:49.860  9979 10372 V MSF.C.MSFCore[@DD]:                      tcpi_notsent_bytes = 0 bytes;
03-13 09:50:49.860  9979 10372 V MSF.C.MSFCore[@DD]:                      tcpi_bytes_received = 31207 bytes;
03-13 09:50:49.860  9979 10372 V MSF.C.MSFCore[@DD]:                      tcpi_bytes_sent = 0 bytes 
03-13 09:50:49.860  9979 10372 V MSF.C.MSFCore[@DD]:                      tcpi_last_data_sent = 131040 ms 
03-13 09:50:49.860  9979 10372 V MSF.C.MSFCore[@DD]:                      tcpi_last_data_recv = 131010 ms 
03-13 09:50:50.340 13508 13779 V MSF.C.MSFCore[@DD]: [Event] MSFDDNetworkEngine.cpp(179)::onTcpInfoUpdate->onTcpInfoUpdate:
03-13 09:50:50.340 13508 13779 V MSF.C.MSFCore[@DD]:                      tcpi_state = 1;
03-13 09:50:50.340 13508 13779 V MSF.C.MSFCore[@DD]:                      tcpi_ca_state = 0;
03-13 09:50:50.340 13508 13779 V MSF.C.MSFCore[@DD]:                      tcpi_rto = 240 ms;
03-13 09:50:50.340 13508 13779 V MSF.C.MSFCore[@DD]:                      tcpi_unacked = 0;
03-13 09:50:50.340 13508 13779 V MSF.C.MSFCore[@DD]:                      tcpi_rttcur = 31 ms;
03-13 09:50:50.340 13508 13779 V MSF.C.MSFCore[@DD]:                      tcpi_rttvar = 3 ms;
03-13 09:50:50.340 13508 13779 V MSF.C.MSFCore[@DD]:                      tcpi_bytes_retrans = 0 bytes;
03-13 09:50:50.340 13508 13779 V MSF.C.MSFCore[@DD]:                      tcpi_notsent_bytes = 0 bytes;
03-13 09:50:50.340 13508 13779 V MSF.C.MSFCore[@DD]:                      tcpi_bytes_received = 19002 bytes;
03-13 09:50:50.340 13508 13779 V MSF.C.MSFCore[@DD]:                      tcpi_bytes_sent = 0 bytes 
03-13 09:50:50.340 13508 13779 V MSF.C.MSFCore[@DD]:                      tcpi_last_data_sent = 120240 ms 
03-13 09:50:50.340 13508 13779 V MSF.C.MSFCore[@DD]:                      tcpi_last_data_recv = 120200 ms 
03-13 09:50:50.464  9979 10353 V MSF.C.MSFCore[@PS]: [Event] MSFPacketStatistics.cpp(300)::DoCheckRequestTimeout->current rtts:32.284
03-13 09:50:50.834 13508 13775 V MSF.C.MSFCore[@PS]: [Event] MSFPacketStatistics.cpp(300)::DoCheckRequestTimeout->current rtts:20.178
03-13 09:50:51.392 12259 12628 D AudioManager: dispatching onPlaybackConfigChanged()
03-13 09:50:51.394 12237 12812 D AudioManager: dispatching onPlaybackConfigChanged()
03-13 09:50:51.410 12259 12525 I mars::stn: [longlink_connect_monitor.cc:536, OnHeartbeatAlarmReceived]:longlink_progress on_heartbeat_alarm, time: 25784302, is_noop_timeout:false
03-13 09:50:51.422 24204 24449 I ReactNativeJS: '清洁道具检查:', 4, 3
03-13 09:50:51.423 24204 24449 I ReactNativeJS: '可用道具:', [ { key: 'soap',
03-13 09:50:51.423 24204 24449 I ReactNativeJS:     price: 15,
03-13 09:50:51.423 24204 24449 I ReactNativeJS:     name: '🧼 肥皂',
03-13 09:50:51.423 24204 24449 I ReactNativeJS:     effect: '清洁度+20',
03-13 09:50:51.423 24204 24449 I ReactNativeJS:     hunger: 0,
03-13 09:50:51.423 24204 24449 I ReactNativeJS:     happiness: 0,
03-13 09:50:51.423 24204 24449 I ReactNativeJS:     energy: 0,
03-13 09:50:51.423 24204 24449 I ReactNativeJS:     cleanliness: 20,
03-13 09:50:51.423 24204 24449 I ReactNativeJS:     count: 4,
03-13 09:50:51.423 24204 24449 I ReactNativeJS:     icon: '🧼' },
03-13 09:50:51.423 24204 24449 I ReactNativeJS:   { key: 'shampoo',
03-13 09:50:51.423 24204 24449 I ReactNativeJS:     price: 35,
03-13 09:50:51.423 24204 24449 I ReactNativeJS:     name: '🧴 沐浴露',
03-13 09:50:51.423 24204 24449 I ReactNativeJS:     effect: '清洁度+30 快乐度+5',
03-13 09:50:51.423 24204 24449 I ReactNativeJS:     hunger: 0,
03-13 09:50:51.423 24204 24449 I ReactNativeJS:     happiness: 5,
03-13 09:50:51.423 24204 24449 I ReactNativeJS:     energy: 0,
03-13 09:50:51.423 24204 24449 I ReactNativeJS:     cleanliness: 30,
03-13 09:50:51.423 24204 24449 I ReactNativeJS:     count: 3,
03-13 09:50:51.423 24204 24449 I ReactNativeJS:     icon: '🧴' } ]
03-13 09:50:51.470  9979 10353 V MSF.C.MSFCore[@PS]: [Event] MSFPacketStatistics.cpp(300)::DoCheckRequestTimeout->current rtts:32.284
03-13 09:50:51.496 12259 16476 I mars::stn: [longlink_connect_monitor.cc:530, OnHeartbeatAlarmSet]:longlink_progress on_heartbeat_set, time: 25784387, time interval:210000
03-13 09:50:51.510 12259 16476 I mars::stn: [longlink_connect_monitor.cc:530, OnHeartbeatAlarmSet]:longlink_progress on_heartbeat_set, time: 25784402, time interval:210000
03-13 09:50:51.835 13508 13775 V MSF.C.MSFCore[@PS]: [Event] MSFPacketStatistics.cpp(300)::DoCheckRequestTimeout->current rtts:20.178
03-13 09:50:52.478  9979 10353 V MSF.C.MSFCore[@PS]: [Event] MSFPacketStatistics.cpp(300)::DoCheckRequestTimeout->current rtts:32.284
03-13 09:50:52.836 13508 13775 V MSF.C.MSFCore[@PS]: [Event] MSFPacketStatistics.cpp(300)::DoCheckRequestTimeout->current rtts:20.178
03-13 09:50:52.880  9979 10372 V MSF.C.MSFCore[@DD]: [Event] MSFDDNetworkEngine.cpp(179)::onTcpInfoUpdate->onTcpInfoUpdate:
03-13 09:50:52.880  9979 10372 V MSF.C.MSFCore[@DD]:                      tcpi_state = 1;
03-13 09:50:52.880  9979 10372 V MSF.C.MSFCore[@DD]:                      tcpi_ca_state = 0;
03-13 09:50:52.880  9979 10372 V MSF.C.MSFCore[@DD]:                      tcpi_rto = 240 ms;
03-13 09:50:52.880  9979 10372 V MSF.C.MSFCore[@DD]:                      tcpi_unacked = 0;
03-13 09:50:52.880  9979 10372 V MSF.C.MSFCore[@DD]:                      tcpi_rttcur = 33 ms;
03-13 09:50:52.880  9979 10372 V MSF.C.MSFCore[@DD]:                      tcpi_rttvar = 3 ms;
03-13 09:50:52.880  9979 10372 V MSF.C.MSFCore[@DD]:                      tcpi_bytes_retrans = 0 bytes;
03-13 09:50:52.880  9979 10372 V MSF.C.MSFCore[@DD]:                      tcpi_notsent_bytes = 0 bytes;
03-13 09:50:52.880  9979 10372 V MSF.C.MSFCore[@DD]:                      tcpi_bytes_received = 31207 bytes;
03-13 09:50:52.880  9979 10372 V MSF.C.MSFCore[@DD]:                      tcpi_bytes_sent = 0 bytes 
03-13 09:50:52.880  9979 10372 V MSF.C.MSFCore[@DD]:                      tcpi_last_data_sent = 134060 ms 
03-13 09:50:52.880  9979 10372 V MSF.C.MSFCore[@DD]:                      tcpi_last_data_recv = 134030 ms 
03-13 09:50:53.183 12259 12628 D AudioManager: dispatching onPlaybackConfigChanged()
03-13 09:50:53.184 12259 12628 D AudioManager: dispatching onPlaybackConfigChanged()
03-13 09:50:53.184 12237 12812 D AudioManager: dispatching onPlaybackConfigChanged()
03-13 09:50:53.184 12237 12812 D AudioManager: dispatching onPlaybackConfigChanged()
03-13 09:50:53.211 12259 12628 D AudioManager: dispatching onPlaybackConfigChanged()
03-13 09:50:53.211 12237 12812 D AudioManager: dispatching onPlaybackConfigChanged()
03-13 09:50:53.360 13508 13779 V MSF.C.MSFCore[@DD]: [Event] MSFDDNetworkEngine.cpp(179)::onTcpInfoUpdate->onTcpInfoUpdate:
03-13 09:50:53.360 13508 13779 V MSF.C.MSFCore[@DD]:                      tcpi_state = 1;
03-13 09:50:53.360 13508 13779 V MSF.C.MSFCore[@DD]:                      tcpi_ca_state = 0;
03-13 09:50:53.360 13508 13779 V MSF.C.MSFCore[@DD]:                      tcpi_rto = 240 ms;
03-13 09:50:53.360 13508 13779 V MSF.C.MSFCore[@DD]:                      tcpi_unacked = 0;
03-13 09:50:53.360 13508 13779 V MSF.C.MSFCore[@DD]:                      tcpi_rttcur = 31 ms;
03-13 09:50:53.360 13508 13779 V MSF.C.MSFCore[@DD]:                      tcpi_rttvar = 3 ms;
03-13 09:50:53.360 13508 13779 V MSF.C.MSFCore[@DD]:                      tcpi_bytes_retrans = 0 bytes;
03-13 09:50:53.360 13508 13779 V MSF.C.MSFCore[@DD]:                      tcpi_notsent_bytes = 0 bytes;
03-13 09:50:53.360 13508 13779 V MSF.C.MSFCore[@DD]:                      tcpi_bytes_received = 19002 bytes;
03-13 09:50:53.360 13508 13779 V MSF.C.MSFCore[@DD]:                      tcpi_bytes_sent = 0 bytes 
03-13 09:50:53.360 13508 13779 V MSF.C.MSFCore[@DD]:                      tcpi_last_data_sent = 123260 ms 
03-13 09:50:53.360 13508 13779 V MSF.C.MSFCore[@DD]:                      tcpi_last_data_recv = 123220 ms 
03-13 09:50:53.422 24204 24449 I ReactNativeJS: '清洁道具检查:', 4, 3
03-13 09:50:53.423 24204 24449 I ReactNativeJS: '可用道具:', [ { key: 'soap',
03-13 09:50:53.423 24204 24449 I ReactNativeJS:     price: 15,
03-13 09:50:53.423 24204 24449 I ReactNativeJS:     name: '🧼 肥皂',
03-13 09:50:53.423 24204 24449 I ReactNativeJS:     effect: '清洁度+20',
03-13 09:50:53.423 24204 24449 I ReactNativeJS:     hunger: 0,
03-13 09:50:53.423 24204 24449 I ReactNativeJS:     happiness: 0,
03-13 09:50:53.423 24204 24449 I ReactNativeJS:     energy: 0,
03-13 09:50:53.423 24204 24449 I ReactNativeJS:     cleanliness: 20,
03-13 09:50:53.423 24204 24449 I ReactNativeJS:     count: 4,
03-13 09:50:53.423 24204 24449 I ReactNativeJS:     icon: '🧼' },
03-13 09:50:53.423 24204 24449 I ReactNativeJS:   { key: 'shampoo',
03-13 09:50:53.423 24204 24449 I ReactNativeJS:     price: 35,
03-13 09:50:53.423 24204 24449 I ReactNativeJS:     name: '🧴 沐浴露',
03-13 09:50:53.423 24204 24449 I ReactNativeJS:     effect: '清洁度+30 快乐度+5',
03-13 09:50:53.423 24204 24449 I ReactNativeJS:     hunger: 0,
03-13 09:50:53.423 24204 24449 I ReactNativeJS:     happiness: 5,
03-13 09:50:53.423 24204 24449 I ReactNativeJS:     energy: 0,
03-13 09:50:53.423 24204 24449 I ReactNativeJS:     cleanliness: 30,
03-13 09:50:53.423 24204 24449 I ReactNativeJS:     count: 3,
03-13 09:50:53.423 24204 24449 I ReactNativeJS:     icon: '🧴' } ]
03-13 09:50:53.480  9979 10353 V MSF.C.MSFCore[@PS]: [Event] MSFPacketStatistics.cpp(300)::DoCheckRequestTimeout->current rtts:32.284
03-13 09:50:53.842 13508 13775 V MSF.C.MSFCore[@PS]: [Event] MSFPacketStatistics.cpp(300)::DoCheckRequestTimeout->current rtts:20.178
03-13 09:50:54.049 24204 24449 I ReactNativeJS: '清洁道具检查:', 4, 3
03-13 09:50:54.050 24204 24449 I ReactNativeJS: '可用道具:', [ { key: 'soap',
03-13 09:50:54.050 24204 24449 I ReactNativeJS:     price: 15,
03-13 09:50:54.050 24204 24449 I ReactNativeJS:     name: '🧼 肥皂',
03-13 09:50:54.050 24204 24449 I ReactNativeJS:     effect: '清洁度+20',
03-13 09:50:54.050 24204 24449 I ReactNativeJS:     hunger: 0,
03-13 09:50:54.050 24204 24449 I ReactNativeJS:     happiness: 0,
03-13 09:50:54.050 24204 24449 I ReactNativeJS:     energy: 0,
03-13 09:50:54.050 24204 24449 I ReactNativeJS:     cleanliness: 20,
03-13 09:50:54.050 24204 24449 I ReactNativeJS:     count: 4,
03-13 09:50:54.050 24204 24449 I ReactNativeJS:     icon: '🧼' },
03-13 09:50:54.050 24204 24449 I ReactNativeJS:   { key: 'shampoo',
03-13 09:50:54.050 24204 24449 I ReactNativeJS:     price: 35,
03-13 09:50:54.050 24204 24449 I ReactNativeJS:     name: '🧴 沐浴露',
03-13 09:50:54.050 24204 24449 I ReactNativeJS:     effect: '清洁度+30 快乐度+5',
03-13 09:50:54.050 24204 24449 I ReactNativeJS:     hunger: 0,
03-13 09:50:54.050 24204 24449 I ReactNativeJS:     happiness: 5,
03-13 09:50:54.050 24204 24449 I ReactNativeJS:     energy: 0,
03-13 09:50:54.050 24204 24449 I ReactNativeJS:     cleanliness: 30,
03-13 09:50:54.050 24204 24449 I ReactNativeJS:     count: 3,
03-13 09:50:54.050 24204 24449 I ReactNativeJS:     icon: '🧴' } ]
03-13 09:50:54.489  9979 10353 V MSF.C.MSFCore[@PS]: [Event] MSFPacketStatistics.cpp(300)::DoCheckRequestTimeout->current rtts:32.284
03-13 09:50:54.614 24204 24449 I ReactNativeJS: '清洁道具检查:', 4, 3
03-13 09:50:54.615 24204 24449 I ReactNativeJS: '可用道具:', [ { key: 'soap',
03-13 09:50:54.615 24204 24449 I ReactNativeJS:     price: 15,
03-13 09:50:54.615 24204 24449 I ReactNativeJS:     name: '🧼 肥皂',
03-13 09:50:54.615 24204 24449 I ReactNativeJS:     effect: '清洁度+20',
03-13 09:50:54.615 24204 24449 I ReactNativeJS:     hunger: 0,
03-13 09:50:54.615 24204 24449 I ReactNativeJS:     happiness: 0,
03-13 09:50:54.615 24204 24449 I ReactNativeJS:     energy: 0,
03-13 09:50:54.615 24204 24449 I ReactNativeJS:     cleanliness: 20,
03-13 09:50:54.615 24204 24449 I ReactNativeJS:     count: 4,
03-13 09:50:54.615 24204 24449 I ReactNativeJS:     icon: '🧼' },
03-13 09:50:54.615 24204 24449 I ReactNativeJS:   { key: 'shampoo',
03-13 09:50:54.615 24204 24449 I ReactNativeJS:     price: 35,
03-13 09:50:54.615 24204 24449 I ReactNativeJS:     name: '🧴 沐浴露',
03-13 09:50:54.615 24204 24449 I ReactNativeJS:     effect: '清洁度+30 快乐度+5',
03-13 09:50:54.615 24204 24449 I ReactNativeJS:     hunger: 0,
03-13 09:50:54.615 24204 24449 I ReactNativeJS:     happiness: 5,
03-13 09:50:54.615 24204 24449 I ReactNativeJS:     energy: 0,
03-13 09:50:54.615 24204 24449 I ReactNativeJS:     cleanliness: 30,
03-13 09:50:54.615 24204 24449 I ReactNativeJS:     count: 3,
03-13 09:50:54.615 24204 24449 I ReactNativeJS:     icon: '🧴' } ]
03-13 09:50:54.848 13508 13775 V MSF.C.MSFCore[@PS]: [Event] MSFPacketStatistics.cpp(300)::DoCheckRequestTimeout->current rtts:20.178
03-13 09:50:54.903 12237 12812 D AudioManager: dispatching onPlaybackConfigChanged()
03-13 09:50:54.904 12259 12628 D AudioManager: dispatching onPlaybackConfigChanged()
03-13 09:50:54.904 12237 12812 D AudioManager: dispatching onPlaybackConfigChanged()
03-13 09:50:54.904 12259 12628 D AudioManager: dispatching onPlaybackConfigChanged()
03-13 09:50:54.930 12259 12628 D AudioManager: dispatching onPlaybackConfigChanged()
03-13 09:50:54.931 12237 12812 D AudioManager: dispatching onPlaybackConfigChanged()
03-13 09:50:55.124 24204 24449 I ReactNativeJS: '清洁道具检查:', 4, 3
03-13 09:50:55.125 24204 24449 I ReactNativeJS: '可用道具:', [ { key: 'soap',
03-13 09:50:55.125 24204 24449 I ReactNativeJS:     price: 15,
03-13 09:50:55.125 24204 24449 I ReactNativeJS:     name: '🧼 肥皂',
03-13 09:50:55.125 24204 24449 I ReactNativeJS:     effect: '清洁度+20',
03-13 09:50:55.125 24204 24449 I ReactNativeJS:     hunger: 0,
03-13 09:50:55.125 24204 24449 I ReactNativeJS:     happiness: 0,
03-13 09:50:55.125 24204 24449 I ReactNativeJS:     energy: 0,
03-13 09:50:55.125 24204 24449 I ReactNativeJS:     cleanliness: 20,
03-13 09:50:55.125 24204 24449 I ReactNativeJS:     count: 4,
03-13 09:50:55.125 24204 24449 I ReactNativeJS:     icon: '🧼' },
03-13 09:50:55.125 24204 24449 I ReactNativeJS:   { key: 'shampoo',
03-13 09:50:55.125 24204 24449 I ReactNativeJS:     price: 35,
03-13 09:50:55.125 24204 24449 I ReactNativeJS:     name: '🧴 沐浴露',
03-13 09:50:55.125 24204 24449 I ReactNativeJS:     effect: '清洁度+30 快乐度+5',
03-13 09:50:55.125 24204 24449 I ReactNativeJS:     hunger: 0,
03-13 09:50:55.125 24204 24449 I ReactNativeJS:     happiness: 5,
03-13 09:50:55.125 24204 24449 I ReactNativeJS:     energy: 0,
03-13 09:50:55.125 24204 24449 I ReactNativeJS:     cleanliness: 30,
03-13 09:50:55.125 24204 24449 I ReactNativeJS:     count: 3,
03-13 09:50:55.125 24204 24449 I ReactNativeJS:     icon: '🧴' } ]
03-13 09:50:55.500  9979 10353 V MSF.C.MSFCore[@PS]: [Event] MSFPacketStatistics.cpp(300)::DoCheckRequestTimeout->current rtts:32.284
03-13 09:50:55.850 13508 13775 V MSF.C.MSFCore[@PS]: [Event] MSFPacketStatistics.cpp(300)::DoCheckRequestTimeout->current rtts:20.178
03-13 09:50:55.889  9979 10372 V MSF.C.MSFCore[@DD]: [Event] MSFDDNetworkEngine.cpp(179)::onTcpInfoUpdate->onTcpInfoUpdate:
03-13 09:50:55.889  9979 10372 V MSF.C.MSFCore[@DD]:                      tcpi_state = 1;
03-13 09:50:55.889  9979 10372 V MSF.C.MSFCore[@DD]:                      tcpi_ca_state = 0;
03-13 09:50:55.889  9979 10372 V MSF.C.MSFCore[@DD]:                      tcpi_rto = 240 ms;
03-13 09:50:55.889  9979 10372 V MSF.C.MSFCore[@DD]:                      tcpi_unacked = 0;
03-13 09:50:55.889  9979 10372 V MSF.C.MSFCore[@DD]:                      tcpi_rttcur = 33 ms;
03-13 09:50:55.889  9979 10372 V MSF.C.MSFCore[@DD]:                      tcpi_rttvar = 3 ms;
03-13 09:50:55.889  9979 10372 V MSF.C.MSFCore[@DD]:                      tcpi_bytes_retrans = 0 bytes;
03-13 09:50:55.889  9979 10372 V MSF.C.MSFCore[@DD]:                      tcpi_notsent_bytes = 0 bytes;
03-13 09:50:55.889  9979 10372 V MSF.C.MSFCore[@DD]:                      tcpi_bytes_received = 31207 bytes;
03-13 09:50:55.889  9979 10372 V MSF.C.MSFCore[@DD]:                      tcpi_bytes_sent = 0 bytes 
03-13 09:50:55.889  9979 10372 V MSF.C.MSFCore[@DD]:                      tcpi_last_data_sent = 137060 ms 
03-13 09:50:55.889  9979 10372 V MSF.C.MSFCore[@DD]:                      tcpi_last_data_recv = 137030 ms 
03-13 09:50:56.035 13508 13718 D MSF.C.DeepSleepDetector: [run] count after++: 108
03-13 09:50:56.370 24204 24449 I ReactNativeJS: ========== 点击唤醒按钮 ==========
03-13 09:50:56.371 24204 24449 I ReactNativeJS: '当前gameState.isSleeping:', true
03-13 09:50:56.371 24204 24449 I ReactNativeJS: '唤醒前prev.isSleeping:', true
03-13 09:50:56.372 24204 24449 I ReactNativeJS: '唤醒后newState.isSleeping:', false
03-13 09:50:56.379 13508 13779 V MSF.C.MSFCore[@DD]: [Event] MSFDDNetworkEngine.cpp(179)::onTcpInfoUpdate->onTcpInfoUpdate:
03-13 09:50:56.379 13508 13779 V MSF.C.MSFCore[@DD]:                      tcpi_state = 1;
03-13 09:50:56.379 13508 13779 V MSF.C.MSFCore[@DD]:                      tcpi_ca_state = 0;
03-13 09:50:56.379 13508 13779 V MSF.C.MSFCore[@DD]:                      tcpi_rto = 240 ms;
03-13 09:50:56.379 13508 13779 V MSF.C.MSFCore[@DD]:                      tcpi_unacked = 0;
03-13 09:50:56.379 13508 13779 V MSF.C.MSFCore[@DD]:                      tcpi_rttcur = 31 ms;
03-13 09:50:56.379 13508 13779 V MSF.C.MSFCore[@DD]:                      tcpi_rttvar = 3 ms;
03-13 09:50:56.379 13508 13779 V MSF.C.MSFCore[@DD]:                      tcpi_bytes_retrans = 0 bytes;
03-13 09:50:56.379 13508 13779 V MSF.C.MSFCore[@DD]:                      tcpi_notsent_bytes = 0 bytes;
03-13 09:50:56.379 13508 13779 V MSF.C.MSFCore[@DD]:                      tcpi_bytes_received = 19002 bytes;
03-13 09:50:56.379 13508 13779 V MSF.C.MSFCore[@DD]:                      tcpi_bytes_sent = 0 bytes 
03-13 09:50:56.379 13508 13779 V MSF.C.MSFCore[@DD]:                      tcpi_last_data_sent = 126280 ms 
03-13 09:50:56.379 13508 13779 V MSF.C.MSFCore[@DD]:                      tcpi_last_data_recv = 126240 ms 
03-13 09:50:56.438 24204 24449 I ReactNativeJS: '清洁道具检查:', 4, 3
03-13 09:50:56.438 24204 24449 I ReactNativeJS: '可用道具:', [ { key: 'soap',
03-13 09:50:56.438 24204 24449 I ReactNativeJS:     price: 15,
03-13 09:50:56.438 24204 24449 I ReactNativeJS:     name: '🧼 肥皂',
03-13 09:50:56.438 24204 24449 I ReactNativeJS:     effect: '清洁度+20',
03-13 09:50:56.438 24204 24449 I ReactNativeJS:     hunger: 0,
03-13 09:50:56.438 24204 24449 I ReactNativeJS:     happiness: 0,
03-13 09:50:56.438 24204 24449 I ReactNativeJS:     energy: 0,
03-13 09:50:56.438 24204 24449 I ReactNativeJS:     cleanliness: 20,
03-13 09:50:56.438 24204 24449 I ReactNativeJS:     count: 4,
03-13 09:50:56.438 24204 24449 I ReactNativeJS:     icon: '🧼' },
03-13 09:50:56.438 24204 24449 I ReactNativeJS:   { key: 'shampoo',
03-13 09:50:56.438 24204 24449 I ReactNativeJS:     price: 35,
03-13 09:50:56.438 24204 24449 I ReactNativeJS:     name: '🧴 沐浴露',
03-13 09:50:56.438 24204 24449 I ReactNativeJS:     effect: '清洁度+30 快乐度+5',
03-13 09:50:56.438 24204 24449 I ReactNativeJS:     hunger: 0,
03-13 09:50:56.438 24204 24449 I ReactNativeJS:     happiness: 5,
03-13 09:50:56.438 24204 24449 I ReactNativeJS:     energy: 0,
03-13 09:50:56.438 24204 24449 I ReactNativeJS:     cleanliness: 30,
03-13 09:50:56.438 24204 24449 I ReactNativeJS:     count: 3,
03-13 09:50:56.438 24204 24449 I ReactNativeJS:     icon: '🧴' } ]
03-13 09:50:56.502  9979 10353 V MSF.C.MSFCore[@PS]: [Event] MSFPacketStatistics.cpp(300)::DoCheckRequestTimeout->current rtts:32.284
03-13 09:50:56.633 24204 24449 I ReactNativeJS: '清洁道具检查:', 4, 3
03-13 09:50:56.634 24204 24449 I ReactNativeJS: '可用道具:', [ { key: 'soap',
03-13 09:50:56.634 24204 24449 I ReactNativeJS:     price: 15,
03-13 09:50:56.634 24204 24449 I ReactNativeJS:     name: '🧼 肥皂',
03-13 09:50:56.634 24204 24449 I ReactNativeJS:     effect: '清洁度+20',
03-13 09:50:56.634 24204 24449 I ReactNativeJS:     hunger: 0,
03-13 09:50:56.634 24204 24449 I ReactNativeJS:     happiness: 0,
03-13 09:50:56.634 24204 24449 I ReactNativeJS:     energy: 0,
03-13 09:50:56.634 24204 24449 I ReactNativeJS:     cleanliness: 20,
03-13 09:50:56.634 24204 24449 I ReactNativeJS:     count: 4,
03-13 09:50:56.634 24204 24449 I ReactNativeJS:     icon: '🧼' },
03-13 09:50:56.634 24204 24449 I ReactNativeJS:   { key: 'shampoo',
03-13 09:50:56.634 24204 24449 I ReactNativeJS:     price: 35,
03-13 09:50:56.634 24204 24449 I ReactNativeJS:     name: '🧴 沐浴露',
03-13 09:50:56.634 24204 24449 I ReactNativeJS:     effect: '清洁度+30 快乐度+5',
03-13 09:50:56.634 24204 24449 I ReactNativeJS:     hunger: 0,
03-13 09:50:56.634 24204 24449 I ReactNativeJS:     happiness: 5,
03-13 09:50:56.634 24204 24449 I ReactNativeJS:     energy: 0,
03-13 09:50:56.634 24204 24449 I ReactNativeJS:     cleanliness: 30,
03-13 09:50:56.634 24204 24449 I ReactNativeJS:     count: 3,
03-13 09:50:56.634 24204 24449 I ReactNativeJS:     icon: '🧴' } ]
03-13 09:50:56.660 12237 12812 D AudioManager: dispatching onPlaybackConfigChanged()
03-13 09:50:56.660 12259 12628 D AudioManager: dispatching onPlaybackConfigChanged()
03-13 09:50:56.660 12259 12628 D AudioManager: dispatching onPlaybackConfigChanged()
03-13 09:50:56.660 12237 12812 D AudioManager: dispatching onPlaybackConfigChanged()
03-13 09:50:56.689 12259 12628 D AudioManager: dispatching onPlaybackConfigChanged()
03-13 09:50:56.689 12237 12812 D AudioManager: dispatching onPlaybackConfigChanged()
03-13 09:50:56.852 13508 13775 V MSF.C.MSFCore[@PS]: [Event] MSFPacketStatistics.cpp(300)::DoCheckRequestTimeout->current rtts:20.178
03-13 09:50:56.956 24204 24449 I ReactNativeJS: '清洁道具检查:', 4, 3
03-13 09:50:56.957 24204 24449 I ReactNativeJS: '可用道具:', [ { key: 'soap',
03-13 09:50:56.957 24204 24449 I ReactNativeJS:     price: 15,
03-13 09:50:56.957 24204 24449 I ReactNativeJS:     name: '🧼 肥皂',
03-13 09:50:56.957 24204 24449 I ReactNativeJS:     effect: '清洁度+20',
03-13 09:50:56.957 24204 24449 I ReactNativeJS:     hunger: 0,
03-13 09:50:56.957 24204 24449 I ReactNativeJS:     happiness: 0,
03-13 09:50:56.957 24204 24449 I ReactNativeJS:     energy: 0,
03-13 09:50:56.957 24204 24449 I ReactNativeJS:     cleanliness: 20,
03-13 09:50:56.957 24204 24449 I ReactNativeJS:     count: 4,
03-13 09:50:56.957 24204 24449 I ReactNativeJS:     icon: '🧼' },
03-13 09:50:56.957 24204 24449 I ReactNativeJS:   { key: 'shampoo',
03-13 09:50:56.957 24204 24449 I ReactNativeJS:     price: 35,
03-13 09:50:56.957 24204 24449 I ReactNativeJS:     name: '🧴 沐浴露',
03-13 09:50:56.957 24204 24449 I ReactNativeJS:     effect: '清洁度+30 快乐度+5',
03-13 09:50:56.957 24204 24449 I ReactNativeJS:     hunger: 0,
03-13 09:50:56.957 24204 24449 I ReactNativeJS:     happiness: 5,
03-13 09:50:56.957 24204 24449 I ReactNativeJS:     energy: 0,
03-13 09:50:56.957 24204 24449 I ReactNativeJS:     cleanliness: 30,
03-13 09:50:56.957 24204 24449 I ReactNativeJS:     count: 3,
03-13 09:50:56.957 24204 24449 I ReactNativeJS:     icon: '🧴' } ]
03-13 09:50:57.509  9979 10353 V MSF.C.MSFCore[@PS]: [Event] MSFPacketStatistics.cpp(300)::DoCheckRequestTimeout->current rtts:32.284
03-13 09:50:57.852 13508 13775 V MSF.C.MSFCore[@PS]: [Event] MSFPacketStatistics.cpp(300)::DoCheckRequestTimeout->current rtts:20.178
03-13 09:50:58.065 12259 12628 D AudioManager: dispatching onPlaybackConfigChanged()
03-13 09:50:58.066 12259 12628 D AudioManager: dispatching onPlaybackConfigChanged()
03-13 09:50:58.066 12237 12812 D AudioManager: dispatching onPlaybackConfigChanged()
03-13 09:50:58.066 12237 12812 D AudioManager: dispatching onPlaybackConfigChanged()
03-13 09:50:58.452 24204 24449 I ReactNativeJS: '清洁道具检查:', 4, 3
03-13 09:50:58.452 24204 24449 I ReactNativeJS: '可用道具:', [ { key: 'soap',
03-13 09:50:58.452 24204 24449 I ReactNativeJS:     price: 15,
03-13 09:50:58.452 24204 24449 I ReactNativeJS:     name: '🧼 肥皂',
03-13 09:50:58.452 24204 24449 I ReactNativeJS:     effect: '清洁度+20',
03-13 09:50:58.452 24204 24449 I ReactNativeJS:     hunger: 0,
03-13 09:50:58.452 24204 24449 I ReactNativeJS:     happiness: 0,
03-13 09:50:58.452 24204 24449 I ReactNativeJS:     energy: 0,
03-13 09:50:58.452 24204 24449 I ReactNativeJS:     cleanliness: 20,
03-13 09:50:58.452 24204 24449 I ReactNativeJS:     count: 4,
03-13 09:50:58.452 24204 24449 I ReactNativeJS:     icon: '🧼' },
03-13 09:50:58.452 24204 24449 I ReactNativeJS:   { key: 'shampoo',
03-13 09:50:58.452 24204 24449 I ReactNativeJS:     price: 35,
03-13 09:50:58.452 24204 24449 I ReactNativeJS:     name: '🧴 沐浴露',
03-13 09:50:58.452 24204 24449 I ReactNativeJS:     effect: '清洁度+30 快乐度+5',
03-13 09:50:58.452 24204 24449 I ReactNativeJS:     hunger: 0,
03-13 09:50:58.452 24204 24449 I ReactNativeJS:     happiness: 5,
03-13 09:50:58.452 24204 24449 I ReactNativeJS:     energy: 0,
03-13 09:50:58.452 24204 24449 I ReactNativeJS:     cleanliness: 30,
03-13 09:50:58.452 24204 24449 I ReactNativeJS:     count: 3,
03-13 09:50:58.452 24204 24449 I ReactNativeJS:     icon: '🧴' } ]
03-13 09:50:58.519  9979 10353 V MSF.C.MSFCore[@PS]: [Event] MSFPacketStatistics.cpp(300)::DoCheckRequestTimeout->current rtts:32.284
03-13 09:50:58.855 13508 13775 V MSF.C.MSFCore[@PS]: [Event] MSFPacketStatistics.cpp(300)::DoCheckRequestTimeout->current rtts:20.178
03-13 09:50:58.872 24204 24449 I ReactNativeJS: ========== 点击唤醒按钮 ==========
03-13 09:50:58.872 24204 24449 I ReactNativeJS: '当前gameState.isSleeping:', true
03-13 09:50:58.873 24204 24449 I ReactNativeJS: '唤醒前prev.isSleeping:', true
03-13 09:50:58.874 24204 24449 I ReactNativeJS: '唤醒后newState.isSleeping:', false
03-13 09:50:58.897  9979 10372 V MSF.C.MSFCore[@DD]: [Event] MSFDDNetworkEngine.cpp(179)::onTcpInfoUpdate->onTcpInfoUpdate:
03-13 09:50:58.897  9979 10372 V MSF.C.MSFCore[@DD]:                      tcpi_state = 1;
03-13 09:50:58.897  9979 10372 V MSF.C.MSFCore[@DD]:                      tcpi_ca_state = 0;
03-13 09:50:58.897  9979 10372 V MSF.C.MSFCore[@DD]:                      tcpi_rto = 240 ms;
03-13 09:50:58.897  9979 10372 V MSF.C.MSFCore[@DD]:                      tcpi_unacked = 0;
03-13 09:50:58.897  9979 10372 V MSF.C.MSFCore[@DD]:                      tcpi_rttcur = 33 ms;
03-13 09:50:58.897  9979 10372 V MSF.C.MSFCore[@DD]:                      tcpi_rttvar = 3 ms;
03-13 09:50:58.897  9979 10372 V MSF.C.MSFCore[@DD]:                      tcpi_bytes_retrans = 0 bytes;
03-13 09:50:58.897  9979 10372 V MSF.C.MSFCore[@DD]:                      tcpi_notsent_bytes = 0 bytes;
03-13 09:50:58.897  9979 10372 V MSF.C.MSFCore[@DD]:                      tcpi_bytes_received = 31207 bytes;
03-13 09:50:58.897  9979 10372 V MSF.C.MSFCore[@DD]:                      tcpi_bytes_sent = 0 bytes 
03-13 09:50:58.897  9979 10372 V MSF.C.MSFCore[@DD]:                      tcpi_last_data_sent = 140070 ms 
03-13 09:50:58.897  9979 10372 V MSF.C.MSFCore[@DD]:                      tcpi_last_data_recv = 140040 ms 
03-13 09:50:58.905 12259 12628 D AudioManager: dispatching onPlaybackConfigChanged()
03-13 09:50:58.906 12237 12812 D AudioManager: dispatching onPlaybackConfigChanged()
03-13 09:50:58.930 24204 24449 I ReactNativeJS: '清洁道具检查:', 4, 3
03-13 09:50:58.931 24204 24449 I ReactNativeJS: '可用道具:', [ { key: 'soap',
03-13 09:50:58.931 24204 24449 I ReactNativeJS:     price: 15,
03-13 09:50:58.931 24204 24449 I ReactNativeJS:     name: '🧼 肥皂',
03-13 09:50:58.931 24204 24449 I ReactNativeJS:     effect: '清洁度+20',
03-13 09:50:58.931 24204 24449 I ReactNativeJS:     hunger: 0,
03-13 09:50:58.931 24204 24449 I ReactNativeJS:     happiness: 0,
03-13 09:50:58.931 24204 24449 I ReactNativeJS:     energy: 0,
03-13 09:50:58.931 24204 24449 I ReactNativeJS:     cleanliness: 20,
03-13 09:50:58.931 24204 24449 I ReactNativeJS:     count: 4,
03-13 09:50:58.931 24204 24449 I ReactNativeJS:     icon: '🧼' },
03-13 09:50:58.931 24204 24449 I ReactNativeJS:   { key: 'shampoo',
03-13 09:50:58.931 24204 24449 I ReactNativeJS:     price: 35,
03-13 09:50:58.931 24204 24449 I ReactNativeJS:     name: '🧴 沐浴露',
03-13 09:50:58.931 24204 24449 I ReactNativeJS:     effect: '清洁度+30 快乐度+5',
03-13 09:50:58.931 24204 24449 I ReactNativeJS:     hunger: 0,
03-13 09:50:58.931 24204 24449 I ReactNativeJS:     happiness: 5,
03-13 09:50:58.931 24204 24449 I ReactNativeJS:     energy: 0,
03-13 09:50:58.931 24204 24449 I ReactNativeJS:     cleanliness: 30,
03-13 09:50:58.931 24204 24449 I ReactNativeJS:     count: 3,
03-13 09:50:58.931 24204 24449 I ReactNativeJS:     icon: '🧴' } ]
03-13 09:50:58.983 24204 24449 I ReactNativeJS: '清洁道具检查:', 4, 3
03-13 09:50:58.984 24204 24449 I ReactNativeJS: '可用道具:', [ { key: 'soap',
03-13 09:50:58.984 24204 24449 I ReactNativeJS:     price: 15,
03-13 09:50:58.984 24204 24449 I ReactNativeJS:     name: '🧼 肥皂',
03-13 09:50:58.984 24204 24449 I ReactNativeJS:     effect: '清洁度+20',
03-13 09:50:58.984 24204 24449 I ReactNativeJS:     hunger: 0,
03-13 09:50:58.984 24204 24449 I ReactNativeJS:     happiness: 0,
03-13 09:50:58.984 24204 24449 I ReactNativeJS:     energy: 0,
03-13 09:50:58.984 24204 24449 I ReactNativeJS:     cleanliness: 20,
03-13 09:50:58.984 24204 24449 I ReactNativeJS:     count: 4,
03-13 09:50:58.984 24204 24449 I ReactNativeJS:     icon: '🧼' },
03-13 09:50:58.984 24204 24449 I ReactNativeJS:   { key: 'shampoo',
03-13 09:50:58.984 24204 24449 I ReactNativeJS:     price: 35,
03-13 09:50:58.984 24204 24449 I ReactNativeJS:     name: '🧴 沐浴露',
03-13 09:50:58.984 24204 24449 I ReactNativeJS:     effect: '清洁度+30 快乐度+5',
03-13 09:50:58.984 24204 24449 I ReactNativeJS:     hunger: 0,
03-13 09:50:58.984 24204 24449 I ReactNativeJS:     happiness: 5,
03-13 09:50:58.984 24204 24449 I ReactNativeJS:     energy: 0,
03-13 09:50:58.984 24204 24449 I ReactNativeJS:     cleanliness: 30,
03-13 09:50:58.984 24204 24449 I ReactNativeJS:     count: 3,
03-13 09:50:58.984 24204 24449 I ReactNativeJS:     icon: '🧴' } ]
03-13 09:50:59.398 13508 13779 V MSF.C.MSFCore[@DD]: [Event] MSFDDNetworkEngine.cpp(179)::onTcpInfoUpdate->onTcpInfoUpdate:
03-13 09:50:59.398 13508 13779 V MSF.C.MSFCore[@DD]:                      tcpi_state = 1;
03-13 09:50:59.398 13508 13779 V MSF.C.MSFCore[@DD]:                      tcpi_ca_state = 0;
03-13 09:50:59.398 13508 13779 V MSF.C.MSFCore[@DD]:                      tcpi_rto = 240 ms;
03-13 09:50:59.398 13508 13779 V MSF.C.MSFCore[@DD]:                      tcpi_unacked = 0;
03-13 09:50:59.398 13508 13779 V MSF.C.MSFCore[@DD]:                      tcpi_rttcur = 31 ms;
03-13 09:50:59.398 13508 13779 V MSF.C.MSFCore[@DD]:                      tcpi_rttvar = 3 ms;
