03-13 09:49:22.249 13508 13775 V MSF.C.MSFCore[@PS]: [Event] MSFPacketStatistics.cpp(300)::DoCheckRequestTimeout->current rtts:20.178
03-13 09:49:22.286  9979 10372 V MSF.C.MSFCore[@DD]: [Event] MSFDDNetworkEngine.cpp(179)::onTcpInfoUpdate->onTcpInfoUpdate:
03-13 09:49:22.286  9979 10372 V MSF.C.MSFCore[@DD]:                      tcpi_state = 1;
03-13 09:49:22.286  9979 10372 V MSF.C.MSFCore[@DD]:                      tcpi_ca_state = 0;
03-13 09:49:22.286  9979 10372 V MSF.C.MSFCore[@DD]:                      tcpi_rto = 240 ms;
03-13 09:49:22.286  9979 10372 V MSF.C.MSFCore[@DD]:                      tcpi_unacked = 0;
03-13 09:49:22.286  9979 10372 V MSF.C.MSFCore[@DD]:                      tcpi_rttcur = 33 ms;
03-13 09:49:22.286  9979 10372 V MSF.C.MSFCore[@DD]:                      tcpi_rttvar = 3 ms;
03-13 09:49:22.286  9979 10372 V MSF.C.MSFCore[@DD]:                      tcpi_bytes_retrans = 0 bytes;
03-13 09:49:22.286  9979 10372 V MSF.C.MSFCore[@DD]:                      tcpi_notsent_bytes = 0 bytes;
03-13 09:49:22.286  9979 10372 V MSF.C.MSFCore[@DD]:                      tcpi_bytes_received = 31207 bytes;
03-13 09:49:22.286  9979 10372 V MSF.C.MSFCore[@DD]:                      tcpi_bytes_sent = 0 bytes 
03-13 09:49:22.286  9979 10372 V MSF.C.MSFCore[@DD]:                      tcpi_last_data_sent = 43460 ms 
03-13 09:49:22.286  9979 10372 V MSF.C.MSFCore[@DD]:                      tcpi_last_data_recv = 43430 ms 
03-13 09:49:22.762 13508 13779 V MSF.C.MSFCore[@DD]: [Event] MSFDDNetworkEngine.cpp(179)::onTcpInfoUpdate->onTcpInfoUpdate:
03-13 09:49:22.762 13508 13779 V MSF.C.MSFCore[@DD]:                      tcpi_state = 1;
03-13 09:49:22.762 13508 13779 V MSF.C.MSFCore[@DD]:                      tcpi_ca_state = 0;
03-13 09:49:22.762 13508 13779 V MSF.C.MSFCore[@DD]:                      tcpi_rto = 240 ms;
03-13 09:49:22.762 13508 13779 V MSF.C.MSFCore[@DD]:                      tcpi_unacked = 0;
03-13 09:49:22.762 13508 13779 V MSF.C.MSFCore[@DD]:                      tcpi_rttcur = 31 ms;
03-13 09:49:22.762 13508 13779 V MSF.C.MSFCore[@DD]:                      tcpi_rttvar = 3 ms;
03-13 09:49:22.762 13508 13779 V MSF.C.MSFCore[@DD]:                      tcpi_bytes_retrans = 0 bytes;
03-13 09:49:22.762 13508 13779 V MSF.C.MSFCore[@DD]:                      tcpi_notsent_bytes = 0 bytes;
03-13 09:49:22.762 13508 13779 V MSF.C.MSFCore[@DD]:                      tcpi_bytes_received = 19002 bytes;
03-13 09:49:22.762 13508 13779 V MSF.C.MSFCore[@DD]:                      tcpi_bytes_sent = 0 bytes 
03-13 09:49:22.762 13508 13779 V MSF.C.MSFCore[@DD]:                      tcpi_last_data_sent = 32660 ms 
03-13 09:49:22.762 13508 13779 V MSF.C.MSFCore[@DD]:                      tcpi_last_data_recv = 32620 ms 
03-13 09:49:22.904  9979 10353 V MSF.C.MSFCore[@PS]: [Event] MSFPacketStatistics.cpp(300)::DoCheckRequestTimeout->current rtts:32.284
03-13 09:49:23.253 13508 13775 V MSF.C.MSFCore[@PS]: [Event] MSFPacketStatistics.cpp(300)::DoCheckRequestTimeout->current rtts:20.178
03-13 09:49:23.914  9979 10353 V MSF.C.MSFCore[@PS]: [Event] MSFPacketStatistics.cpp(300)::DoCheckRequestTimeout->current rtts:32.284
03-13 09:49:24.013 24204 24449 I ReactNativeJS: '清洁道具检查:', 4, 3
03-13 09:49:24.014 24204 24449 I ReactNativeJS: '可用道具:', [ { key: 'soap',
03-13 09:49:24.014 24204 24449 I ReactNativeJS:     price: 15,
03-13 09:49:24.014 24204 24449 I ReactNativeJS:     name: '🧼 肥皂',
03-13 09:49:24.014 24204 24449 I ReactNativeJS:     effect: '清洁度+20',
03-13 09:49:24.014 24204 24449 I ReactNativeJS:     hunger: 0,
03-13 09:49:24.014 24204 24449 I ReactNativeJS:     happiness: 0,
03-13 09:49:24.014 24204 24449 I ReactNativeJS:     energy: 0,
03-13 09:49:24.014 24204 24449 I ReactNativeJS:     cleanliness: 20,
03-13 09:49:24.014 24204 24449 I ReactNativeJS:     count: 4,
03-13 09:49:24.014 24204 24449 I ReactNativeJS:     icon: '🧼' },
03-13 09:49:24.014 24204 24449 I ReactNativeJS:   { key: 'shampoo',
03-13 09:49:24.014 24204 24449 I ReactNativeJS:     price: 35,
03-13 09:49:24.014 24204 24449 I ReactNativeJS:     name: '🧴 沐浴露',
03-13 09:49:24.014 24204 24449 I ReactNativeJS:     effect: '清洁度+30 快乐度+5',
03-13 09:49:24.014 24204 24449 I ReactNativeJS:     hunger: 0,
03-13 09:49:24.014 24204 24449 I ReactNativeJS:     happiness: 5,
03-13 09:49:24.014 24204 24449 I ReactNativeJS:     energy: 0,
03-13 09:49:24.014 24204 24449 I ReactNativeJS:     cleanliness: 30,
03-13 09:49:24.014 24204 24449 I ReactNativeJS:     count: 3,
03-13 09:49:24.014 24204 24449 I ReactNativeJS:     icon: '🧴' } ]
03-13 09:49:24.258 13508 13775 V MSF.C.MSFCore[@PS]: [Event] MSFPacketStatistics.cpp(300)::DoCheckRequestTimeout->current rtts:20.178
03-13 09:49:24.916  9979 10353 V MSF.C.MSFCore[@PS]: [Event] MSFPacketStatistics.cpp(300)::DoCheckRequestTimeout->current rtts:32.284
03-13 09:49:25.260 13508 13775 V MSF.C.MSFCore[@PS]: [Event] MSFPacketStatistics.cpp(300)::DoCheckRequestTimeout->current rtts:20.178
03-13 09:49:25.309  9979 10372 V MSF.C.MSFCore[@DD]: [Event] MSFDDNetworkEngine.cpp(179)::onTcpInfoUpdate->onTcpInfoUpdate:
03-13 09:49:25.309  9979 10372 V MSF.C.MSFCore[@DD]:                      tcpi_state = 1;
03-13 09:49:25.309  9979 10372 V MSF.C.MSFCore[@DD]:                      tcpi_ca_state = 0;
03-13 09:49:25.309  9979 10372 V MSF.C.MSFCore[@DD]:                      tcpi_rto = 240 ms;
03-13 09:49:25.309  9979 10372 V MSF.C.MSFCore[@DD]:                      tcpi_unacked = 0;
03-13 09:49:25.309  9979 10372 V MSF.C.MSFCore[@DD]:                      tcpi_rttcur = 33 ms;
03-13 09:49:25.309  9979 10372 V MSF.C.MSFCore[@DD]:                      tcpi_rttvar = 3 ms;
03-13 09:49:25.309  9979 10372 V MSF.C.MSFCore[@DD]:                      tcpi_bytes_retrans = 0 bytes;
03-13 09:49:25.309  9979 10372 V MSF.C.MSFCore[@DD]:                      tcpi_notsent_bytes = 0 bytes;
03-13 09:49:25.309  9979 10372 V MSF.C.MSFCore[@DD]:                      tcpi_bytes_received = 31207 bytes;
03-13 09:49:25.309  9979 10372 V MSF.C.MSFCore[@DD]:                      tcpi_bytes_sent = 0 bytes 
03-13 09:49:25.309  9979 10372 V MSF.C.MSFCore[@DD]:                      tcpi_last_data_sent = 46490 ms 
03-13 09:49:25.309  9979 10372 V MSF.C.MSFCore[@DD]:                      tcpi_last_data_recv = 46460 ms 
03-13 09:49:25.782 13508 13779 V MSF.C.MSFCore[@DD]: [Event] MSFDDNetworkEngine.cpp(179)::onTcpInfoUpdate->onTcpInfoUpdate:
03-13 09:49:25.782 13508 13779 V MSF.C.MSFCore[@DD]:                      tcpi_state = 1;
03-13 09:49:25.782 13508 13779 V MSF.C.MSFCore[@DD]:                      tcpi_ca_state = 0;
03-13 09:49:25.782 13508 13779 V MSF.C.MSFCore[@DD]:                      tcpi_rto = 240 ms;
03-13 09:49:25.782 13508 13779 V MSF.C.MSFCore[@DD]:                      tcpi_unacked = 0;
03-13 09:49:25.782 13508 13779 V MSF.C.MSFCore[@DD]:                      tcpi_rttcur = 31 ms;
03-13 09:49:25.782 13508 13779 V MSF.C.MSFCore[@DD]:                      tcpi_rttvar = 3 ms;
03-13 09:49:25.782 13508 13779 V MSF.C.MSFCore[@DD]:                      tcpi_bytes_retrans = 0 bytes;
03-13 09:49:25.782 13508 13779 V MSF.C.MSFCore[@DD]:                      tcpi_notsent_bytes = 0 bytes;
03-13 09:49:25.782 13508 13779 V MSF.C.MSFCore[@DD]:                      tcpi_bytes_received = 19002 bytes;
03-13 09:49:25.782 13508 13779 V MSF.C.MSFCore[@DD]:                      tcpi_bytes_sent = 0 bytes 
03-13 09:49:25.782 13508 13779 V MSF.C.MSFCore[@DD]:                      tcpi_last_data_sent = 35680 ms 
03-13 09:49:25.782 13508 13779 V MSF.C.MSFCore[@DD]:                      tcpi_last_data_recv = 35640 ms 
03-13 09:49:25.896 24204 24449 I ReactNativeJS: '清洁道具检查:', 4, 3
03-13 09:49:25.897 24204 24449 I ReactNativeJS: '可用道具:', [ { key: 'soap',
03-13 09:49:25.897 24204 24449 I ReactNativeJS:     price: 15,
03-13 09:49:25.897 24204 24449 I ReactNativeJS:     name: '🧼 肥皂',
03-13 09:49:25.897 24204 24449 I ReactNativeJS:     effect: '清洁度+20',
03-13 09:49:25.897 24204 24449 I ReactNativeJS:     hunger: 0,
03-13 09:49:25.897 24204 24449 I ReactNativeJS:     happiness: 0,
03-13 09:49:25.897 24204 24449 I ReactNativeJS:     energy: 0,
03-13 09:49:25.897 24204 24449 I ReactNativeJS:     cleanliness: 20,
03-13 09:49:25.897 24204 24449 I ReactNativeJS:     count: 4,
03-13 09:49:25.897 24204 24449 I ReactNativeJS:     icon: '🧼' },
03-13 09:49:25.897 24204 24449 I ReactNativeJS:   { key: 'shampoo',
03-13 09:49:25.897 24204 24449 I ReactNativeJS:     price: 35,
03-13 09:49:25.897 24204 24449 I ReactNativeJS:     name: '🧴 沐浴露',
03-13 09:49:25.897 24204 24449 I ReactNativeJS:     effect: '清洁度+30 快乐度+5',
03-13 09:49:25.897 24204 24449 I ReactNativeJS:     hunger: 0,
03-13 09:49:25.897 24204 24449 I ReactNativeJS:     happiness: 5,
03-13 09:49:25.897 24204 24449 I ReactNativeJS:     energy: 0,
03-13 09:49:25.897 24204 24449 I ReactNativeJS:     cleanliness: 30,
03-13 09:49:25.897 24204 24449 I ReactNativeJS:     count: 3,
03-13 09:49:25.897 24204 24449 I ReactNativeJS:     icon: '🧴' } ]
03-13 09:49:25.926  9979 10353 V MSF.C.MSFCore[@PS]: [Event] MSFPacketStatistics.cpp(300)::DoCheckRequestTimeout->current rtts:32.284
03-13 09:49:26.260 13508 13775 V MSF.C.MSFCore[@PS]: [Event] MSFPacketStatistics.cpp(300)::DoCheckRequestTimeout->current rtts:20.178
03-13 09:49:26.929  9979 10353 V MSF.C.MSFCore[@PS]: [Event] MSFPacketStatistics.cpp(300)::DoCheckRequestTimeout->current rtts:32.284
03-13 09:49:27.264 13508 13775 V MSF.C.MSFCore[@PS]: [Event] MSFPacketStatistics.cpp(300)::DoCheckRequestTimeout->current rtts:20.178
03-13 09:49:27.940  9979 10353 V MSF.C.MSFCore[@PS]: [Event] MSFPacketStatistics.cpp(300)::DoCheckRequestTimeout->current rtts:32.284
03-13 09:49:28.274 13508 13775 V MSF.C.MSFCore[@PS]: [Event] MSFPacketStatistics.cpp(300)::DoCheckRequestTimeout->current rtts:20.178
03-13 09:49:28.315  9979 10372 V MSF.C.MSFCore[@DD]: [Event] MSFDDNetworkEngine.cpp(179)::onTcpInfoUpdate->onTcpInfoUpdate:
03-13 09:49:28.315  9979 10372 V MSF.C.MSFCore[@DD]:                      tcpi_state = 1;
03-13 09:49:28.315  9979 10372 V MSF.C.MSFCore[@DD]:                      tcpi_ca_state = 0;
03-13 09:49:28.315  9979 10372 V MSF.C.MSFCore[@DD]:                      tcpi_rto = 240 ms;
03-13 09:49:28.315  9979 10372 V MSF.C.MSFCore[@DD]:                      tcpi_unacked = 0;
03-13 09:49:28.315  9979 10372 V MSF.C.MSFCore[@DD]:                      tcpi_rttcur = 33 ms;
03-13 09:49:28.315  9979 10372 V MSF.C.MSFCore[@DD]:                      tcpi_rttvar = 3 ms;
03-13 09:49:28.315  9979 10372 V MSF.C.MSFCore[@DD]:                      tcpi_bytes_retrans = 0 bytes;
03-13 09:49:28.315  9979 10372 V MSF.C.MSFCore[@DD]:                      tcpi_notsent_bytes = 0 bytes;
03-13 09:49:28.315  9979 10372 V MSF.C.MSFCore[@DD]:                      tcpi_bytes_received = 31207 bytes;
03-13 09:49:28.315  9979 10372 V MSF.C.MSFCore[@DD]:                      tcpi_bytes_sent = 0 bytes 
03-13 09:49:28.315  9979 10372 V MSF.C.MSFCore[@DD]:                      tcpi_last_data_sent = 49490 ms 
03-13 09:49:28.315  9979 10372 V MSF.C.MSFCore[@DD]:                      tcpi_last_data_recv = 49460 ms 
03-13 09:49:28.810 13508 13779 V MSF.C.MSFCore[@DD]: [Event] MSFDDNetworkEngine.cpp(179)::onTcpInfoUpdate->onTcpInfoUpdate:
03-13 09:49:28.810 13508 13779 V MSF.C.MSFCore[@DD]:                      tcpi_state = 1;
03-13 09:49:28.810 13508 13779 V MSF.C.MSFCore[@DD]:                      tcpi_ca_state = 0;
03-13 09:49:28.810 13508 13779 V MSF.C.MSFCore[@DD]:                      tcpi_rto = 240 ms;
03-13 09:49:28.810 13508 13779 V MSF.C.MSFCore[@DD]:                      tcpi_unacked = 0;
03-13 09:49:28.810 13508 13779 V MSF.C.MSFCore[@DD]:                      tcpi_rttcur = 31 ms;
03-13 09:49:28.810 13508 13779 V MSF.C.MSFCore[@DD]:                      tcpi_rttvar = 3 ms;
03-13 09:49:28.810 13508 13779 V MSF.C.MSFCore[@DD]:                      tcpi_bytes_retrans = 0 bytes;
03-13 09:49:28.810 13508 13779 V MSF.C.MSFCore[@DD]:                      tcpi_notsent_bytes = 0 bytes;
03-13 09:49:28.810 13508 13779 V MSF.C.MSFCore[@DD]:                      tcpi_bytes_received = 19002 bytes;
03-13 09:49:28.810 13508 13779 V MSF.C.MSFCore[@DD]:                      tcpi_bytes_sent = 0 bytes 
03-13 09:49:28.810 13508 13779 V MSF.C.MSFCore[@DD]:                      tcpi_last_data_sent = 38710 ms 
03-13 09:49:28.810 13508 13779 V MSF.C.MSFCore[@DD]:                      tcpi_last_data_recv = 38670 ms 
03-13 09:49:28.949  9979 10353 V MSF.C.MSFCore[@PS]: [Event] MSFPacketStatistics.cpp(300)::DoCheckRequestTimeout->current rtts:32.284
03-13 09:49:29.280 13508 13775 V MSF.C.MSFCore[@PS]: [Event] MSFPacketStatistics.cpp(300)::DoCheckRequestTimeout->current rtts:20.178
03-13 09:49:29.954  9979 10353 V MSF.C.MSFCore[@PS]: [Event] MSFPacketStatistics.cpp(300)::DoCheckRequestTimeout->current rtts:32.284
03-13 09:49:30.282 13508 13775 V MSF.C.MSFCore[@PS]: [Event] MSFPacketStatistics.cpp(300)::DoCheckRequestTimeout->current rtts:20.178
03-13 09:49:30.958  9979 10353 V MSF.C.MSFCore[@PS]: [Event] MSFPacketStatistics.cpp(300)::DoCheckRequestTimeout->current rtts:32.284
03-13 09:49:31.284 13508 13775 V MSF.C.MSFCore[@PS]: [Event] MSFPacketStatistics.cpp(300)::DoCheckRequestTimeout->current rtts:20.178
03-13 09:49:31.330  9979 10372 V MSF.C.MSFCore[@DD]: [Event] MSFDDNetworkEngine.cpp(179)::onTcpInfoUpdate->onTcpInfoUpdate:
03-13 09:49:31.330  9979 10372 V MSF.C.MSFCore[@DD]:                      tcpi_state = 1;
03-13 09:49:31.330  9979 10372 V MSF.C.MSFCore[@DD]:                      tcpi_ca_state = 0;
03-13 09:49:31.330  9979 10372 V MSF.C.MSFCore[@DD]:                      tcpi_rto = 240 ms;
03-13 09:49:31.330  9979 10372 V MSF.C.MSFCore[@DD]:                      tcpi_unacked = 0;
03-13 09:49:31.330  9979 10372 V MSF.C.MSFCore[@DD]:                      tcpi_rttcur = 33 ms;
03-13 09:49:31.330  9979 10372 V MSF.C.MSFCore[@DD]:                      tcpi_rttvar = 3 ms;
03-13 09:49:31.330  9979 10372 V MSF.C.MSFCore[@DD]:                      tcpi_bytes_retrans = 0 bytes;
03-13 09:49:31.330  9979 10372 V MSF.C.MSFCore[@DD]:                      tcpi_notsent_bytes = 0 bytes;
03-13 09:49:31.330  9979 10372 V MSF.C.MSFCore[@DD]:                      tcpi_bytes_received = 31207 bytes;
03-13 09:49:31.330  9979 10372 V MSF.C.MSFCore[@DD]:                      tcpi_bytes_sent = 0 bytes 
03-13 09:49:31.330  9979 10372 V MSF.C.MSFCore[@DD]:                      tcpi_last_data_sent = 52510 ms 
03-13 09:49:31.330  9979 10372 V MSF.C.MSFCore[@DD]:                      tcpi_last_data_recv = 52480 ms 
03-13 09:49:31.837 13508 13779 V MSF.C.MSFCore[@DD]: [Event] MSFDDNetworkEngine.cpp(179)::onTcpInfoUpdate->onTcpInfoUpdate:
03-13 09:49:31.837 13508 13779 V MSF.C.MSFCore[@DD]:                      tcpi_state = 1;
03-13 09:49:31.837 13508 13779 V MSF.C.MSFCore[@DD]:                      tcpi_ca_state = 0;
03-13 09:49:31.837 13508 13779 V MSF.C.MSFCore[@DD]:                      tcpi_rto = 240 ms;
03-13 09:49:31.837 13508 13779 V MSF.C.MSFCore[@DD]:                      tcpi_unacked = 0;
03-13 09:49:31.837 13508 13779 V MSF.C.MSFCore[@DD]:                      tcpi_rttcur = 31 ms;
03-13 09:49:31.837 13508 13779 V MSF.C.MSFCore[@DD]:                      tcpi_rttvar = 3 ms;
03-13 09:49:31.837 13508 13779 V MSF.C.MSFCore[@DD]:                      tcpi_bytes_retrans = 0 bytes;
03-13 09:49:31.837 13508 13779 V MSF.C.MSFCore[@DD]:                      tcpi_notsent_bytes = 0 bytes;
03-13 09:49:31.837 13508 13779 V MSF.C.MSFCore[@DD]:                      tcpi_bytes_received = 19002 bytes;
03-13 09:49:31.837 13508 13779 V MSF.C.MSFCore[@DD]:                      tcpi_bytes_sent = 0 bytes 
03-13 09:49:31.837 13508 13779 V MSF.C.MSFCore[@DD]:                      tcpi_last_data_sent = 41730 ms 
03-13 09:49:31.837 13508 13779 V MSF.C.MSFCore[@DD]:                      tcpi_last_data_recv = 41690 ms 
03-13 09:49:31.960  9979 10353 V MSF.C.MSFCore[@PS]: [Event] MSFPacketStatistics.cpp(300)::DoCheckRequestTimeout->current rtts:32.284
03-13 09:49:32.289 13508 13775 V MSF.C.MSFCore[@PS]: [Event] MSFPacketStatistics.cpp(300)::DoCheckRequestTimeout->current rtts:20.178
03-13 09:49:32.969  9979 10353 V MSF.C.MSFCore[@PS]: [Event] MSFPacketStatistics.cpp(300)::DoCheckRequestTimeout->current rtts:32.284
03-13 09:49:33.293 13508 13775 V MSF.C.MSFCore[@PS]: [Event] MSFPacketStatistics.cpp(300)::DoCheckRequestTimeout->current rtts:20.178
03-13 09:49:33.980  9979 10353 V MSF.C.MSFCore[@PS]: [Event] MSFPacketStatistics.cpp(300)::DoCheckRequestTimeout->current rtts:32.284
03-13 09:49:34.300 13508 13775 V MSF.C.MSFCore[@PS]: [Event] MSFPacketStatistics.cpp(300)::DoCheckRequestTimeout->current rtts:20.178
03-13 09:49:34.342  9979 10372 V MSF.C.MSFCore[@DD]: [Event] MSFDDNetworkEngine.cpp(179)::onTcpInfoUpdate->onTcpInfoUpdate:
03-13 09:49:34.342  9979 10372 V MSF.C.MSFCore[@DD]:                      tcpi_state = 1;
03-13 09:49:34.342  9979 10372 V MSF.C.MSFCore[@DD]:                      tcpi_ca_state = 0;
03-13 09:49:34.342  9979 10372 V MSF.C.MSFCore[@DD]:                      tcpi_rto = 240 ms;
03-13 09:49:34.342  9979 10372 V MSF.C.MSFCore[@DD]:                      tcpi_unacked = 0;
03-13 09:49:34.342  9979 10372 V MSF.C.MSFCore[@DD]:                      tcpi_rttcur = 33 ms;
03-13 09:49:34.342  9979 10372 V MSF.C.MSFCore[@DD]:                      tcpi_rttvar = 3 ms;
03-13 09:49:34.342  9979 10372 V MSF.C.MSFCore[@DD]:                      tcpi_bytes_retrans = 0 bytes;
03-13 09:49:34.342  9979 10372 V MSF.C.MSFCore[@DD]:                      tcpi_notsent_bytes = 0 bytes;
03-13 09:49:34.342  9979 10372 V MSF.C.MSFCore[@DD]:                      tcpi_bytes_received = 31207 bytes;
03-13 09:49:34.342  9979 10372 V MSF.C.MSFCore[@DD]:                      tcpi_bytes_sent = 0 bytes 
03-13 09:49:34.342  9979 10372 V MSF.C.MSFCore[@DD]:                      tcpi_last_data_sent = 55520 ms 
03-13 09:49:34.342  9979 10372 V MSF.C.MSFCore[@DD]:                      tcpi_last_data_recv = 55490 ms 
03-13 09:49:34.830 13508 13758 I NTKernel: [I] thread_group_general.cc(720)::OnThreadMonitorTimer [XpngThreadPool]->Task deque number, fast_num=0 slow_num=0
03-13 09:49:34.860 13508 13779 V MSF.C.MSFCore[@DD]: [Event] MSFDDNetworkEngine.cpp(179)::onTcpInfoUpdate->onTcpInfoUpdate:
03-13 09:49:34.860 13508 13779 V MSF.C.MSFCore[@DD]:                      tcpi_state = 1;
03-13 09:49:34.860 13508 13779 V MSF.C.MSFCore[@DD]:                      tcpi_ca_state = 0;
03-13 09:49:34.860 13508 13779 V MSF.C.MSFCore[@DD]:                      tcpi_rto = 240 ms;
03-13 09:49:34.860 13508 13779 V MSF.C.MSFCore[@DD]:                      tcpi_unacked = 0;
03-13 09:49:34.860 13508 13779 V MSF.C.MSFCore[@DD]:                      tcpi_rttcur = 31 ms;
03-13 09:49:34.860 13508 13779 V MSF.C.MSFCore[@DD]:                      tcpi_rttvar = 3 ms;
03-13 09:49:34.860 13508 13779 V MSF.C.MSFCore[@DD]:                      tcpi_bytes_retrans = 0 bytes;
03-13 09:49:34.860 13508 13779 V MSF.C.MSFCore[@DD]:                      tcpi_notsent_bytes = 0 bytes;
03-13 09:49:34.860 13508 13779 V MSF.C.MSFCore[@DD]:                      tcpi_bytes_received = 19002 bytes;
03-13 09:49:34.860 13508 13779 V MSF.C.MSFCore[@DD]:                      tcpi_bytes_sent = 0 bytes 
03-13 09:49:34.860 13508 13779 V MSF.C.MSFCore[@DD]:                      tcpi_last_data_sent = 44760 ms 
03-13 09:49:34.860 13508 13779 V MSF.C.MSFCore[@DD]:                      tcpi_last_data_recv = 44720 ms 
03-13 09:49:34.877  9979 10351 I NTKernel: [I] thread_group_general.cc(720)::OnThreadMonitorTimer [XpngThreadPool]->Task deque number, fast_num=0 slow_num=0
03-13 09:49:34.984  9979 10353 V MSF.C.MSFCore[@PS]: [Event] MSFPacketStatistics.cpp(300)::DoCheckRequestTimeout->current rtts:32.284
03-13 09:49:35.310 13508 13775 V MSF.C.MSFCore[@PS]: [Event] MSFPacketStatistics.cpp(300)::DoCheckRequestTimeout->current rtts:20.178
03-13 09:49:35.993  9979 10353 V MSF.C.MSFCore[@PS]: [Event] MSFPacketStatistics.cpp(300)::DoCheckRequestTimeout->current rtts:32.284
03-13 09:49:36.320 13508 13775 V MSF.C.MSFCore[@PS]: [Event] MSFPacketStatistics.cpp(300)::DoCheckRequestTimeout->current rtts:20.178
03-13 09:49:36.793  9979 10229 D MSF.C.DeepSleepDetector: [run] count after++: 107
03-13 09:49:36.997  9979 10353 V MSF.C.MSFCore[@PS]: [Event] MSFPacketStatistics.cpp(300)::DoCheckRequestTimeout->current rtts:32.284
03-13 09:49:37.329 13508 13775 V MSF.C.MSFCore[@PS]: [Event] MSFPacketStatistics.cpp(300)::DoCheckRequestTimeout->current rtts:20.178
03-13 09:49:37.355  9979 10372 V MSF.C.MSFCore[@DD]: [Event] MSFDDNetworkEngine.cpp(179)::onTcpInfoUpdate->onTcpInfoUpdate:
03-13 09:49:37.355  9979 10372 V MSF.C.MSFCore[@DD]:                      tcpi_state = 1;
03-13 09:49:37.355  9979 10372 V MSF.C.MSFCore[@DD]:                      tcpi_ca_state = 0;
03-13 09:49:37.355  9979 10372 V MSF.C.MSFCore[@DD]:                      tcpi_rto = 240 ms;
03-13 09:49:37.355  9979 10372 V MSF.C.MSFCore[@DD]:                      tcpi_unacked = 0;
03-13 09:49:37.355  9979 10372 V MSF.C.MSFCore[@DD]:                      tcpi_rttcur = 33 ms;
03-13 09:49:37.355  9979 10372 V MSF.C.MSFCore[@DD]:                      tcpi_rttvar = 3 ms;
03-13 09:49:37.355  9979 10372 V MSF.C.MSFCore[@DD]:                      tcpi_bytes_retrans = 0 bytes;
03-13 09:49:37.355  9979 10372 V MSF.C.MSFCore[@DD]:                      tcpi_notsent_bytes = 0 bytes;
03-13 09:49:37.355  9979 10372 V MSF.C.MSFCore[@DD]:                      tcpi_bytes_received = 31207 bytes;
03-13 09:49:37.355  9979 10372 V MSF.C.MSFCore[@DD]:                      tcpi_bytes_sent = 0 bytes 
03-13 09:49:37.355  9979 10372 V MSF.C.MSFCore[@DD]:                      tcpi_last_data_sent = 58530 ms 
03-13 09:49:37.355  9979 10372 V MSF.C.MSFCore[@DD]:                      tcpi_last_data_recv = 58500 ms 
03-13 09:49:37.867 13508 13779 V MSF.C.MSFCore[@DD]: [Event] MSFDDNetworkEngine.cpp(179)::onTcpInfoUpdate->onTcpInfoUpdate:
03-13 09:49:37.867 13508 13779 V MSF.C.MSFCore[@DD]:                      tcpi_state = 1;
03-13 09:49:37.867 13508 13779 V MSF.C.MSFCore[@DD]:                      tcpi_ca_state = 0;
03-13 09:49:37.867 13508 13779 V MSF.C.MSFCore[@DD]:                      tcpi_rto = 240 ms;
03-13 09:49:37.867 13508 13779 V MSF.C.MSFCore[@DD]:                      tcpi_unacked = 0;
03-13 09:49:37.867 13508 13779 V MSF.C.MSFCore[@DD]:                      tcpi_rttcur = 31 ms;
03-13 09:49:37.867 13508 13779 V MSF.C.MSFCore[@DD]:                      tcpi_rttvar = 3 ms;
03-13 09:49:37.867 13508 13779 V MSF.C.MSFCore[@DD]:                      tcpi_bytes_retrans = 0 bytes;
03-13 09:49:37.867 13508 13779 V MSF.C.MSFCore[@DD]:                      tcpi_notsent_bytes = 0 bytes;
03-13 09:49:37.867 13508 13779 V MSF.C.MSFCore[@DD]:                      tcpi_bytes_received = 19002 bytes;
03-13 09:49:37.867 13508 13779 V MSF.C.MSFCore[@DD]:                      tcpi_bytes_sent = 0 bytes 
03-13 09:49:37.867 13508 13779 V MSF.C.MSFCore[@DD]:                      tcpi_last_data_sent = 47760 ms 
03-13 09:49:37.867 13508 13779 V MSF.C.MSFCore[@DD]:                      tcpi_last_data_recv = 47720 ms 
03-13 09:49:38.003  9979 10353 V MSF.C.MSFCore[@PS]: [Event] MSFPacketStatistics.cpp(300)::DoCheckRequestTimeout->current rtts:32.284
03-13 09:49:38.333 13508 13775 V MSF.C.MSFCore[@PS]: [Event] MSFPacketStatistics.cpp(300)::DoCheckRequestTimeout->current rtts:20.178
03-13 09:49:38.502 21503 21657 D TAB.TabMonitorGroup: monitorGroup is null or content is empty!
03-13 09:49:38.502 21503 21657 D TAB.MonitorAggregator: reportMonitorGroup: metricsReportParams is empty and ignore!
03-13 09:49:39.005  9979 10353 V MSF.C.MSFCore[@PS]: [Event] MSFPacketStatistics.cpp(300)::DoCheckRequestTimeout->current rtts:32.284
03-13 09:49:39.046 24204 24449 I ReactNativeJS: '清洁道具检查:', 4, 3
03-13 09:49:39.047 24204 24449 I ReactNativeJS: '可用道具:', [ { key: 'soap',
03-13 09:49:39.047 24204 24449 I ReactNativeJS:     price: 15,
03-13 09:49:39.047 24204 24449 I ReactNativeJS:     name: '🧼 肥皂',
03-13 09:49:39.047 24204 24449 I ReactNativeJS:     effect: '清洁度+20',
03-13 09:49:39.047 24204 24449 I ReactNativeJS:     hunger: 0,
03-13 09:49:39.047 24204 24449 I ReactNativeJS:     happiness: 0,
03-13 09:49:39.047 24204 24449 I ReactNativeJS:     energy: 0,
03-13 09:49:39.047 24204 24449 I ReactNativeJS:     cleanliness: 20,
03-13 09:49:39.047 24204 24449 I ReactNativeJS:     count: 4,
03-13 09:49:39.047 24204 24449 I ReactNativeJS:     icon: '🧼' },
03-13 09:49:39.047 24204 24449 I ReactNativeJS:   { key: 'shampoo',
03-13 09:49:39.047 24204 24449 I ReactNativeJS:     price: 35,
03-13 09:49:39.047 24204 24449 I ReactNativeJS:     name: '🧴 沐浴露',
03-13 09:49:39.047 24204 24449 I ReactNativeJS:     effect: '清洁度+30 快乐度+5',
03-13 09:49:39.047 24204 24449 I ReactNativeJS:     hunger: 0,
03-13 09:49:39.047 24204 24449 I ReactNativeJS:     happiness: 5,
03-13 09:49:39.047 24204 24449 I ReactNativeJS:     energy: 0,
03-13 09:49:39.047 24204 24449 I ReactNativeJS:     cleanliness: 30,
03-13 09:49:39.047 24204 24449 I ReactNativeJS:     count: 3,
03-13 09:49:39.047 24204 24449 I ReactNativeJS:     icon: '🧴' } ]
03-13 09:49:39.342 13508 13775 V MSF.C.MSFCore[@PS]: [Event] MSFPacketStatistics.cpp(300)::DoCheckRequestTimeout->current rtts:20.178
03-13 09:49:40.009  9979 10353 V MSF.C.MSFCore[@PS]: [Event] MSFPacketStatistics.cpp(300)::DoCheckRequestTimeout->current rtts:32.284
03-13 09:49:40.349 13508 13775 V MSF.C.MSFCore[@PS]: [Event] MSFPacketStatistics.cpp(300)::DoCheckRequestTimeout->current rtts:20.178
03-13 09:49:40.370  9979 10372 V MSF.C.MSFCore[@DD]: [Event] MSFDDNetworkEngine.cpp(179)::onTcpInfoUpdate->onTcpInfoUpdate:
03-13 09:49:40.370  9979 10372 V MSF.C.MSFCore[@DD]:                      tcpi_state = 1;
03-13 09:49:40.370  9979 10372 V MSF.C.MSFCore[@DD]:                      tcpi_ca_state = 0;
03-13 09:49:40.370  9979 10372 V MSF.C.MSFCore[@DD]:                      tcpi_rto = 240 ms;
03-13 09:49:40.370  9979 10372 V MSF.C.MSFCore[@DD]:                      tcpi_unacked = 0;
03-13 09:49:40.370  9979 10372 V MSF.C.MSFCore[@DD]:                      tcpi_rttcur = 33 ms;
03-13 09:49:40.370  9979 10372 V MSF.C.MSFCore[@DD]:                      tcpi_rttvar = 3 ms;
03-13 09:49:40.370  9979 10372 V MSF.C.MSFCore[@DD]:                      tcpi_bytes_retrans = 0 bytes;
03-13 09:49:40.370  9979 10372 V MSF.C.MSFCore[@DD]:                      tcpi_notsent_bytes = 0 bytes;
03-13 09:49:40.370  9979 10372 V MSF.C.MSFCore[@DD]:                      tcpi_bytes_received = 31207 bytes;
03-13 09:49:40.370  9979 10372 V MSF.C.MSFCore[@DD]:                      tcpi_bytes_sent = 0 bytes 
03-13 09:49:40.370  9979 10372 V MSF.C.MSFCore[@DD]:                      tcpi_last_data_sent = 61550 ms 
03-13 09:49:40.370  9979 10372 V MSF.C.MSFCore[@DD]:                      tcpi_last_data_recv = 61520 ms 
03-13 09:49:40.882 13508 13779 V MSF.C.MSFCore[@DD]: [Event] MSFDDNetworkEngine.cpp(179)::onTcpInfoUpdate->onTcpInfoUpdate:
03-13 09:49:40.882 13508 13779 V MSF.C.MSFCore[@DD]:                      tcpi_state = 1;
03-13 09:49:40.882 13508 13779 V MSF.C.MSFCore[@DD]:                      tcpi_ca_state = 0;
03-13 09:49:40.882 13508 13779 V MSF.C.MSFCore[@DD]:                      tcpi_rto = 240 ms;
03-13 09:49:40.882 13508 13779 V MSF.C.MSFCore[@DD]:                      tcpi_unacked = 0;
03-13 09:49:40.882 13508 13779 V MSF.C.MSFCore[@DD]:                      tcpi_rttcur = 31 ms;
03-13 09:49:40.882 13508 13779 V MSF.C.MSFCore[@DD]:                      tcpi_rttvar = 3 ms;
03-13 09:49:40.882 13508 13779 V MSF.C.MSFCore[@DD]:                      tcpi_bytes_retrans = 0 bytes;
03-13 09:49:40.882 13508 13779 V MSF.C.MSFCore[@DD]:                      tcpi_notsent_bytes = 0 bytes;
03-13 09:49:40.882 13508 13779 V MSF.C.MSFCore[@DD]:                      tcpi_bytes_received = 19002 bytes;
03-13 09:49:40.882 13508 13779 V MSF.C.MSFCore[@DD]:                      tcpi_bytes_sent = 0 bytes 
03-13 09:49:40.882 13508 13779 V MSF.C.MSFCore[@DD]:                      tcpi_last_data_sent = 50780 ms 
03-13 09:49:40.882 13508 13779 V MSF.C.MSFCore[@DD]:                      tcpi_last_data_recv = 50740 ms 
03-13 09:49:41.015  9979 10353 V MSF.C.MSFCore[@PS]: [Event] MSFPacketStatistics.cpp(300)::DoCheckRequestTimeout->current rtts:32.284
03-13 09:49:41.359 13508 13775 V MSF.C.MSFCore[@PS]: [Event] MSFPacketStatistics.cpp(300)::DoCheckRequestTimeout->current rtts:20.178
03-13 09:49:41.565 21503 21632 I NTKernel: [I] thread_group_general.cc(720)::OnThreadMonitorTimer [XpngThreadPool]->Task deque number, fast_num=0 slow_num=0
03-13 09:49:42.017  9979 10353 V MSF.C.MSFCore[@PS]: [Event] MSFPacketStatistics.cpp(300)::DoCheckRequestTimeout->current rtts:32.284
03-13 09:49:42.370 13508 13775 V MSF.C.MSFCore[@PS]: [Event] MSFPacketStatistics.cpp(300)::DoCheckRequestTimeout->current rtts:20.178
03-13 09:49:43.027  9979 10353 V MSF.C.MSFCore[@PS]: [Event] MSFPacketStatistics.cpp(300)::DoCheckRequestTimeout->current rtts:32.284
03-13 09:49:43.380 13508 13775 V MSF.C.MSFCore[@PS]: [Event] MSFPacketStatistics.cpp(300)::DoCheckRequestTimeout->current rtts:20.178
03-13 09:49:43.400  9979 10372 V MSF.C.MSFCore[@DD]: [Event] MSFDDNetworkEngine.cpp(179)::onTcpInfoUpdate->onTcpInfoUpdate:
03-13 09:49:43.400  9979 10372 V MSF.C.MSFCore[@DD]:                      tcpi_state = 1;
03-13 09:49:43.400  9979 10372 V MSF.C.MSFCore[@DD]:                      tcpi_ca_state = 0;
03-13 09:49:43.400  9979 10372 V MSF.C.MSFCore[@DD]:                      tcpi_rto = 240 ms;
03-13 09:49:43.400  9979 10372 V MSF.C.MSFCore[@DD]:                      tcpi_unacked = 0;
03-13 09:49:43.400  9979 10372 V MSF.C.MSFCore[@DD]:                      tcpi_rttcur = 33 ms;
03-13 09:49:43.400  9979 10372 V MSF.C.MSFCore[@DD]:                      tcpi_rttvar = 3 ms;
03-13 09:49:43.400  9979 10372 V MSF.C.MSFCore[@DD]:                      tcpi_bytes_retrans = 0 bytes;
03-13 09:49:43.400  9979 10372 V MSF.C.MSFCore[@DD]:                      tcpi_notsent_bytes = 0 bytes;
03-13 09:49:43.400  9979 10372 V MSF.C.MSFCore[@DD]:                      tcpi_bytes_received = 31207 bytes;
03-13 09:49:43.400  9979 10372 V MSF.C.MSFCore[@DD]:                      tcpi_bytes_sent = 0 bytes 
03-13 09:49:43.400  9979 10372 V MSF.C.MSFCore[@DD]:                      tcpi_last_data_sent = 64580 ms 
03-13 09:49:43.400  9979 10372 V MSF.C.MSFCore[@DD]:                      tcpi_last_data_recv = 64550 ms 
03-13 09:49:43.900 13508 13779 V MSF.C.MSFCore[@DD]: [Event] MSFDDNetworkEngine.cpp(179)::onTcpInfoUpdate->onTcpInfoUpdate:
03-13 09:49:43.900 13508 13779 V MSF.C.MSFCore[@DD]:                      tcpi_state = 1;
03-13 09:49:43.900 13508 13779 V MSF.C.MSFCore[@DD]:                      tcpi_ca_state = 0;
03-13 09:49:43.900 13508 13779 V MSF.C.MSFCore[@DD]:                      tcpi_rto = 240 ms;
03-13 09:49:43.900 13508 13779 V MSF.C.MSFCore[@DD]:                      tcpi_unacked = 0;
03-13 09:49:43.900 13508 13779 V MSF.C.MSFCore[@DD]:                      tcpi_rttcur = 31 ms;
03-13 09:49:43.900 13508 13779 V MSF.C.MSFCore[@DD]:                      tcpi_rttvar = 3 ms;
03-13 09:49:43.900 13508 13779 V MSF.C.MSFCore[@DD]:                      tcpi_bytes_retrans = 0 bytes;
03-13 09:49:43.900 13508 13779 V MSF.C.MSFCore[@DD]:                      tcpi_notsent_bytes = 0 bytes;
03-13 09:49:43.900 13508 13779 V MSF.C.MSFCore[@DD]:                      tcpi_bytes_received = 19002 bytes;
03-13 09:49:43.900 13508 13779 V MSF.C.MSFCore[@DD]:                      tcpi_bytes_sent = 0 bytes 
03-13 09:49:43.900 13508 13779 V MSF.C.MSFCore[@DD]:                      tcpi_last_data_sent = 53800 ms 
03-13 09:49:43.900 13508 13779 V MSF.C.MSFCore[@DD]:                      tcpi_last_data_recv = 53760 ms 
03-13 09:49:44.030  9979 10353 V MSF.C.MSFCore[@PS]: [Event] MSFPacketStatistics.cpp(300)::DoCheckRequestTimeout->current rtts:32.284
03-13 09:49:44.390 13508 13775 V MSF.C.MSFCore[@PS]: [Event] MSFPacketStatistics.cpp(300)::DoCheckRequestTimeout->current rtts:20.178
03-13 09:49:45.033  9979 10353 V MSF.C.MSFCore[@PS]: [Event] MSFPacketStatistics.cpp(300)::DoCheckRequestTimeout->current rtts:32.284
03-13 09:49:45.400 13508 13775 V MSF.C.MSFCore[@PS]: [Event] MSFPacketStatistics.cpp(300)::DoCheckRequestTimeout->current rtts:20.178
03-13 09:49:46.034  9979 10353 V MSF.C.MSFCore[@PS]: [Event] MSFPacketStatistics.cpp(300)::DoCheckRequestTimeout->current rtts:32.284
03-13 09:49:46.410 13508 13775 V MSF.C.MSFCore[@PS]: [Event] MSFPacketStatistics.cpp(300)::DoCheckRequestTimeout->current rtts:20.178
03-13 09:49:46.421  9979 10372 V MSF.C.MSFCore[@DD]: [Event] MSFDDNetworkEngine.cpp(179)::onTcpInfoUpdate->onTcpInfoUpdate:
03-13 09:49:46.421  9979 10372 V MSF.C.MSFCore[@DD]:                      tcpi_state = 1;
03-13 09:49:46.421  9979 10372 V MSF.C.MSFCore[@DD]:                      tcpi_ca_state = 0;
03-13 09:49:46.421  9979 10372 V MSF.C.MSFCore[@DD]:                      tcpi_rto = 240 ms;
03-13 09:49:46.421  9979 10372 V MSF.C.MSFCore[@DD]:                      tcpi_unacked = 0;
03-13 09:49:46.421  9979 10372 V MSF.C.MSFCore[@DD]:                      tcpi_rttcur = 33 ms;
03-13 09:49:46.421  9979 10372 V MSF.C.MSFCore[@DD]:                      tcpi_rttvar = 3 ms;
03-13 09:49:46.421  9979 10372 V MSF.C.MSFCore[@DD]:                      tcpi_bytes_retrans = 0 bytes;
03-13 09:49:46.421  9979 10372 V MSF.C.MSFCore[@DD]:                      tcpi_notsent_bytes = 0 bytes;
03-13 09:49:46.421  9979 10372 V MSF.C.MSFCore[@DD]:                      tcpi_bytes_received = 31207 bytes;
03-13 09:49:46.421  9979 10372 V MSF.C.MSFCore[@DD]:                      tcpi_bytes_sent = 0 bytes 
03-13 09:49:46.421  9979 10372 V MSF.C.MSFCore[@DD]:                      tcpi_last_data_sent = 67600 ms 
03-13 09:49:46.421  9979 10372 V MSF.C.MSFCore[@DD]:                      tcpi_last_data_recv = 67570 ms 
03-13 09:49:46.915 13508 13779 V MSF.C.MSFCore[@DD]: [Event] MSFDDNetworkEngine.cpp(179)::onTcpInfoUpdate->onTcpInfoUpdate:
03-13 09:49:46.915 13508 13779 V MSF.C.MSFCore[@DD]:                      tcpi_state = 1;
03-13 09:49:46.915 13508 13779 V MSF.C.MSFCore[@DD]:                      tcpi_ca_state = 0;
03-13 09:49:46.915 13508 13779 V MSF.C.MSFCore[@DD]:                      tcpi_rto = 240 ms;
03-13 09:49:46.915 13508 13779 V MSF.C.MSFCore[@DD]:                      tcpi_unacked = 0;
03-13 09:49:46.915 13508 13779 V MSF.C.MSFCore[@DD]:                      tcpi_rttcur = 31 ms;
03-13 09:49:46.915 13508 13779 V MSF.C.MSFCore[@DD]:                      tcpi_rttvar = 3 ms;
03-13 09:49:46.915 13508 13779 V MSF.C.MSFCore[@DD]:                      tcpi_bytes_retrans = 0 bytes;
03-13 09:49:46.915 13508 13779 V MSF.C.MSFCore[@DD]:                      tcpi_notsent_bytes = 0 bytes;
03-13 09:49:46.915 13508 13779 V MSF.C.MSFCore[@DD]:                      tcpi_bytes_received = 19002 bytes;
03-13 09:49:46.915 13508 13779 V MSF.C.MSFCore[@DD]:                      tcpi_bytes_sent = 0 bytes 
03-13 09:49:46.915 13508 13779 V MSF.C.MSFCore[@DD]:                      tcpi_last_data_sent = 56810 ms 
03-13 09:49:46.915 13508 13779 V MSF.C.MSFCore[@DD]:                      tcpi_last_data_recv = 56770 ms 
03-13 09:49:47.044  9979 10353 V MSF.C.MSFCore[@PS]: [Event] MSFPacketStatistics.cpp(300)::DoCheckRequestTimeout->current rtts:32.284
03-13 09:49:47.420 13508 13775 V MSF.C.MSFCore[@PS]: [Event] MSFPacketStatistics.cpp(300)::DoCheckRequestTimeout->current rtts:20.178
03-13 09:49:48.049  9979 10353 V MSF.C.MSFCore[@PS]: [Event] MSFPacketStatistics.cpp(300)::DoCheckRequestTimeout->current rtts:32.284
03-13 09:49:48.429 13508 13775 V MSF.C.MSFCore[@PS]: [Event] MSFPacketStatistics.cpp(300)::DoCheckRequestTimeout->current rtts:20.178
03-13 09:49:49.060  9979 10353 V MSF.C.MSFCore[@PS]: [Event] MSFPacketStatistics.cpp(300)::DoCheckRequestTimeout->current rtts:32.284
03-13 09:49:49.440 13508 13775 V MSF.C.MSFCore[@PS]: [Event] MSFPacketStatistics.cpp(300)::DoCheckRequestTimeout->current rtts:20.178
03-13 09:49:49.440  9979 10372 V MSF.C.MSFCore[@DD]: [Event] MSFDDNetworkEngine.cpp(179)::onTcpInfoUpdate->onTcpInfoUpdate:
03-13 09:49:49.440  9979 10372 V MSF.C.MSFCore[@DD]:                      tcpi_state = 1;
03-13 09:49:49.440  9979 10372 V MSF.C.MSFCore[@DD]:                      tcpi_ca_state = 0;
03-13 09:49:49.440  9979 10372 V MSF.C.MSFCore[@DD]:                      tcpi_rto = 240 ms;
03-13 09:49:49.440  9979 10372 V MSF.C.MSFCore[@DD]:                      tcpi_unacked = 0;
03-13 09:49:49.440  9979 10372 V MSF.C.MSFCore[@DD]:                      tcpi_rttcur = 33 ms;
03-13 09:49:49.440  9979 10372 V MSF.C.MSFCore[@DD]:                      tcpi_rttvar = 3 ms;
03-13 09:49:49.440  9979 10372 V MSF.C.MSFCore[@DD]:                      tcpi_bytes_retrans = 0 bytes;
03-13 09:49:49.440  9979 10372 V MSF.C.MSFCore[@DD]:                      tcpi_notsent_bytes = 0 bytes;
03-13 09:49:49.440  9979 10372 V MSF.C.MSFCore[@DD]:                      tcpi_bytes_received = 31207 bytes;
03-13 09:49:49.440  9979 10372 V MSF.C.MSFCore[@DD]:                      tcpi_bytes_sent = 0 bytes 
03-13 09:49:49.440  9979 10372 V MSF.C.MSFCore[@DD]:                      tcpi_last_data_sent = 70620 ms 
03-13 09:49:49.440  9979 10372 V MSF.C.MSFCore[@DD]:                      tcpi_last_data_recv = 70590 ms 
03-13 09:49:49.929 13508 13779 V MSF.C.MSFCore[@DD]: [Event] MSFDDNetworkEngine.cpp(179)::onTcpInfoUpdate->onTcpInfoUpdate:
03-13 09:49:49.929 13508 13779 V MSF.C.MSFCore[@DD]:                      tcpi_state = 1;
03-13 09:49:49.929 13508 13779 V MSF.C.MSFCore[@DD]:                      tcpi_ca_state = 0;
03-13 09:49:49.929 13508 13779 V MSF.C.MSFCore[@DD]:                      tcpi_rto = 240 ms;
03-13 09:49:49.929 13508 13779 V MSF.C.MSFCore[@DD]:                      tcpi_unacked = 0;
03-13 09:49:49.929 13508 13779 V MSF.C.MSFCore[@DD]:                      tcpi_rttcur = 31 ms;
03-13 09:49:49.929 13508 13779 V MSF.C.MSFCore[@DD]:                      tcpi_rttvar = 3 ms;
03-13 09:49:49.929 13508 13779 V MSF.C.MSFCore[@DD]:                      tcpi_bytes_retrans = 0 bytes;
03-13 09:49:49.929 13508 13779 V MSF.C.MSFCore[@DD]:                      tcpi_notsent_bytes = 0 bytes;
03-13 09:49:49.929 13508 13779 V MSF.C.MSFCore[@DD]:                      tcpi_bytes_received = 19002 bytes;
03-13 09:49:49.929 13508 13779 V MSF.C.MSFCore[@DD]:                      tcpi_bytes_sent = 0 bytes 
03-13 09:49:49.929 13508 13779 V MSF.C.MSFCore[@DD]:                      tcpi_last_data_sent = 59830 ms 
03-13 09:49:49.929 13508 13779 V MSF.C.MSFCore[@DD]:                      tcpi_last_data_recv = 59790 ms 
03-13 09:49:50.066  9979 10353 V MSF.C.MSFCore[@PS]: [Event] MSFPacketStatistics.cpp(300)::DoCheckRequestTimeout->current rtts:32.284
03-13 09:49:50.450 13508 13775 V MSF.C.MSFCore[@PS]: [Event] MSFPacketStatistics.cpp(300)::DoCheckRequestTimeout->current rtts:20.178
03-13 09:49:51.070  9979 10353 V MSF.C.MSFCore[@PS]: [Event] MSFPacketStatistics.cpp(300)::DoCheckRequestTimeout->current rtts:32.284
03-13 09:49:51.451 13508 13775 V MSF.C.MSFCore[@PS]: [Event] MSFPacketStatistics.cpp(300)::DoCheckRequestTimeout->current rtts:20.178
03-13 09:49:52.080  9979 10353 V MSF.C.MSFCore[@PS]: [Event] MSFPacketStatistics.cpp(300)::DoCheckRequestTimeout->current rtts:32.284
03-13 09:49:52.461 13508 13775 V MSF.C.MSFCore[@PS]: [Event] MSFPacketStatistics.cpp(300)::DoCheckRequestTimeout->current rtts:20.178
03-13 09:49:52.465  9979 10372 V MSF.C.MSFCore[@DD]: [Event] MSFDDNetworkEngine.cpp(179)::onTcpInfoUpdate->onTcpInfoUpdate:
03-13 09:49:52.465  9979 10372 V MSF.C.MSFCore[@DD]:                      tcpi_state = 1;
03-13 09:49:52.465  9979 10372 V MSF.C.MSFCore[@DD]:                      tcpi_ca_state = 0;
03-13 09:49:52.465  9979 10372 V MSF.C.MSFCore[@DD]:                      tcpi_rto = 240 ms;
03-13 09:49:52.465  9979 10372 V MSF.C.MSFCore[@DD]:                      tcpi_unacked = 0;
03-13 09:49:52.465  9979 10372 V MSF.C.MSFCore[@DD]:                      tcpi_rttcur = 33 ms;
03-13 09:49:52.465  9979 10372 V MSF.C.MSFCore[@DD]:                      tcpi_rttvar = 3 ms;
03-13 09:49:52.465  9979 10372 V MSF.C.MSFCore[@DD]:                      tcpi_bytes_retrans = 0 bytes;
03-13 09:49:52.465  9979 10372 V MSF.C.MSFCore[@DD]:                      tcpi_notsent_bytes = 0 bytes;
03-13 09:49:52.465  9979 10372 V MSF.C.MSFCore[@DD]:                      tcpi_bytes_received = 31207 bytes;
03-13 09:49:52.465  9979 10372 V MSF.C.MSFCore[@DD]:                      tcpi_bytes_sent = 0 bytes 
03-13 09:49:52.465  9979 10372 V MSF.C.MSFCore[@DD]:                      tcpi_last_data_sent = 73640 ms 
03-13 09:49:52.465  9979 10372 V MSF.C.MSFCore[@DD]:                      tcpi_last_data_recv = 73610 ms 
03-13 09:49:52.954 13508 13779 V MSF.C.MSFCore[@DD]: [Event] MSFDDNetworkEngine.cpp(179)::onTcpInfoUpdate->onTcpInfoUpdate:
03-13 09:49:52.954 13508 13779 V MSF.C.MSFCore[@DD]:                      tcpi_state = 1;
03-13 09:49:52.954 13508 13779 V MSF.C.MSFCore[@DD]:                      tcpi_ca_state = 0;
03-13 09:49:52.954 13508 13779 V MSF.C.MSFCore[@DD]:                      tcpi_rto = 240 ms;
03-13 09:49:52.954 13508 13779 V MSF.C.MSFCore[@DD]:                      tcpi_unacked = 0;
03-13 09:49:52.954 13508 13779 V MSF.C.MSFCore[@DD]:                      tcpi_rttcur = 31 ms;
03-13 09:49:52.954 13508 13779 V MSF.C.MSFCore[@DD]:                      tcpi_rttvar = 3 ms;
03-13 09:49:52.954 13508 13779 V MSF.C.MSFCore[@DD]:                      tcpi_bytes_retrans = 0 bytes;
03-13 09:49:52.954 13508 13779 V MSF.C.MSFCore[@DD]:                      tcpi_notsent_bytes = 0 bytes;
03-13 09:49:52.954 13508 13779 V MSF.C.MSFCore[@DD]:                      tcpi_bytes_received = 19002 bytes;
03-13 09:49:52.954 13508 13779 V MSF.C.MSFCore[@DD]:                      tcpi_bytes_sent = 0 bytes 
03-13 09:49:52.954 13508 13779 V MSF.C.MSFCore[@DD]:                      tcpi_last_data_sent = 62850 ms 
03-13 09:49:52.954 13508 13779 V MSF.C.MSFCore[@DD]:                      tcpi_last_data_recv = 62810 ms 
03-13 09:49:53.082  9979 10353 V MSF.C.MSFCore[@PS]: [Event] MSFPacketStatistics.cpp(300)::DoCheckRequestTimeout->current rtts:32.284
03-13 09:49:53.469 13508 13775 V MSF.C.MSFCore[@PS]: [Event] MSFPacketStatistics.cpp(300)::DoCheckRequestTimeout->current rtts:20.178
03-13 09:49:54.044 24204 24449 I ReactNativeJS: '清洁道具检查:', 4, 3
03-13 09:49:54.045 24204 24449 I ReactNativeJS: '可用道具:', [ { key: 'soap',
03-13 09:49:54.045 24204 24449 I ReactNativeJS:     price: 15,
03-13 09:49:54.045 24204 24449 I ReactNativeJS:     name: '🧼 肥皂',
03-13 09:49:54.045 24204 24449 I ReactNativeJS:     effect: '清洁度+20',
03-13 09:49:54.045 24204 24449 I ReactNativeJS:     hunger: 0,
03-13 09:49:54.045 24204 24449 I ReactNativeJS:     happiness: 0,
03-13 09:49:54.045 24204 24449 I ReactNativeJS:     energy: 0,
03-13 09:49:54.045 24204 24449 I ReactNativeJS:     cleanliness: 20,
03-13 09:49:54.045 24204 24449 I ReactNativeJS:     count: 4,
03-13 09:49:54.045 24204 24449 I ReactNativeJS:     icon: '🧼' },
03-13 09:49:54.045 24204 24449 I ReactNativeJS:   { key: 'shampoo',
03-13 09:49:54.045 24204 24449 I ReactNativeJS:     price: 35,
03-13 09:49:54.045 24204 24449 I ReactNativeJS:     name: '🧴 沐浴露',
03-13 09:49:54.045 24204 24449 I ReactNativeJS:     effect: '清洁度+30 快乐度+5',
03-13 09:49:54.045 24204 24449 I ReactNativeJS:     hunger: 0,
03-13 09:49:54.045 24204 24449 I ReactNativeJS:     happiness: 5,
03-13 09:49:54.045 24204 24449 I ReactNativeJS:     energy: 0,
03-13 09:49:54.045 24204 24449 I ReactNativeJS:     cleanliness: 30,
03-13 09:49:54.045 24204 24449 I ReactNativeJS:     count: 3,
03-13 09:49:54.045 24204 24449 I ReactNativeJS:     icon: '🧴' } ]
03-13 09:49:54.092  9979 10353 V MSF.C.MSFCore[@PS]: [Event] MSFPacketStatistics.cpp(300)::DoCheckRequestTimeout->current rtts:32.284
03-13 09:49:54.472 13508 13775 V MSF.C.MSFCore[@PS]: [Event] MSFPacketStatistics.cpp(300)::DoCheckRequestTimeout->current rtts:20.178
03-13 09:49:55.103  9979 10353 V MSF.C.MSFCore[@PS]: [Event] MSFPacketStatistics.cpp(300)::DoCheckRequestTimeout->current rtts:32.284
03-13 09:49:55.480 13508 13775 V MSF.C.MSFCore[@PS]: [Event] MSFPacketStatistics.cpp(300)::DoCheckRequestTimeout->current rtts:20.178
03-13 09:49:55.481  9979 10372 V MSF.C.MSFCore[@DD]: [Event] MSFDDNetworkEngine.cpp(179)::onTcpInfoUpdate->onTcpInfoUpdate:
03-13 09:49:55.481  9979 10372 V MSF.C.MSFCore[@DD]:                      tcpi_state = 1;
03-13 09:49:55.481  9979 10372 V MSF.C.MSFCore[@DD]:                      tcpi_ca_state = 0;
03-13 09:49:55.481  9979 10372 V MSF.C.MSFCore[@DD]:                      tcpi_rto = 240 ms;
03-13 09:49:55.481  9979 10372 V MSF.C.MSFCore[@DD]:                      tcpi_unacked = 0;
03-13 09:49:55.481  9979 10372 V MSF.C.MSFCore[@DD]:                      tcpi_rttcur = 33 ms;
03-13 09:49:55.481  9979 10372 V MSF.C.MSFCore[@DD]:                      tcpi_rttvar = 3 ms;
03-13 09:49:55.481  9979 10372 V MSF.C.MSFCore[@DD]:                      tcpi_bytes_retrans = 0 bytes;
03-13 09:49:55.481  9979 10372 V MSF.C.MSFCore[@DD]:                      tcpi_notsent_bytes = 0 bytes;
03-13 09:49:55.481  9979 10372 V MSF.C.MSFCore[@DD]:                      tcpi_bytes_received = 31207 bytes;
03-13 09:49:55.481  9979 10372 V MSF.C.MSFCore[@DD]:                      tcpi_bytes_sent = 0 bytes 
03-13 09:49:55.481  9979 10372 V MSF.C.MSFCore[@DD]:                      tcpi_last_data_sent = 76660 ms 
03-13 09:49:55.481  9979 10372 V MSF.C.MSFCore[@DD]:                      tcpi_last_data_recv = 76630 ms 
03-13 09:49:55.980 13508 13779 V MSF.C.MSFCore[@DD]: [Event] MSFDDNetworkEngine.cpp(179)::onTcpInfoUpdate->onTcpInfoUpdate:
03-13 09:49:55.980 13508 13779 V MSF.C.MSFCore[@DD]:                      tcpi_state = 1;
03-13 09:49:55.980 13508 13779 V MSF.C.MSFCore[@DD]:                      tcpi_ca_state = 0;
03-13 09:49:55.980 13508 13779 V MSF.C.MSFCore[@DD]:                      tcpi_rto = 240 ms;
03-13 09:49:55.980 13508 13779 V MSF.C.MSFCore[@DD]:                      tcpi_unacked = 0;
03-13 09:49:55.980 13508 13779 V MSF.C.MSFCore[@DD]:                      tcpi_rttcur = 31 ms;
03-13 09:49:55.980 13508 13779 V MSF.C.MSFCore[@DD]:                      tcpi_rttvar = 3 ms;
03-13 09:49:55.980 13508 13779 V MSF.C.MSFCore[@DD]:                      tcpi_bytes_retrans = 0 bytes;
03-13 09:49:55.980 13508 13779 V MSF.C.MSFCore[@DD]:                      tcpi_notsent_bytes = 0 bytes;
03-13 09:49:55.980 13508 13779 V MSF.C.MSFCore[@DD]:                      tcpi_bytes_received = 19002 bytes;
03-13 09:49:55.980 13508 13779 V MSF.C.MSFCore[@DD]:                      tcpi_bytes_sent = 0 bytes 
03-13 09:49:55.980 13508 13779 V MSF.C.MSFCore[@DD]:                      tcpi_last_data_sent = 65880 ms 
03-13 09:49:55.980 13508 13779 V MSF.C.MSFCore[@DD]:                      tcpi_last_data_recv = 65840 ms 
03-13 09:49:56.003 13508 13718 D MSF.C.DeepSleepDetector: [run] count after++: 107
03-13 09:49:56.111  9979 10353 V MSF.C.MSFCore[@PS]: [Event] MSFPacketStatistics.cpp(300)::DoCheckRequestTimeout->current rtts:32.284
03-13 09:49:56.482 13508 13775 V MSF.C.MSFCore[@PS]: [Event] MSFPacketStatistics.cpp(300)::DoCheckRequestTimeout->current rtts:20.178
03-13 09:49:57.121  9979 10353 V MSF.C.MSFCore[@PS]: [Event] MSFPacketStatistics.cpp(300)::DoCheckRequestTimeout->current rtts:32.284
03-13 09:49:57.483 13508 13775 V MSF.C.MSFCore[@PS]: [Event] MSFPacketStatistics.cpp(300)::DoCheckRequestTimeout->current rtts:20.178
03-13 09:49:58.122  9979 10353 V MSF.C.MSFCore[@PS]: [Event] MSFPacketStatistics.cpp(300)::DoCheckRequestTimeout->current rtts:32.284
03-13 09:49:58.489 13508 13775 V MSF.C.MSFCore[@PS]: [Event] MSFPacketStatistics.cpp(300)::DoCheckRequestTimeout->current rtts:20.178
03-13 09:49:58.510  9979 10372 V MSF.C.MSFCore[@DD]: [Event] MSFDDNetworkEngine.cpp(179)::onTcpInfoUpdate->onTcpInfoUpdate:
03-13 09:49:58.510  9979 10372 V MSF.C.MSFCore[@DD]:                      tcpi_state = 1;
03-13 09:49:58.510  9979 10372 V MSF.C.MSFCore[@DD]:                      tcpi_ca_state = 0;
03-13 09:49:58.510  9979 10372 V MSF.C.MSFCore[@DD]:                      tcpi_rto = 240 ms;
03-13 09:49:58.510  9979 10372 V MSF.C.MSFCore[@DD]:                      tcpi_unacked = 0;
03-13 09:49:58.510  9979 10372 V MSF.C.MSFCore[@DD]:                      tcpi_rttcur = 33 ms;
03-13 09:49:58.510  9979 10372 V MSF.C.MSFCore[@DD]:                      tcpi_rttvar = 3 ms;
03-13 09:49:58.510  9979 10372 V MSF.C.MSFCore[@DD]:                      tcpi_bytes_retrans = 0 bytes;
03-13 09:49:58.510  9979 10372 V MSF.C.MSFCore[@DD]:                      tcpi_notsent_bytes = 0 bytes;
03-13 09:49:58.510  9979 10372 V MSF.C.MSFCore[@DD]:                      tcpi_bytes_received = 31207 bytes;
03-13 09:49:58.510  9979 10372 V MSF.C.MSFCore[@DD]:                      tcpi_bytes_sent = 0 bytes 
03-13 09:49:58.510  9979 10372 V MSF.C.MSFCore[@DD]:                      tcpi_last_data_sent = 79690 ms 
03-13 09:49:58.510  9979 10372 V MSF.C.MSFCore[@DD]:                      tcpi_last_data_recv = 79660 ms 
03-13 09:49:58.989 13508 13779 V MSF.C.MSFCore[@DD]: [Event] MSFDDNetworkEngine.cpp(179)::onTcpInfoUpdate->onTcpInfoUpdate:
03-13 09:49:58.989 13508 13779 V MSF.C.MSFCore[@DD]:                      tcpi_state = 1;
03-13 09:49:58.989 13508 13779 V MSF.C.MSFCore[@DD]:                      tcpi_ca_state = 0;
03-13 09:49:58.989 13508 13779 V MSF.C.MSFCore[@DD]:                      tcpi_rto = 240 ms;
03-13 09:49:58.989 13508 13779 V MSF.C.MSFCore[@DD]:                      tcpi_unacked = 0;
03-13 09:49:58.989 13508 13779 V MSF.C.MSFCore[@DD]:                      tcpi_rttcur = 31 ms;
03-13 09:49:58.989 13508 13779 V MSF.C.MSFCore[@DD]:                      tcpi_rttvar = 3 ms;
03-13 09:49:58.989 13508 13779 V MSF.C.MSFCore[@DD]:                      tcpi_bytes_retrans = 0 bytes;
03-13 09:49:58.989 13508 13779 V MSF.C.MSFCore[@DD]:                      tcpi_notsent_bytes = 0 bytes;
03-13 09:49:58.989 13508 13779 V MSF.C.MSFCore[@DD]:                      tcpi_bytes_received = 19002 bytes;
